Archive member included to satisfy reference by file (symbol)

d:/clion/gcc-arm-none-eabi-10.3-2021.10/bin/../lib/gcc/arm-none-eabi/10.3.1/thumb/v7-m/nofp\libgcc.a(unwind-arm.o)
                              CMakeFiles/Template.elf.dir/User/Src/led.cpp.obj (__aeabi_unwind_cpp_pr0)
d:/clion/gcc-arm-none-eabi-10.3-2021.10/bin/../lib/gcc/arm-none-eabi/10.3.1/thumb/v7-m/nofp\libgcc.a(libunwind.o)
                              d:/clion/gcc-arm-none-eabi-10.3-2021.10/bin/../lib/gcc/arm-none-eabi/10.3.1/thumb/v7-m/nofp\libgcc.a(unwind-arm.o) (restore_core_regs)
d:/clion/gcc-arm-none-eabi-10.3-2021.10/bin/../lib/gcc/arm-none-eabi/10.3.1/thumb/v7-m/nofp\libgcc.a(pr-support.o)
                              d:/clion/gcc-arm-none-eabi-10.3-2021.10/bin/../lib/gcc/arm-none-eabi/10.3.1/thumb/v7-m/nofp\libgcc.a(unwind-arm.o) (__gnu_unwind_execute)
d:/clion/gcc-arm-none-eabi-10.3-2021.10/bin/../lib/gcc/arm-none-eabi/10.3.1/../../../../arm-none-eabi/lib/thumb/v7-m/nofp\libg.a(lib_a-abort.o)
                              d:/clion/gcc-arm-none-eabi-10.3-2021.10/bin/../lib/gcc/arm-none-eabi/10.3.1/thumb/v7-m/nofp\libgcc.a(unwind-arm.o) (abort)
d:/clion/gcc-arm-none-eabi-10.3-2021.10/bin/../lib/gcc/arm-none-eabi/10.3.1/../../../../arm-none-eabi/lib/thumb/v7-m/nofp\libg.a(lib_a-errno.o)
                              CMakeFiles/Template.elf.dir/Core/Src/retarget.c.obj (__errno)
d:/clion/gcc-arm-none-eabi-10.3-2021.10/bin/../lib/gcc/arm-none-eabi/10.3.1/../../../../arm-none-eabi/lib/thumb/v7-m/nofp\libg.a(lib_a-exit.o)
                              d:/clion/gcc-arm-none-eabi-10.3-2021.10/bin/../lib/gcc/arm-none-eabi/10.3.1/../../../../arm-none-eabi/lib/thumb/v7-m/nofp/crt0.o (exit)
d:/clion/gcc-arm-none-eabi-10.3-2021.10/bin/../lib/gcc/arm-none-eabi/10.3.1/../../../../arm-none-eabi/lib/thumb/v7-m/nofp\libg.a(lib_a-impure.o)
                              d:/clion/gcc-arm-none-eabi-10.3-2021.10/bin/../lib/gcc/arm-none-eabi/10.3.1/../../../../arm-none-eabi/lib/thumb/v7-m/nofp\libg.a(lib_a-exit.o) (_global_impure_ptr)
d:/clion/gcc-arm-none-eabi-10.3-2021.10/bin/../lib/gcc/arm-none-eabi/10.3.1/../../../../arm-none-eabi/lib/thumb/v7-m/nofp\libg.a(lib_a-init.o)
                              d:/clion/gcc-arm-none-eabi-10.3-2021.10/bin/../lib/gcc/arm-none-eabi/10.3.1/../../../../arm-none-eabi/lib/thumb/v7-m/nofp/crt0.o (__libc_init_array)
d:/clion/gcc-arm-none-eabi-10.3-2021.10/bin/../lib/gcc/arm-none-eabi/10.3.1/../../../../arm-none-eabi/lib/thumb/v7-m/nofp\libg.a(lib_a-memcpy.o)
                              d:/clion/gcc-arm-none-eabi-10.3-2021.10/bin/../lib/gcc/arm-none-eabi/10.3.1/thumb/v7-m/nofp\libgcc.a(unwind-arm.o) (memcpy)
d:/clion/gcc-arm-none-eabi-10.3-2021.10/bin/../lib/gcc/arm-none-eabi/10.3.1/../../../../arm-none-eabi/lib/thumb/v7-m/nofp\libg.a(lib_a-memset.o)
                              d:/clion/gcc-arm-none-eabi-10.3-2021.10/bin/../lib/gcc/arm-none-eabi/10.3.1/../../../../arm-none-eabi/lib/thumb/v7-m/nofp/crt0.o (memset)
d:/clion/gcc-arm-none-eabi-10.3-2021.10/bin/../lib/gcc/arm-none-eabi/10.3.1/../../../../arm-none-eabi/lib/thumb/v7-m/nofp\libg.a(lib_a-setvbuf.o)
                              CMakeFiles/Template.elf.dir/Core/Src/retarget.c.obj (setvbuf)
d:/clion/gcc-arm-none-eabi-10.3-2021.10/bin/../lib/gcc/arm-none-eabi/10.3.1/../../../../arm-none-eabi/lib/thumb/v7-m/nofp\libg.a(lib_a-signal.o)
                              d:/clion/gcc-arm-none-eabi-10.3-2021.10/bin/../lib/gcc/arm-none-eabi/10.3.1/../../../../arm-none-eabi/lib/thumb/v7-m/nofp\libg.a(lib_a-abort.o) (raise)
d:/clion/gcc-arm-none-eabi-10.3-2021.10/bin/../lib/gcc/arm-none-eabi/10.3.1/../../../../arm-none-eabi/lib/thumb/v7-m/nofp\libg.a(lib_a-signalr.o)
                              d:/clion/gcc-arm-none-eabi-10.3-2021.10/bin/../lib/gcc/arm-none-eabi/10.3.1/../../../../arm-none-eabi/lib/thumb/v7-m/nofp\libg.a(lib_a-signal.o) (_kill_r)
d:/clion/gcc-arm-none-eabi-10.3-2021.10/bin/../lib/gcc/arm-none-eabi/10.3.1/../../../../arm-none-eabi/lib/thumb/v7-m/nofp\libg.a(lib_a-__call_atexit.o)
                              d:/clion/gcc-arm-none-eabi-10.3-2021.10/bin/../lib/gcc/arm-none-eabi/10.3.1/../../../../arm-none-eabi/lib/thumb/v7-m/nofp\libg.a(lib_a-exit.o) (__call_exitprocs)
d:/clion/gcc-arm-none-eabi-10.3-2021.10/bin/../lib/gcc/arm-none-eabi/10.3.1/../../../../arm-none-eabi/lib/thumb/v7-m/nofp\libg.a(lib_a-atexit.o)
                              d:/clion/gcc-arm-none-eabi-10.3-2021.10/bin/../lib/gcc/arm-none-eabi/10.3.1/../../../../arm-none-eabi/lib/thumb/v7-m/nofp\libg.a(lib_a-__call_atexit.o) (atexit)
d:/clion/gcc-arm-none-eabi-10.3-2021.10/bin/../lib/gcc/arm-none-eabi/10.3.1/../../../../arm-none-eabi/lib/thumb/v7-m/nofp\libg.a(lib_a-fflush.o)
                              d:/clion/gcc-arm-none-eabi-10.3-2021.10/bin/../lib/gcc/arm-none-eabi/10.3.1/../../../../arm-none-eabi/lib/thumb/v7-m/nofp\libg.a(lib_a-setvbuf.o) (_fflush_r)
[...]
Memory Configuration

Name             Origin             Length             Attributes
RAM              0x20000000         0x0000c000         xrw
FLASH            0x08000000         0x00040000         xr
*default*        0x00000000         0xffffffff

Linker script and memory map

LOAD d:/clion/gcc-arm-none-eabi-10.3-2021.10/bin/../lib/gcc/arm-none-eabi/10.3.1/thumb/v7-m/nofp/crti.o
LOAD d:/clion/gcc-arm-none-eabi-10.3-2021.10/bin/../lib/gcc/arm-none-eabi/10.3.1/thumb/v7-m/nofp/crtbegin.o
LOAD d:/clion/gcc-arm-none-eabi-10.3-2021.10/bin/../lib/gcc/arm-none-eabi/10.3.1/../../../../arm-none-eabi/lib/thumb/v7-m/nofp/crt0.o
LOAD CMakeFiles/Template.elf.dir/Core/Src/main.c.obj
LOAD CMakeFiles/Template.elf.dir/Core/Src/retarget.c.obj
LOAD CMakeFiles/Template.elf.dir/Core/Src/stm32f1xx_hal_msp.c.obj
LOAD CMakeFiles/Template.elf.dir/Core/Src/stm32f1xx_it.c.obj
LOAD CMakeFiles/Template.elf.dir/Core/Src/syscalls.c.obj
LOAD CMakeFiles/Template.elf.dir/Core/Src/system_stm32f1xx.c.obj
LOAD CMakeFiles/Template.elf.dir/Drivers/STM32F1xx_HAL_Driver/Src/stm32f1xx_hal.c.obj
LOAD CMakeFiles/Template.elf.dir/Drivers/STM32F1xx_HAL_Driver/Src/stm32f1xx_hal_cortex.c.obj
LOAD CMakeFiles/Template.elf.dir/Drivers/STM32F1xx_HAL_Driver/Src/stm32f1xx_hal_dma.c.obj
LOAD CMakeFiles/Template.elf.dir/Drivers/STM32F1xx_HAL_Driver/Src/stm32f1xx_hal_exti.c.obj
LOAD CMakeFiles/Template.elf.dir/Drivers/STM32F1xx_HAL_Driver/Src/stm32f1xx_hal_flash.c.obj
LOAD CMakeFiles/Template.elf.dir/Drivers/STM32F1xx_HAL_Driver/Src/stm32f1xx_hal_flash_ex.c.obj
LOAD CMakeFiles/Template.elf.dir/Drivers/STM32F1xx_HAL_Driver/Src/stm32f1xx_hal_gpio.c.obj
LOAD CMakeFiles/Template.elf.dir/Drivers/STM32F1xx_HAL_Driver/Src/stm32f1xx_hal_gpio_ex.c.obj
LOAD CMakeFiles/Template.elf.dir/Drivers/STM32F1xx_HAL_Driver/Src/stm32f1xx_hal_pwr.c.obj
LOAD CMakeFiles/Template.elf.dir/Drivers/STM32F1xx_HAL_Driver/Src/stm32f1xx_hal_rcc.c.obj
LOAD CMakeFiles/Template.elf.dir/Drivers/STM32F1xx_HAL_Driver/Src/stm32f1xx_hal_rcc_ex.c.obj
LOAD CMakeFiles/Template.elf.dir/Drivers/STM32F1xx_HAL_Driver/Src/stm32f1xx_hal_tim.c.obj
LOAD CMakeFiles/Template.elf.dir/Drivers/STM32F1xx_HAL_Driver/Src/stm32f1xx_hal_tim_ex.c.obj
LOAD CMakeFiles/Template.elf.dir/Drivers/STM32F1xx_HAL_Driver/Src/stm32f1xx_hal_uart.c.obj
LOAD CMakeFiles/Template.elf.dir/User/Src/led.cpp.obj
LOAD CMakeFiles/Template.elf.dir/User/Src/mymain.cpp.obj
LOAD CMakeFiles/Template.elf.dir/startup/startup_stm32f103xe.s.obj
LOAD d:/clion/gcc-arm-none-eabi-10.3-2021.10/bin/../lib/gcc/arm-none-eabi/10.3.1/../../../../arm-none-eabi/lib/thumb/v7-m/nofp\libstdc++.a
LOAD d:/clion/gcc-arm-none-eabi-10.3-2021.10/bin/../lib/gcc/arm-none-eabi/10.3.1/../../../../arm-none-eabi/lib/thumb/v7-m/nofp\libm.a
START GROUP
LOAD d:/clion/gcc-arm-none-eabi-10.3-2021.10/bin/../lib/gcc/arm-none-eabi/10.3.1/thumb/v7-m/nofp\libgcc.a
LOAD d:/clion/gcc-arm-none-eabi-10.3-2021.10/bin/../lib/gcc/arm-none-eabi/10.3.1/../../../../arm-none-eabi/lib/thumb/v7-m/nofp\libg.a
LOAD d:/clion/gcc-arm-none-eabi-10.3-2021.10/bin/../lib/gcc/arm-none-eabi/10.3.1/../../../../arm-none-eabi/lib/thumb/v7-m/nofp\libc.a
END GROUP
LOAD d:/clion/gcc-arm-none-eabi-10.3-2021.10/bin/../lib/gcc/arm-none-eabi/10.3.1/thumb/v7-m/nofp/crtend.o
LOAD d:/clion/gcc-arm-none-eabi-10.3-2021.10/bin/../lib/gcc/arm-none-eabi/10.3.1/thumb/v7-m/nofp/crtn.o
                0x2000c000                _estack = 0x2000c000
                0x00000200                _Min_Heap_Size = 0x200
                0x00000400                _Min_Stack_Size = 0x400

.isr_vector     0x08000000      0x1e4
                0x08000000                . = ALIGN (0x4)
 *(.isr_vector)
 .isr_vector    0x08000000      0x1e4 CMakeFiles/Template.elf.dir/startup/startup_stm32f103xe.s.obj
                0x08000000                g_pfnVectors
                0x080001e4                . = ALIGN (0x4)

.text           0x080001e4      0xf60
                0x080001e4                . = ALIGN (0x4)
 *(.text)
 .text          0x080001e4       0x40 d:/clion/gcc-arm-none-eabi-10.3-2021.10/bin/../lib/gcc/arm-none-eabi/10.3.1/thumb/v7-m/nofp/crtbegin.o
 *(.text*)
 .text.MX_GPIO_Init
                0x08000224       0x74 CMakeFiles/Template.elf.dir/Core/Src/main.c.obj
 .text.Error_Handler
                0x08000298        0x4 CMakeFiles/Template.elf.dir/Core/Src/main.c.obj
                0x08000298                Error_Handler
 .text.MX_USART1_UART_Init
                0x0800029c       0x34 CMakeFiles/Template.elf.dir/Core/Src/main.c.obj
 .text.SystemClock_Config
                0x080002d0       0x64 CMakeFiles/Template.elf.dir/Core/Src/main.c.obj
                0x080002d0                SystemClock_Config
 .text.main     0x08000334       0x14 CMakeFiles/Template.elf.dir/Core/Src/main.c.obj
                0x08000334                main
 .text.HAL_MspInit
                0x08000348       0x44 CMakeFiles/Template.elf.dir/Core/Src/stm32f1xx_hal_msp.c.obj
                0x08000348                HAL_MspInit
 .text.HAL_UART_MspInit
                0x0800038c       0x78 CMakeFiles/Template.elf.dir/Core/Src/stm32f1xx_hal_msp.c.obj
                0x0800038c                HAL_UART_MspInit
 .text.NMI_Handler
                0x08000404        0x2 CMakeFiles/Template.elf.dir/Core/Src/stm32f1xx_it.c.obj
                0x08000404                NMI_Handler
 .text.HardFault_Handler
                0x08000406        0x2 CMakeFiles/Template.elf.dir/Core/Src/stm32f1xx_it.c.obj
                0x08000406                HardFault_Handler
 .text.MemManage_Handler
                0x08000408        0x2 CMakeFiles/Template.elf.dir/Core/Src/stm32f1xx_it.c.obj
                0x08000408                MemManage_Handler
 .text.BusFault_Handler
                0x0800040a        0x2 CMakeFiles/Template.elf.dir/Core/Src/stm32f1xx_it.c.obj
                0x0800040a                BusFault_Handler
 .text.UsageFault_Handler
                0x0800040c        0x2 CMakeFiles/Template.elf.dir/Core/Src/stm32f1xx_it.c.obj
                0x0800040c                UsageFault_Handler
 .text.SVC_Handler
                0x0800040e        0x2 CMakeFiles/Template.elf.dir/Core/Src/stm32f1xx_it.c.obj
                0x0800040e                SVC_Handler
 .text.DebugMon_Handler
                0x08000410        0x2 CMakeFiles/Template.elf.dir/Core/Src/stm32f1xx_it.c.obj
                0x08000410                DebugMon_Handler
 .text.PendSV_Handler
                0x08000412        0x2 CMakeFiles/Template.elf.dir/Core/Src/stm32f1xx_it.c.obj
                0x08000412                PendSV_Handler
 .text.SysTick_Handler
                0x08000414        0x8 CMakeFiles/Template.elf.dir/Core/Src/stm32f1xx_it.c.obj
                0x08000414                SysTick_Handler
 .text.SystemInit
                0x0800041c        0x2 CMakeFiles/Template.elf.dir/Core/Src/system_stm32f1xx.c.obj
                0x0800041c                SystemInit
 *fill*         0x0800041e        0x2 
 .text.HAL_InitTick
                0x08000420       0x4c CMakeFiles/Template.elf.dir/Drivers/STM32F1xx_HAL_Driver/Src/stm32f1xx_hal.c.obj
                0x08000420                HAL_InitTick
 .text.HAL_Init
                0x0800046c       0x24 CMakeFiles/Template.elf.dir/Drivers/STM32F1xx_HAL_Driver/Src/stm32f1xx_hal.c.obj
                0x0800046c                HAL_Init
 .text.HAL_IncTick
                0x08000490       0x18 CMakeFiles/Template.elf.dir/Drivers/STM32F1xx_HAL_Driver/Src/stm32f1xx_hal.c.obj
                0x08000490                HAL_IncTick
 .text.HAL_GetTick
                0x080004a8        0xc CMakeFiles/Template.elf.dir/Drivers/STM32F1xx_HAL_Driver/Src/stm32f1xx_hal.c.obj
                0x080004a8                HAL_GetTick
 .text.HAL_NVIC_SetPriorityGrouping
                0x080004b4       0x24 CMakeFiles/Template.elf.dir/Drivers/STM32F1xx_HAL_Driver/Src/stm32f1xx_hal_cortex.c.obj
                0x080004b4                HAL_NVIC_SetPriorityGrouping
 .text.HAL_NVIC_SetPriority
                0x080004d8       0x70 CMakeFiles/Template.elf.dir/Drivers/STM32F1xx_HAL_Driver/Src/stm32f1xx_hal_cortex.c.obj
                0x080004d8                HAL_NVIC_SetPriority
 .text.HAL_SYSTICK_Config
                0x08000548       0x28 CMakeFiles/Template.elf.dir/Drivers/STM32F1xx_HAL_Driver/Src/stm32f1xx_hal_cortex.c.obj
                0x08000548                HAL_SYSTICK_Config
 .text.HAL_GPIO_Init
                0x08000570      0x240 CMakeFiles/Template.elf.dir/Drivers/STM32F1xx_HAL_Driver/Src/stm32f1xx_hal_gpio.c.obj
                0x08000570                HAL_GPIO_Init
 .text.HAL_GPIO_WritePin
                0x080007b0        0xc CMakeFiles/Template.elf.dir/Drivers/STM32F1xx_HAL_Driver/Src/stm32f1xx_hal_gpio.c.obj
                0x080007b0                HAL_GPIO_WritePin
 .text.RCC_Delay
                0x080007bc       0x2c CMakeFiles/Template.elf.dir/Drivers/STM32F1xx_HAL_Driver/Src/stm32f1xx_hal_rcc.c.obj
 .text.HAL_RCC_OscConfig
                0x080007e8      0x410 CMakeFiles/Template.elf.dir/Drivers/STM32F1xx_HAL_Driver/Src/stm32f1xx_hal_rcc.c.obj
                0x080007e8                HAL_RCC_OscConfig
 .text.HAL_RCC_GetSysClockFreq
                0x08000bf8       0x70 CMakeFiles/Template.elf.dir/Drivers/STM32F1xx_HAL_Driver/Src/stm32f1xx_hal_rcc.c.obj
                0x08000bf8                HAL_RCC_GetSysClockFreq
 .text.HAL_RCC_ClockConfig
                0x08000c68      0x16c CMakeFiles/Template.elf.dir/Drivers/STM32F1xx_HAL_Driver/Src/stm32f1xx_hal_rcc.c.obj
                0x08000c68                HAL_RCC_ClockConfig
 .text.HAL_RCC_GetHCLKFreq
                0x08000dd4        0xc CMakeFiles/Template.elf.dir/Drivers/STM32F1xx_HAL_Driver/Src/stm32f1xx_hal_rcc.c.obj
                0x08000dd4                HAL_RCC_GetHCLKFreq
 .text.HAL_RCC_GetPCLK1Freq
                0x08000de0       0x20 CMakeFiles/Template.elf.dir/Drivers/STM32F1xx_HAL_Driver/Src/stm32f1xx_hal_rcc.c.obj
                0x08000de0                HAL_RCC_GetPCLK1Freq
 .text.HAL_RCC_GetPCLK2Freq
                0x08000e00       0x20 CMakeFiles/Template.elf.dir/Drivers/STM32F1xx_HAL_Driver/Src/stm32f1xx_hal_rcc.c.obj
                0x08000e00                HAL_RCC_GetPCLK2Freq
 .text.UART_SetConfig
                0x08000e20       0x94 CMakeFiles/Template.elf.dir/Drivers/STM32F1xx_HAL_Driver/Src/stm32f1xx_hal_uart.c.obj
 .text.HAL_UART_Init
                0x08000eb4       0x5e CMakeFiles/Template.elf.dir/Drivers/STM32F1xx_HAL_Driver/Src/stm32f1xx_hal_uart.c.obj
                0x08000eb4                HAL_UART_Init
 *fill*         0x08000f12        0x2 
 .text.Reset_Handler
                0x08000f14       0x48 CMakeFiles/Template.elf.dir/startup/startup_stm32f103xe.s.obj
                0x08000f14                Reset_Handler
 .text.Default_Handler
                0x08000f5c        0x2 CMakeFiles/Template.elf.dir/startup/startup_stm32f103xe.s.obj
                0x08000f5c                RTC_Alarm_IRQHandler
                0x08000f5c                EXTI2_IRQHandler
                0x08000f5c                TIM8_TRG_COM_IRQHandler
                0x08000f5c                TIM8_CC_IRQHandler
                0x08000f5c                TIM1_CC_IRQHandler
                0x08000f5c                TIM6_IRQHandler
                0x08000f5c                PVD_IRQHandler
                0x08000f5c                SDIO_IRQHandler
                0x08000f5c                EXTI3_IRQHandler
                0x08000f5c                EXTI0_IRQHandler
                0x08000f5c                I2C2_EV_IRQHandler
                0x08000f5c                ADC1_2_IRQHandler
                0x08000f5c                SPI1_IRQHandler
                0x08000f5c                TAMPER_IRQHandler
                0x08000f5c                TIM8_UP_IRQHandler
                0x08000f5c                DMA2_Channel2_IRQHandler
                0x08000f5c                DMA1_Channel4_IRQHandler
                0x08000f5c                USART3_IRQHandler
                0x08000f5c                RTC_IRQHandler
                0x08000f5c                DMA1_Channel7_IRQHandler
                0x08000f5c                CAN1_RX1_IRQHandler
                0x08000f5c                UART5_IRQHandler
                0x08000f5c                ADC3_IRQHandler
                0x08000f5c                TIM4_IRQHandler
                0x08000f5c                DMA2_Channel1_IRQHandler
                0x08000f5c                I2C1_EV_IRQHandler
                0x08000f5c                DMA1_Channel6_IRQHandler
                0x08000f5c                UART4_IRQHandler
                0x08000f5c                TIM3_IRQHandler
                0x08000f5c                RCC_IRQHandler
                0x08000f5c                TIM1_TRG_COM_IRQHandler
                0x08000f5c                DMA1_Channel1_IRQHandler
                0x08000f5c                Default_Handler
                0x08000f5c                EXTI15_10_IRQHandler
                0x08000f5c                TIM7_IRQHandler
                0x08000f5c                TIM5_IRQHandler
                0x08000f5c                EXTI9_5_IRQHandler
                0x08000f5c                SPI2_IRQHandler
                0x08000f5c                DMA1_Channel5_IRQHandler
                0x08000f5c                EXTI4_IRQHandler
                0x08000f5c                USB_LP_CAN1_RX0_IRQHandler
                0x08000f5c                USB_HP_CAN1_TX_IRQHandler
                0x08000f5c                DMA1_Channel3_IRQHandler
                0x08000f5c                FSMC_IRQHandler
                0x08000f5c                TIM1_UP_IRQHandler
                0x08000f5c                WWDG_IRQHandler
                0x08000f5c                TIM2_IRQHandler
                0x08000f5c                TIM1_BRK_IRQHandler
                0x08000f5c                EXTI1_IRQHandler
                0x08000f5c                DMA2_Channel4_5_IRQHandler
                0x08000f5c                USART2_IRQHandler
                0x08000f5c                I2C2_ER_IRQHandler
                0x08000f5c                DMA1_Channel2_IRQHandler
                0x08000f5c                TIM8_BRK_IRQHandler
                0x08000f5c                CAN1_SCE_IRQHandler
                0x08000f5c                FLASH_IRQHandler
                0x08000f5c                USART1_IRQHandler
                0x08000f5c                SPI3_IRQHandler
                0x08000f5c                I2C1_ER_IRQHandler
                0x08000f5c                USBWakeUp_IRQHandler
                0x08000f5c                DMA2_Channel3_IRQHandler
 *fill*         0x08000f5e        0x2 
 .text.__libc_init_array
                0x08000f60       0x48 d:/clion/gcc-arm-none-eabi-10.3-2021.10/bin/../lib/gcc/arm-none-eabi/10.3.1/../../../../arm-none-eabi/lib/thumb/v7-m/nofp\libg.a(lib_a-init.o)
                0x08000f60                __libc_init_array
 .text.memset   0x08000fa8       0xa4 d:/clion/gcc-arm-none-eabi-10.3-2021.10/bin/../lib/gcc/arm-none-eabi/10.3.1/../../../../arm-none-eabi/lib/thumb/v7-m/nofp\libg.a(lib_a-memset.o)
                0x08000fa8                memset
 .text.startup.register_fini
                0x0800104c       0x14 d:/clion/gcc-arm-none-eabi-10.3-2021.10/bin/../lib/gcc/arm-none-eabi/10.3.1/../../../../arm-none-eabi/lib/thumb/v7-m/nofp\libg.a(lib_a-__call_atexit.o)
 .text.atexit   0x08001060        0xc d:/clion/gcc-arm-none-eabi-10.3-2021.10/bin/../lib/gcc/arm-none-eabi/10.3.1/../../../../arm-none-eabi/lib/thumb/v7-m/nofp\libg.a(lib_a-atexit.o)
                0x08001060                atexit
 .text.__libc_fini_array
                0x0800106c       0x2c d:/clion/gcc-arm-none-eabi-10.3-2021.10/bin/../lib/gcc/arm-none-eabi/10.3.1/../../../../arm-none-eabi/lib/thumb/v7-m/nofp\libg.a(lib_a-fini.o)
                0x0800106c                __libc_fini_array
 .text.__retarget_lock_acquire_recursive
                0x08001098        0x4 d:/clion/gcc-arm-none-eabi-10.3-2021.10/bin/../lib/gcc/arm-none-eabi/10.3.1/../../../../arm-none-eabi/lib/thumb/v7-m/nofp\libg.a(lib_a-lock.o)
                0x08001098                __retarget_lock_acquire_recursive
 .text.__retarget_lock_release_recursive
                0x0800109c        0x4 d:/clion/gcc-arm-none-eabi-10.3-2021.10/bin/../lib/gcc/arm-none-eabi/10.3.1/../../../../arm-none-eabi/lib/thumb/v7-m/nofp\libg.a(lib_a-lock.o)
                0x0800109c                __retarget_lock_release_recursive
 .text.__register_exitproc
                0x080010a0       0x8c d:/clion/gcc-arm-none-eabi-10.3-2021.10/bin/../lib/gcc/arm-none-eabi/10.3.1/../../../../arm-none-eabi/lib/thumb/v7-m/nofp\libg.a(lib_a-__atexit.o)
                0x080010a0                __register_exitproc
 *(.glue_7)
 .glue_7        0x0800112c        0x0 linker stubs
 *(.glue_7t)
 .glue_7t       0x0800112c        0x0 linker stubs
 *(.eh_frame)
 .eh_frame      0x0800112c        0x0 d:/clion/gcc-arm-none-eabi-10.3-2021.10/bin/../lib/gcc/arm-none-eabi/10.3.1/thumb/v7-m/nofp/crtbegin.o
 *(.init)
 .init          0x0800112c        0x4 d:/clion/gcc-arm-none-eabi-10.3-2021.10/bin/../lib/gcc/arm-none-eabi/10.3.1/thumb/v7-m/nofp/crti.o
                0x0800112c                _init
 .init          0x08001130        0x8 d:/clion/gcc-arm-none-eabi-10.3-2021.10/bin/../lib/gcc/arm-none-eabi/10.3.1/thumb/v7-m/nofp/crtn.o
 *(.fini)
 .fini          0x08001138        0x4 d:/clion/gcc-arm-none-eabi-10.3-2021.10/bin/../lib/gcc/arm-none-eabi/10.3.1/thumb/v7-m/nofp/crti.o
                0x08001138                _fini
 .fini          0x0800113c        0x8 d:/clion/gcc-arm-none-eabi-10.3-2021.10/bin/../lib/gcc/arm-none-eabi/10.3.1/thumb/v7-m/nofp/crtn.o
                0x08001144                . = ALIGN (0x4)
                0x08001144                _etext = .

.vfp11_veneer   0x08001144        0x0
 .vfp11_veneer  0x08001144        0x0 linker stubs

.v4_bx          0x08001144        0x0
 .v4_bx         0x08001144        0x0 linker stubs

.iplt           0x08001144        0x0
 .iplt          0x08001144        0x0 d:/clion/gcc-arm-none-eabi-10.3-2021.10/bin/../lib/gcc/arm-none-eabi/10.3.1/thumb/v7-m/nofp/crtbegin.o

.rodata         0x08001144       0x30
                0x08001144                . = ALIGN (0x4)
 *(.rodata)
 *(.rodata*)
 .rodata.AHBPrescTable
                0x08001144       0x10 CMakeFiles/Template.elf.dir/Core/Src/system_stm32f1xx.c.obj
                0x08001144                AHBPrescTable
 .rodata.APBPrescTable
                0x08001154        0x8 CMakeFiles/Template.elf.dir/Core/Src/system_stm32f1xx.c.obj
                0x08001154                APBPrescTable
 .rodata.HAL_RCC_GetSysClockFreq.str1.4
                0x0800115c       0x11 CMakeFiles/Template.elf.dir/Drivers/STM32F1xx_HAL_Driver/Src/stm32f1xx_hal_rcc.c.obj
 *fill*         0x0800116d        0x3 
 .rodata._global_impure_ptr
                0x08001170        0x4 d:/clion/gcc-arm-none-eabi-10.3-2021.10/bin/../lib/gcc/arm-none-eabi/10.3.1/../../../../arm-none-eabi/lib/thumb/v7-m/nofp\libg.a(lib_a-impure.o)
                0x08001170                _global_impure_ptr
                0x08001174                . = ALIGN (0x4)

.rel.dyn        0x08001174        0x0
 .rel.iplt      0x08001174        0x0 d:/clion/gcc-arm-none-eabi-10.3-2021.10/bin/../lib/gcc/arm-none-eabi/10.3.1/thumb/v7-m/nofp/crtbegin.o

.ARM.extab
 *(.ARM.extab* .gnu.linkonce.armextab.*)

.ARM            0x08001174        0x0
                0x08001174                __exidx_start = .
 *(.ARM.exidx*)
                0x08001174                __exidx_end = .

.preinit_array  0x08001174        0x0
                0x08001174                PROVIDE (__preinit_array_start = .)
 *(.preinit_array*)
                0x08001174                PROVIDE (__preinit_array_end = .)

.init_array     0x08001174        0x8
                0x08001174                PROVIDE (__init_array_start = .)
 *(SORT_BY_NAME(.init_array.*))
 .init_array.00000
                0x08001174        0x4 d:/clion/gcc-arm-none-eabi-10.3-2021.10/bin/../lib/gcc/arm-none-eabi/10.3.1/../../../../arm-none-eabi/lib/thumb/v7-m/nofp\libg.a(lib_a-__call_atexit.o)
 *(.init_array*)
 .init_array    0x08001178        0x4 d:/clion/gcc-arm-none-eabi-10.3-2021.10/bin/../lib/gcc/arm-none-eabi/10.3.1/thumb/v7-m/nofp/crtbegin.o
                0x0800117c                PROVIDE (__init_array_end = .)

.fini_array     0x0800117c        0x4
                0x0800117c                PROVIDE (__fini_array_start = .)
 *(SORT_BY_NAME(.fini_array.*))
 *(.fini_array*)
 .fini_array    0x0800117c        0x4 d:/clion/gcc-arm-none-eabi-10.3-2021.10/bin/../lib/gcc/arm-none-eabi/10.3.1/thumb/v7-m/nofp/crtbegin.o
                0x08001180                PROVIDE (__fini_array_end = .)
                0x08001180                _sidata = LOADADDR (.data)

.data           0x20000000      0x43c load address 0x08001180
                0x20000000                . = ALIGN (0x4)
                0x20000000                _sdata = .
 *(.data)
 *(.data*)
 .data.SystemCoreClock
                0x20000000        0x4 CMakeFiles/Template.elf.dir/Core/Src/system_stm32f1xx.c.obj
                0x20000000                SystemCoreClock
 .data.uwTickFreq
                0x20000004        0x1 CMakeFiles/Template.elf.dir/Drivers/STM32F1xx_HAL_Driver/Src/stm32f1xx_hal.c.obj
                0x20000004                uwTickFreq
 *fill*         0x20000005        0x3 
 .data.uwTickPrio
                0x20000008        0x4 CMakeFiles/Template.elf.dir/Drivers/STM32F1xx_HAL_Driver/Src/stm32f1xx_hal.c.obj
                0x20000008                uwTickPrio
 *fill*         0x2000000c        0x4 
 .data.impure_data
                0x20000010      0x428 d:/clion/gcc-arm-none-eabi-10.3-2021.10/bin/../lib/gcc/arm-none-eabi/10.3.1/../../../../arm-none-eabi/lib/thumb/v7-m/nofp\libg.a(lib_a-impure.o)
 .data.__atexit_recursive_mutex
                0x20000438        0x4 d:/clion/gcc-arm-none-eabi-10.3-2021.10/bin/../lib/gcc/arm-none-eabi/10.3.1/../../../../arm-none-eabi/lib/thumb/v7-m/nofp\libg.a(lib_a-__call_atexit.o)
                0x20000438                __atexit_recursive_mutex
                0x2000043c                . = ALIGN (0x4)
                0x2000043c                _edata = .

.igot.plt       0x2000043c        0x0 load address 0x080015bc
 .igot.plt      0x2000043c        0x0 d:/clion/gcc-arm-none-eabi-10.3-2021.10/bin/../lib/gcc/arm-none-eabi/10.3.1/thumb/v7-m/nofp/crtbegin.o
                0x2000043c                . = ALIGN (0x4)

.bss            0x2000043c       0x68 load address 0x080015bc
                0x2000043c                _sbss = .
                0x2000043c                __bss_start__ = _sbss
 *(.bss)
 .bss           0x2000043c       0x1c d:/clion/gcc-arm-none-eabi-10.3-2021.10/bin/../lib/gcc/arm-none-eabi/10.3.1/thumb/v7-m/nofp/crtbegin.o
 *(.bss*)
 .bss.huart1    0x20000458       0x44 CMakeFiles/Template.elf.dir/Core/Src/main.c.obj
                0x20000458                huart1
 .bss.uwTick    0x2000049c        0x4 CMakeFiles/Template.elf.dir/Drivers/STM32F1xx_HAL_Driver/Src/stm32f1xx_hal.c.obj
                0x2000049c                uwTick
 .bss.__lock___atexit_recursive_mutex
                0x200004a0        0x1 d:/clion/gcc-arm-none-eabi-10.3-2021.10/bin/../lib/gcc/arm-none-eabi/10.3.1/../../../../arm-none-eabi/lib/thumb/v7-m/nofp\libg.a(lib_a-lock.o)
                0x200004a0                __lock___atexit_recursive_mutex
 *(COMMON)
                0x200004a4                . = ALIGN (0x4)
 *fill*         0x200004a1        0x3 
                0x200004a4                _ebss = .
                0x200004a4                __bss_end__ = _ebss

._user_heap_stack
                0x200004a4      0x604 load address 0x080015bc
                0x200004a8                . = ALIGN (0x8)
 *fill*         0x200004a4        0x4 
                0x200004a8                PROVIDE (end = .)
                [!provide]                PROVIDE (_end = .)
                0x200006a8                . = (. + _Min_Heap_Size)
 *fill*         0x200004a8      0x200 
                0x20000aa8                . = (. + _Min_Stack_Size)
 *fill*         0x200006a8      0x400 
                0x20000aa8                . = ALIGN (0x8)

/DISCARD/
 libc.a(*)
 libm.a(*)
 libgcc.a(*)

.ARM.attributes
                0x00000000       0x29
 *(.ARM.attributes)
 .ARM.attributes
                0x00000000       0x1d d:/clion/gcc-arm-none-eabi-10.3-2021.10/bin/../lib/gcc/arm-none-eabi/10.3.1/thumb/v7-m/nofp/crti.o
 .ARM.attributes
                0x0000001d       0x2d d:/clion/gcc-arm-none-eabi-10.3-2021.10/bin/../lib/gcc/arm-none-eabi/10.3.1/thumb/v7-m/nofp/crtbegin.o
 .ARM.attributes
                0x0000004a       0x2d CMakeFiles/Template.elf.dir/Core/Src/main.c.obj
 .ARM.attributes
                0x00000077       0x2d CMakeFiles/Template.elf.dir/Core/Src/stm32f1xx_hal_msp.c.obj
 .ARM.attributes
                0x000000a4       0x2d CMakeFiles/Template.elf.dir/Core/Src/stm32f1xx_it.c.obj
 .ARM.attributes
                0x000000d1       0x2d CMakeFiles/Template.elf.dir/Core/Src/system_stm32f1xx.c.obj
 .ARM.attributes
                0x000000fe       0x2d CMakeFiles/Template.elf.dir/Drivers/STM32F1xx_HAL_Driver/Src/stm32f1xx_hal.c.obj
 .ARM.attributes
                0x0000012b       0x2d CMakeFiles/Template.elf.dir/Drivers/STM32F1xx_HAL_Driver/Src/stm32f1xx_hal_cortex.c.obj
 .ARM.attributes
                0x00000158       0x2d CMakeFiles/Template.elf.dir/Drivers/STM32F1xx_HAL_Driver/Src/stm32f1xx_hal_gpio.c.obj
 .ARM.attributes
                0x00000185       0x2d CMakeFiles/Template.elf.dir/Drivers/STM32F1xx_HAL_Driver/Src/stm32f1xx_hal_rcc.c.obj
 .ARM.attributes
                0x000001b2       0x2d CMakeFiles/Template.elf.dir/Drivers/STM32F1xx_HAL_Driver/Src/stm32f1xx_hal_uart.c.obj
 .ARM.attributes
                0x000001df       0x21 CMakeFiles/Template.elf.dir/startup/startup_stm32f103xe.s.obj
 .ARM.attributes
                0x00000200       0x2d d:/clion/gcc-arm-none-eabi-10.3-2021.10/bin/../lib/gcc/arm-none-eabi/10.3.1/../../../../arm-none-eabi/lib/thumb/v7-m/nofp\libg.a(lib_a-impure.o)
 .ARM.attributes
                0x0000022d       0x2d d:/clion/gcc-arm-none-eabi-10.3-2021.10/bin/../lib/gcc/arm-none-eabi/10.3.1/../../../../arm-none-eabi/lib/thumb/v7-m/nofp\libg.a(lib_a-init.o)
 .ARM.attributes
                0x0000025a       0x2d d:/clion/gcc-arm-none-eabi-10.3-2021.10/bin/../lib/gcc/arm-none-eabi/10.3.1/../../../../arm-none-eabi/lib/thumb/v7-m/nofp\libg.a(lib_a-memset.o)
 .ARM.attributes
                0x00000287       0x2d d:/clion/gcc-arm-none-eabi-10.3-2021.10/bin/../lib/gcc/arm-none-eabi/10.3.1/../../../../arm-none-eabi/lib/thumb/v7-m/nofp\libg.a(lib_a-__call_atexit.o)
 .ARM.attributes
                0x000002b4       0x2d d:/clion/gcc-arm-none-eabi-10.3-2021.10/bin/../lib/gcc/arm-none-eabi/10.3.1/../../../../arm-none-eabi/lib/thumb/v7-m/nofp\libg.a(lib_a-atexit.o)
 .ARM.attributes
                0x000002e1       0x2d d:/clion/gcc-arm-none-eabi-10.3-2021.10/bin/../lib/gcc/arm-none-eabi/10.3.1/../../../../arm-none-eabi/lib/thumb/v7-m/nofp\libg.a(lib_a-fini.o)
 .ARM.attributes
                0x0000030e       0x2d d:/clion/gcc-arm-none-eabi-10.3-2021.10/bin/../lib/gcc/arm-none-eabi/10.3.1/../../../../arm-none-eabi/lib/thumb/v7-m/nofp\libg.a(lib_a-lock.o)
 .ARM.attributes
                0x0000033b       0x2d d:/clion/gcc-arm-none-eabi-10.3-2021.10/bin/../lib/gcc/arm-none-eabi/10.3.1/../../../../arm-none-eabi/lib/thumb/v7-m/nofp\libg.a(lib_a-__atexit.o)
 .ARM.attributes
                0x00000368       0x1d d:/clion/gcc-arm-none-eabi-10.3-2021.10/bin/../lib/gcc/arm-none-eabi/10.3.1/thumb/v7-m/nofp/crtn.o
OUTPUT(Template.elf elf32-littlearm)
LOAD linker stubs
LOAD d:/clion/gcc-arm-none-eabi-10.3-2021.10/bin/../lib/gcc/arm-none-eabi/10.3.1/../../../../arm-none-eabi/lib/thumb/v7-m/nofp\libc.a
LOAD d:/clion/gcc-arm-none-eabi-10.3-2021.10/bin/../lib/gcc/arm-none-eabi/10.3.1/../../../../arm-none-eabi/lib/thumb/v7-m/nofp\libm.a
LOAD d:/clion/gcc-arm-none-eabi-10.3-2021.10/bin/../lib/gcc/arm-none-eabi/10.3.1/thumb/v7-m/nofp\libgcc.a

.debug_info     0x00000000     0x5995
 .debug_info    0x00000000      0xa47 CMakeFiles/Template.elf.dir/Core/Src/main.c.obj
 .debug_info    0x00000a47      0x87f CMakeFiles/Template.elf.dir/Core/Src/stm32f1xx_hal_msp.c.obj
 .debug_info    0x000012c6      0x137 CMakeFiles/Template.elf.dir/Core/Src/stm32f1xx_it.c.obj
 .debug_info    0x000013fd      0x248 CMakeFiles/Template.elf.dir/Core/Src/system_stm32f1xx.c.obj
 .debug_info    0x00001645      0x80e CMakeFiles/Template.elf.dir/Drivers/STM32F1xx_HAL_Driver/Src/stm32f1xx_hal.c.obj
 .debug_info    0x00001e53      0xdf0 CMakeFiles/Template.elf.dir/Drivers/STM32F1xx_HAL_Driver/Src/stm32f1xx_hal_cortex.c.obj
 .debug_info    0x00002c43      0x66f CMakeFiles/Template.elf.dir/Drivers/STM32F1xx_HAL_Driver/Src/stm32f1xx_hal_gpio.c.obj
 .debug_info    0x000032b2      0xa36 CMakeFiles/Template.elf.dir/Drivers/STM32F1xx_HAL_Driver/Src/stm32f1xx_hal_rcc.c.obj
 .debug_info    0x00003ce8     0x1c8b CMakeFiles/Template.elf.dir/Drivers/STM32F1xx_HAL_Driver/Src/stm32f1xx_hal_uart.c.obj
 .debug_info    0x00005973       0x22 CMakeFiles/Template.elf.dir/startup/startup_stm32f103xe.s.obj

.debug_abbrev   0x00000000     0x1175
 .debug_abbrev  0x00000000      0x20e CMakeFiles/Template.elf.dir/Core/Src/main.c.obj
 .debug_abbrev  0x0000020e      0x1b0 CMakeFiles/Template.elf.dir/Core/Src/stm32f1xx_hal_msp.c.obj
 .debug_abbrev  0x000003be       0x7e CMakeFiles/Template.elf.dir/Core/Src/stm32f1xx_it.c.obj
 .debug_abbrev  0x0000043c      0x13e CMakeFiles/Template.elf.dir/Core/Src/system_stm32f1xx.c.obj
 .debug_abbrev  0x0000057a      0x1f4 CMakeFiles/Template.elf.dir/Drivers/STM32F1xx_HAL_Driver/Src/stm32f1xx_hal.c.obj
 .debug_abbrev  0x0000076e      0x341 CMakeFiles/Template.elf.dir/Drivers/STM32F1xx_HAL_Driver/Src/stm32f1xx_hal_cortex.c.obj
 .debug_abbrev  0x00000aaf      0x1e6 CMakeFiles/Template.elf.dir/Drivers/STM32F1xx_HAL_Driver/Src/stm32f1xx_hal_gpio.c.obj
 .debug_abbrev  0x00000c95      0x27a CMakeFiles/Template.elf.dir/Drivers/STM32F1xx_HAL_Driver/Src/stm32f1xx_hal_rcc.c.obj
 .debug_abbrev  0x00000f0f      0x254 CMakeFiles/Template.elf.dir/Drivers/STM32F1xx_HAL_Driver/Src/stm32f1xx_hal_uart.c.obj
 .debug_abbrev  0x00001163       0x12 CMakeFiles/Template.elf.dir/startup/startup_stm32f103xe.s.obj

.debug_aranges  0x00000000      0x578
 .debug_aranges
                0x00000000       0x40 CMakeFiles/Template.elf.dir/Core/Src/main.c.obj
 .debug_aranges
                0x00000040       0x30 CMakeFiles/Template.elf.dir/Core/Src/stm32f1xx_hal_msp.c.obj
 .debug_aranges
                0x00000070       0x60 CMakeFiles/Template.elf.dir/Core/Src/stm32f1xx_it.c.obj
 .debug_aranges
                0x000000d0       0x28 CMakeFiles/Template.elf.dir/Core/Src/system_stm32f1xx.c.obj
 .debug_aranges
                0x000000f8       0xe0 CMakeFiles/Template.elf.dir/Drivers/STM32F1xx_HAL_Driver/Src/stm32f1xx_hal.c.obj
 .debug_aranges
                0x000001d8       0x90 CMakeFiles/Template.elf.dir/Drivers/STM32F1xx_HAL_Driver/Src/stm32f1xx_hal_cortex.c.obj
 .debug_aranges
                0x00000268       0x58 CMakeFiles/Template.elf.dir/Drivers/STM32F1xx_HAL_Driver/Src/stm32f1xx_hal_gpio.c.obj
 .debug_aranges
                0x000002c0       0x90 CMakeFiles/Template.elf.dir/Drivers/STM32F1xx_HAL_Driver/Src/stm32f1xx_hal_rcc.c.obj
 .debug_aranges
                0x00000350      0x200 CMakeFiles/Template.elf.dir/Drivers/STM32F1xx_HAL_Driver/Src/stm32f1xx_hal_uart.c.obj
 .debug_aranges
                0x00000550       0x28 CMakeFiles/Template.elf.dir/startup/startup_stm32f103xe.s.obj

.debug_ranges   0x00000000      0x560
 .debug_ranges  0x00000000       0x30 CMakeFiles/Template.elf.dir/Core/Src/main.c.obj
 .debug_ranges  0x00000030       0x20 CMakeFiles/Template.elf.dir/Core/Src/stm32f1xx_hal_msp.c.obj
 .debug_ranges  0x00000050       0x50 CMakeFiles/Template.elf.dir/Core/Src/stm32f1xx_it.c.obj
 .debug_ranges  0x000000a0       0x18 CMakeFiles/Template.elf.dir/Core/Src/system_stm32f1xx.c.obj
 .debug_ranges  0x000000b8       0xd0 CMakeFiles/Template.elf.dir/Drivers/STM32F1xx_HAL_Driver/Src/stm32f1xx_hal.c.obj
 .debug_ranges  0x00000188       0xe0 CMakeFiles/Template.elf.dir/Drivers/STM32F1xx_HAL_Driver/Src/stm32f1xx_hal_cortex.c.obj
 .debug_ranges  0x00000268       0x48 CMakeFiles/Template.elf.dir/Drivers/STM32F1xx_HAL_Driver/Src/stm32f1xx_hal_gpio.c.obj
 .debug_ranges  0x000002b0       0xa0 CMakeFiles/Template.elf.dir/Drivers/STM32F1xx_HAL_Driver/Src/stm32f1xx_hal_rcc.c.obj
 .debug_ranges  0x00000350      0x1f0 CMakeFiles/Template.elf.dir/Drivers/STM32F1xx_HAL_Driver/Src/stm32f1xx_hal_uart.c.obj
 .debug_ranges  0x00000540       0x20 CMakeFiles/Template.elf.dir/startup/startup_stm32f103xe.s.obj

.debug_line     0x00000000     0x4be3
 .debug_line    0x00000000      0x460 CMakeFiles/Template.elf.dir/Core/Src/main.c.obj
 .debug_line    0x00000460      0x2e8 CMakeFiles/Template.elf.dir/Core/Src/stm32f1xx_hal_msp.c.obj
 .debug_line    0x00000748      0x1c7 CMakeFiles/Template.elf.dir/Core/Src/stm32f1xx_it.c.obj
 .debug_line    0x0000090f      0x264 CMakeFiles/Template.elf.dir/Core/Src/system_stm32f1xx.c.obj
 .debug_line    0x00000b73      0x59c CMakeFiles/Template.elf.dir/Drivers/STM32F1xx_HAL_Driver/Src/stm32f1xx_hal.c.obj
 .debug_line    0x0000110f      0x67f CMakeFiles/Template.elf.dir/Drivers/STM32F1xx_HAL_Driver/Src/stm32f1xx_hal_cortex.c.obj
 .debug_line    0x0000178e      0x63d CMakeFiles/Template.elf.dir/Drivers/STM32F1xx_HAL_Driver/Src/stm32f1xx_hal_gpio.c.obj
 .debug_line    0x00001dcb      0xc72 CMakeFiles/Template.elf.dir/Drivers/STM32F1xx_HAL_Driver/Src/stm32f1xx_hal_rcc.c.obj
 .debug_line    0x00002a3d     0x2101 CMakeFiles/Template.elf.dir/Drivers/STM32F1xx_HAL_Driver/Src/stm32f1xx_hal_uart.c.obj
 .debug_line    0x00004b3e       0xa5 CMakeFiles/Template.elf.dir/startup/startup_stm32f103xe.s.obj

.debug_str      0x00000000     0x1eea
 .debug_str     0x00000000      0x7c5 CMakeFiles/Template.elf.dir/Core/Src/main.c.obj
                                0x85d (size before relaxing)
 .debug_str     0x000007c5       0xb9 CMakeFiles/Template.elf.dir/Core/Src/stm32f1xx_hal_msp.c.obj
                                0x6c9 (size before relaxing)
 .debug_str     0x0000087e       0xdc CMakeFiles/Template.elf.dir/Core/Src/stm32f1xx_it.c.obj
                                0x26f (size before relaxing)
 .debug_str     0x0000095a       0xa3 CMakeFiles/Template.elf.dir/Core/Src/system_stm32f1xx.c.obj
                                0x29c (size before relaxing)
 .debug_str     0x000009fd      0x701 CMakeFiles/Template.elf.dir/Drivers/STM32F1xx_HAL_Driver/Src/stm32f1xx_hal.c.obj
                                0x950 (size before relaxing)
 .debug_str     0x000010fe      0x3ea CMakeFiles/Template.elf.dir/Drivers/STM32F1xx_HAL_Driver/Src/stm32f1xx_hal_cortex.c.obj
                                0x9ff (size before relaxing)
 .debug_str     0x000014e8      0x13f CMakeFiles/Template.elf.dir/Drivers/STM32F1xx_HAL_Driver/Src/stm32f1xx_hal_gpio.c.obj
                                0x448 (size before relaxing)
 .debug_str     0x00001627      0x219 CMakeFiles/Template.elf.dir/Drivers/STM32F1xx_HAL_Driver/Src/stm32f1xx_hal_rcc.c.obj
                                0x673 (size before relaxing)
 .debug_str     0x00001840      0x656 CMakeFiles/Template.elf.dir/Drivers/STM32F1xx_HAL_Driver/Src/stm32f1xx_hal_uart.c.obj
                                0xcd6 (size before relaxing)
 .debug_str     0x00001e96       0x54 CMakeFiles/Template.elf.dir/startup/startup_stm32f103xe.s.obj
                                 0x8e (size before relaxing)

.comment        0x00000000       0x49
 .comment       0x00000000       0x49 CMakeFiles/Template.elf.dir/Core/Src/main.c.obj
                                 0x4a (size before relaxing)
 .comment       0x00000049       0x4a CMakeFiles/Template.elf.dir/Core/Src/stm32f1xx_hal_msp.c.obj
 .comment       0x00000049       0x4a CMakeFiles/Template.elf.dir/Core/Src/stm32f1xx_it.c.obj
 .comment       0x00000049       0x4a CMakeFiles/Template.elf.dir/Core/Src/system_stm32f1xx.c.obj
 .comment       0x00000049       0x4a CMakeFiles/Template.elf.dir/Drivers/STM32F1xx_HAL_Driver/Src/stm32f1xx_hal.c.obj
 .comment       0x00000049       0x4a CMakeFiles/Template.elf.dir/Drivers/STM32F1xx_HAL_Driver/Src/stm32f1xx_hal_cortex.c.obj
 .comment       0x00000049       0x4a CMakeFiles/Template.elf.dir/Drivers/STM32F1xx_HAL_Driver/Src/stm32f1xx_hal_gpio.c.obj
 .comment       0x00000049       0x4a CMakeFiles/Template.elf.dir/Drivers/STM32F1xx_HAL_Driver/Src/stm32f1xx_hal_rcc.c.obj
 .comment       0x00000049       0x4a CMakeFiles/Template.elf.dir/Drivers/STM32F1xx_HAL_Driver/Src/stm32f1xx_hal_uart.c.obj

.debug_frame    0x00000000      0xed0
 .debug_frame   0x00000000       0x90 CMakeFiles/Template.elf.dir/Core/Src/main.c.obj
 .debug_frame   0x00000090       0x60 CMakeFiles/Template.elf.dir/Core/Src/stm32f1xx_hal_msp.c.obj
 .debug_frame   0x000000f0       0xa8 CMakeFiles/Template.elf.dir/Core/Src/stm32f1xx_it.c.obj
 .debug_frame   0x00000198       0x30 CMakeFiles/Template.elf.dir/Core/Src/system_stm32f1xx.c.obj
 .debug_frame   0x000001c8      0x1cc CMakeFiles/Template.elf.dir/Drivers/STM32F1xx_HAL_Driver/Src/stm32f1xx_hal.c.obj
 .debug_frame   0x00000394      0x118 CMakeFiles/Template.elf.dir/Drivers/STM32F1xx_HAL_Driver/Src/stm32f1xx_hal_cortex.c.obj
 .debug_frame   0x000004ac       0xe4 CMakeFiles/Template.elf.dir/Drivers/STM32F1xx_HAL_Driver/Src/stm32f1xx_hal_gpio.c.obj
 .debug_frame   0x00000590      0x190 CMakeFiles/Template.elf.dir/Drivers/STM32F1xx_HAL_Driver/Src/stm32f1xx_hal_rcc.c.obj
 .debug_frame   0x00000720      0x5c4 CMakeFiles/Template.elf.dir/Drivers/STM32F1xx_HAL_Driver/Src/stm32f1xx_hal_uart.c.obj
 .debug_frame   0x00000ce4       0x2c d:/clion/gcc-arm-none-eabi-10.3-2021.10/bin/../lib/gcc/arm-none-eabi/10.3.1/../../../../arm-none-eabi/lib/thumb/v7-m/nofp\libg.a(lib_a-init.o)
 .debug_frame   0x00000d10       0x2c d:/clion/gcc-arm-none-eabi-10.3-2021.10/bin/../lib/gcc/arm-none-eabi/10.3.1/../../../../arm-none-eabi/lib/thumb/v7-m/nofp\libg.a(lib_a-memset.o)
 .debug_frame   0x00000d3c       0x5c d:/clion/gcc-arm-none-eabi-10.3-2021.10/bin/../lib/gcc/arm-none-eabi/10.3.1/../../../../arm-none-eabi/lib/thumb/v7-m/nofp\libg.a(lib_a-__call_atexit.o)
 .debug_frame   0x00000d98       0x20 d:/clion/gcc-arm-none-eabi-10.3-2021.10/bin/../lib/gcc/arm-none-eabi/10.3.1/../../../../arm-none-eabi/lib/thumb/v7-m/nofp\libg.a(lib_a-atexit.o)
 .debug_frame   0x00000db8       0x34 d:/clion/gcc-arm-none-eabi-10.3-2021.10/bin/../lib/gcc/arm-none-eabi/10.3.1/../../../../arm-none-eabi/lib/thumb/v7-m/nofp\libg.a(lib_a-fini.o)
 .debug_frame   0x00000dec       0xb0 d:/clion/gcc-arm-none-eabi-10.3-2021.10/bin/../lib/gcc/arm-none-eabi/10.3.1/../../../../arm-none-eabi/lib/thumb/v7-m/nofp\libg.a(lib_a-lock.o)
 .debug_frame   0x00000e9c       0x34 d:/clion/gcc-arm-none-eabi-10.3-2021.10/bin/../lib/gcc/arm-none-eabi/10.3.1/../../../../arm-none-eabi/lib/thumb/v7-m/nofp\libg.a(lib_a-__atexit.o)

.debug_loc      0x00000000     0x34ea
 .debug_loc     0x00000000       0x99 CMakeFiles/Template.elf.dir/Core/Src/stm32f1xx_hal_msp.c.obj
 .debug_loc     0x00000099       0xff CMakeFiles/Template.elf.dir/Core/Src/system_stm32f1xx.c.obj
 .debug_loc     0x00000198      0x141 CMakeFiles/Template.elf.dir/Drivers/STM32F1xx_HAL_Driver/Src/stm32f1xx_hal.c.obj
 .debug_loc     0x000002d9      0x71f CMakeFiles/Template.elf.dir/Drivers/STM32F1xx_HAL_Driver/Src/stm32f1xx_hal_cortex.c.obj
 .debug_loc     0x000009f8      0x47d CMakeFiles/Template.elf.dir/Drivers/STM32F1xx_HAL_Driver/Src/stm32f1xx_hal_gpio.c.obj
 .debug_loc     0x00000e75      0x63e CMakeFiles/Template.elf.dir/Drivers/STM32F1xx_HAL_Driver/Src/stm32f1xx_hal_rcc.c.obj
 .debug_loc     0x000014b3     0x2037 CMakeFiles/Template.elf.dir/Drivers/STM32F1xx_HAL_Driver/Src/stm32f1xx_hal_uart.c.obj
