Archive member included to satisfy reference by file (symbol)

d:/clion_project/gcc-arm-none-eabi-10.3-2021.10/bin/../lib/gcc/arm-none-eabi/10.3.1/../../../../arm-none-eabi/lib/thumb/v7-m/nofp\libg.a(lib_a-errno.o)
                              CMakeFiles/FreeRtosTest.elf.dir/Core/Src/retarget.c.obj (__errno)
d:/clion_project/gcc-arm-none-eabi-10.3-2021.10/bin/../lib/gcc/arm-none-eabi/10.3.1/../../../../arm-none-eabi/lib/thumb/v7-m/nofp\libg.a(lib_a-exit.o)
                              d:/clion_project/gcc-arm-none-eabi-10.3-2021.10/bin/../lib/gcc/arm-none-eabi/10.3.1/../../../../arm-none-eabi/lib/thumb/v7-m/nofp/crt0.o (exit)
d:/clion_project/gcc-arm-none-eabi-10.3-2021.10/bin/../lib/gcc/arm-none-eabi/10.3.1/../../../../arm-none-eabi/lib/thumb/v7-m/nofp\libg.a(lib_a-impure.o)
                              d:/clion_project/gcc-arm-none-eabi-10.3-2021.10/bin/../lib/gcc/arm-none-eabi/10.3.1/../../../../arm-none-eabi/lib/thumb/v7-m/nofp\libg.a(lib_a-exit.o) (_global_impure_ptr)
d:/clion_project/gcc-arm-none-eabi-10.3-2021.10/bin/../lib/gcc/arm-none-eabi/10.3.1/../../../../arm-none-eabi/lib/thumb/v7-m/nofp\libg.a(lib_a-init.o)
                              d:/clion_project/gcc-arm-none-eabi-10.3-2021.10/bin/../lib/gcc/arm-none-eabi/10.3.1/../../../../arm-none-eabi/lib/thumb/v7-m/nofp/crt0.o (__libc_init_array)
d:/clion_project/gcc-arm-none-eabi-10.3-2021.10/bin/../lib/gcc/arm-none-eabi/10.3.1/../../../../arm-none-eabi/lib/thumb/v7-m/nofp\libg.a(lib_a-memcpy.o)
                              CMakeFiles/FreeRtosTest.elf.dir/Middlewares/Third_Party/FreeRTOS/Source/CMSIS_RTOS_V2/cmsis_os2.c.obj (memcpy)
d:/clion_project/gcc-arm-none-eabi-10.3-2021.10/bin/../lib/gcc/arm-none-eabi/10.3.1/../../../../arm-none-eabi/lib/thumb/v7-m/nofp\libg.a(lib_a-memset.o)
                              d:/clion_project/gcc-arm-none-eabi-10.3-2021.10/bin/../lib/gcc/arm-none-eabi/10.3.1/../../../../arm-none-eabi/lib/thumb/v7-m/nofp/crt0.o (memset)
d:/clion_project/gcc-arm-none-eabi-10.3-2021.10/bin/../lib/gcc/arm-none-eabi/10.3.1/../../../../arm-none-eabi/lib/thumb/v7-m/nofp\libg.a(lib_a-puts.o)
                              CMakeFiles/FreeRtosTest.elf.dir/Core/Src/freertos.c.obj (puts)
d:/clion_project/gcc-arm-none-eabi-10.3-2021.10/bin/../lib/gcc/arm-none-eabi/10.3.1/../../../../arm-none-eabi/lib/thumb/v7-m/nofp\libg.a(lib_a-setvbuf.o)
                              CMakeFiles/FreeRtosTest.elf.dir/Core/Src/retarget.c.obj (setvbuf)
d:/clion_project/gcc-arm-none-eabi-10.3-2021.10/bin/../lib/gcc/arm-none-eabi/10.3.1/../../../../arm-none-eabi/lib/thumb/v7-m/nofp\libg.a(lib_a-strlen-stub.o)
                              d:/clion_project/gcc-arm-none-eabi-10.3-2021.10/bin/../lib/gcc/arm-none-eabi/10.3.1/../../../../arm-none-eabi/lib/thumb/v7-m/nofp\libg.a(lib_a-puts.o) (strlen)
d:/clion_project/gcc-arm-none-eabi-10.3-2021.10/bin/../lib/gcc/arm-none-eabi/10.3.1/../../../../arm-none-eabi/lib/thumb/v7-m/nofp\libg.a(lib_a-__call_atexit.o)
                              d:/clion_project/gcc-arm-none-eabi-10.3-2021.10/bin/../lib/gcc/arm-none-eabi/10.3.1/../../../../arm-none-eabi/lib/thumb/v7-m/nofp\libg.a(lib_a-exit.o) (__call_exitprocs)
d:/clion_project/gcc-arm-none-eabi-10.3-2021.10/bin/../lib/gcc/arm-none-eabi/10.3.1/../../../../arm-none-eabi/lib/thumb/v7-m/nofp\libg.a(lib_a-atexit.o)
                              d:/clion_project/gcc-arm-none-eabi-10.3-2021.10/bin/../lib/gcc/arm-none-eabi/10.3.1/../../../../arm-none-eabi/lib/thumb/v7-m/nofp\libg.a(lib_a-__call_atexit.o) (atexit)
d:/clion_project/gcc-arm-none-eabi-10.3-2021.10/bin/../lib/gcc/arm-none-eabi/10.3.1/../../../../arm-none-eabi/lib/thumb/v7-m/nofp\libg.a(lib_a-fflush.o)
                              d:/clion_project/gcc-arm-none-eabi-10.3-2021.10/bin/../lib/gcc/arm-none-eabi/10.3.1/../../../../arm-none-eabi/lib/thumb/v7-m/nofp\libg.a(lib_a-setvbuf.o) (_fflush_r)
d:/clion_project/gcc-arm-none-eabi-10.3-2021.10/bin/../lib/gcc/arm-none-eabi/10.3.1/../../../../arm-none-eabi/lib/thumb/v7-m/nofp\libg.a(lib_a-findfp.o)
                              d:/clion_project/gcc-arm-none-eabi-10.3-2021.10/bin/../lib/gcc/arm-none-eabi/10.3.1/../../../../arm-none-eabi/lib/thumb/v7-m/nofp\libg.a(lib_a-puts.o) (__sinit)
d:/clion_project/gcc-arm-none-eabi-10.3-2021.10/bin/../lib/gcc/arm-none-eabi/10.3.1/../../../../arm-none-eabi/lib/thumb/v7-m/nofp\libg.a(lib_a-fini.o)
                              d:/clion_project/gcc-arm-none-eabi-10.3-2021.10/bin/../lib/gcc/arm-none-eabi/10.3.1/../../../../arm-none-eabi/lib/thumb/v7-m/nofp\libg.a(lib_a-__call_atexit.o) (__libc_fini_array)
d:/clion_project/gcc-arm-none-eabi-10.3-2021.10/bin/../lib/gcc/arm-none-eabi/10.3.1/../../../../arm-none-eabi/lib/thumb/v7-m/nofp\libg.a(lib_a-freer.o)
                              d:/clion_project/gcc-arm-none-eabi-10.3-2021.10/bin/../lib/gcc/arm-none-eabi/10.3.1/../../../../arm-none-eabi/lib/thumb/v7-m/nofp\libg.a(lib_a-setvbuf.o) (_free_r)
[...]
Memory Configuration

Name             Origin             Length             Attributes
RAM              0x20000000         0x0000c000         xrw
FLASH            0x08000000         0x00040000         xr
*default*        0x00000000         0xffffffff

Linker script and memory map

LOAD d:/clion_project/gcc-arm-none-eabi-10.3-2021.10/bin/../lib/gcc/arm-none-eabi/10.3.1/thumb/v7-m/nofp/crti.o
LOAD d:/clion_project/gcc-arm-none-eabi-10.3-2021.10/bin/../lib/gcc/arm-none-eabi/10.3.1/thumb/v7-m/nofp/crtbegin.o
LOAD d:/clion_project/gcc-arm-none-eabi-10.3-2021.10/bin/../lib/gcc/arm-none-eabi/10.3.1/../../../../arm-none-eabi/lib/thumb/v7-m/nofp/crt0.o
LOAD CMakeFiles/FreeRtosTest.elf.dir/Core/Src/freertos.c.obj
LOAD CMakeFiles/FreeRtosTest.elf.dir/Core/Src/gpio.c.obj
LOAD CMakeFiles/FreeRtosTest.elf.dir/Core/Src/main.c.obj
LOAD CMakeFiles/FreeRtosTest.elf.dir/Core/Src/retarget.c.obj
LOAD CMakeFiles/FreeRtosTest.elf.dir/Core/Src/stm32f1xx_hal_msp.c.obj
LOAD CMakeFiles/FreeRtosTest.elf.dir/Core/Src/stm32f1xx_it.c.obj
LOAD CMakeFiles/FreeRtosTest.elf.dir/Core/Src/syscalls.c.obj
LOAD CMakeFiles/FreeRtosTest.elf.dir/Core/Src/system_stm32f1xx.c.obj
LOAD CMakeFiles/FreeRtosTest.elf.dir/Core/Src/usart.c.obj
LOAD CMakeFiles/FreeRtosTest.elf.dir/Drivers/STM32F1xx_HAL_Driver/Src/stm32f1xx_hal.c.obj
LOAD CMakeFiles/FreeRtosTest.elf.dir/Drivers/STM32F1xx_HAL_Driver/Src/stm32f1xx_hal_cortex.c.obj
LOAD CMakeFiles/FreeRtosTest.elf.dir/Drivers/STM32F1xx_HAL_Driver/Src/stm32f1xx_hal_dma.c.obj
LOAD CMakeFiles/FreeRtosTest.elf.dir/Drivers/STM32F1xx_HAL_Driver/Src/stm32f1xx_hal_exti.c.obj
LOAD CMakeFiles/FreeRtosTest.elf.dir/Drivers/STM32F1xx_HAL_Driver/Src/stm32f1xx_hal_flash.c.obj
LOAD CMakeFiles/FreeRtosTest.elf.dir/Drivers/STM32F1xx_HAL_Driver/Src/stm32f1xx_hal_flash_ex.c.obj
LOAD CMakeFiles/FreeRtosTest.elf.dir/Drivers/STM32F1xx_HAL_Driver/Src/stm32f1xx_hal_gpio.c.obj
LOAD CMakeFiles/FreeRtosTest.elf.dir/Drivers/STM32F1xx_HAL_Driver/Src/stm32f1xx_hal_gpio_ex.c.obj
LOAD CMakeFiles/FreeRtosTest.elf.dir/Drivers/STM32F1xx_HAL_Driver/Src/stm32f1xx_hal_pwr.c.obj
LOAD CMakeFiles/FreeRtosTest.elf.dir/Drivers/STM32F1xx_HAL_Driver/Src/stm32f1xx_hal_rcc.c.obj
LOAD CMakeFiles/FreeRtosTest.elf.dir/Drivers/STM32F1xx_HAL_Driver/Src/stm32f1xx_hal_rcc_ex.c.obj
LOAD CMakeFiles/FreeRtosTest.elf.dir/Drivers/STM32F1xx_HAL_Driver/Src/stm32f1xx_hal_tim.c.obj
LOAD CMakeFiles/FreeRtosTest.elf.dir/Drivers/STM32F1xx_HAL_Driver/Src/stm32f1xx_hal_tim_ex.c.obj
LOAD CMakeFiles/FreeRtosTest.elf.dir/Drivers/STM32F1xx_HAL_Driver/Src/stm32f1xx_hal_uart.c.obj
LOAD CMakeFiles/FreeRtosTest.elf.dir/Middlewares/Third_Party/FreeRTOS/Source/CMSIS_RTOS_V2/cmsis_os2.c.obj
LOAD CMakeFiles/FreeRtosTest.elf.dir/Middlewares/Third_Party/FreeRTOS/Source/croutine.c.obj
LOAD CMakeFiles/FreeRtosTest.elf.dir/Middlewares/Third_Party/FreeRTOS/Source/event_groups.c.obj
LOAD CMakeFiles/FreeRtosTest.elf.dir/Middlewares/Third_Party/FreeRTOS/Source/list.c.obj
LOAD CMakeFiles/FreeRtosTest.elf.dir/Middlewares/Third_Party/FreeRTOS/Source/portable/GCC/ARM_CM3/port.c.obj
LOAD CMakeFiles/FreeRtosTest.elf.dir/Middlewares/Third_Party/FreeRTOS/Source/portable/MemMang/heap_4.c.obj
LOAD CMakeFiles/FreeRtosTest.elf.dir/Middlewares/Third_Party/FreeRTOS/Source/queue.c.obj
LOAD CMakeFiles/FreeRtosTest.elf.dir/Middlewares/Third_Party/FreeRTOS/Source/stream_buffer.c.obj
LOAD CMakeFiles/FreeRtosTest.elf.dir/Middlewares/Third_Party/FreeRTOS/Source/tasks.c.obj
LOAD CMakeFiles/FreeRtosTest.elf.dir/Middlewares/Third_Party/FreeRTOS/Source/timers.c.obj
LOAD CMakeFiles/FreeRtosTest.elf.dir/startup/startup_stm32f103xe.s.obj
START GROUP
LOAD d:/clion_project/gcc-arm-none-eabi-10.3-2021.10/bin/../lib/gcc/arm-none-eabi/10.3.1/thumb/v7-m/nofp\libgcc.a
LOAD d:/clion_project/gcc-arm-none-eabi-10.3-2021.10/bin/../lib/gcc/arm-none-eabi/10.3.1/../../../../arm-none-eabi/lib/thumb/v7-m/nofp\libg.a
LOAD d:/clion_project/gcc-arm-none-eabi-10.3-2021.10/bin/../lib/gcc/arm-none-eabi/10.3.1/../../../../arm-none-eabi/lib/thumb/v7-m/nofp\libc.a
END GROUP
LOAD d:/clion_project/gcc-arm-none-eabi-10.3-2021.10/bin/../lib/gcc/arm-none-eabi/10.3.1/thumb/v7-m/nofp/crtend.o
LOAD d:/clion_project/gcc-arm-none-eabi-10.3-2021.10/bin/../lib/gcc/arm-none-eabi/10.3.1/thumb/v7-m/nofp/crtn.o
                0x2000c000                _estack = 0x2000c000
                0x00000200                _Min_Heap_Size = 0x200
                0x00000400                _Min_Stack_Size = 0x400

.isr_vector     0x08000000      0x1e4
                0x08000000                . = ALIGN (0x4)
 *(.isr_vector)
 .isr_vector    0x08000000      0x1e4 CMakeFiles/FreeRtosTest.elf.dir/startup/startup_stm32f103xe.s.obj
                0x08000000                g_pfnVectors
                0x080001e4                . = ALIGN (0x4)

.text           0x080001f0     0x4b70
                0x080001f0                . = ALIGN (0x4)
 *(.text)
 .text          0x080001f0       0x40 d:/clion_project/gcc-arm-none-eabi-10.3-2021.10/bin/../lib/gcc/arm-none-eabi/10.3.1/thumb/v7-m/nofp/crtbegin.o
 .text          0x08000230       0xec d:/clion_project/gcc-arm-none-eabi-10.3-2021.10/bin/../lib/gcc/arm-none-eabi/10.3.1/../../../../arm-none-eabi/lib/thumb/v7-m/nofp\libg.a(lib_a-memcpy.o)
                0x08000230                memcpy
 *(.text*)
 .text.StartDefaultTask
                0x0800031c        0xa CMakeFiles/FreeRtosTest.elf.dir/Core/Src/freertos.c.obj
                0x0800031c                StartDefaultTask
 *fill*         0x08000326        0x2 
 .text.StartTask02
                0x08000328       0x20 CMakeFiles/FreeRtosTest.elf.dir/Core/Src/freertos.c.obj
                0x08000328                StartTask02
 .text.StartTask03
                0x08000348       0x1c CMakeFiles/FreeRtosTest.elf.dir/Core/Src/freertos.c.obj
                0x08000348                StartTask03
 .text.MX_FREERTOS_Init
                0x08000364       0x54 CMakeFiles/FreeRtosTest.elf.dir/Core/Src/freertos.c.obj
                0x08000364                MX_FREERTOS_Init
 .text.MX_GPIO_Init
                0x080003b8       0x64 CMakeFiles/FreeRtosTest.elf.dir/Core/Src/gpio.c.obj
                0x080003b8                MX_GPIO_Init
 .text.Error_Handler
                0x0800041c        0x4 CMakeFiles/FreeRtosTest.elf.dir/Core/Src/main.c.obj
                0x0800041c                Error_Handler
 .text.SystemClock_Config
                0x08000420       0x64 CMakeFiles/FreeRtosTest.elf.dir/Core/Src/main.c.obj
                0x08000420                SystemClock_Config
 .text.main     0x08000484       0x2c CMakeFiles/FreeRtosTest.elf.dir/Core/Src/main.c.obj
                0x08000484                main
 .text.RetargetInit
                0x080004b0       0x20 CMakeFiles/FreeRtosTest.elf.dir/Core/Src/retarget.c.obj
                0x080004b0                RetargetInit
 .text._isatty  0x080004d0       0x16 CMakeFiles/FreeRtosTest.elf.dir/Core/Src/retarget.c.obj
                0x080004d0                _isatty
 *fill*         0x080004e6        0x2 
 .text._write   0x080004e8       0x34 CMakeFiles/FreeRtosTest.elf.dir/Core/Src/retarget.c.obj
                0x080004e8                _write
 .text._close   0x0800051c       0x18 CMakeFiles/FreeRtosTest.elf.dir/Core/Src/retarget.c.obj
                0x0800051c                _close
 .text._lseek   0x08000534       0x10 CMakeFiles/FreeRtosTest.elf.dir/Core/Src/retarget.c.obj
                0x08000534                _lseek
 .text._read    0x08000544       0x30 CMakeFiles/FreeRtosTest.elf.dir/Core/Src/retarget.c.obj
                0x08000544                _read
 .text._fstat   0x08000574       0x1a CMakeFiles/FreeRtosTest.elf.dir/Core/Src/retarget.c.obj
                0x08000574                _fstat
 *fill*         0x0800058e        0x2 
 .text.HAL_MspInit
                0x08000590       0x54 CMakeFiles/FreeRtosTest.elf.dir/Core/Src/stm32f1xx_hal_msp.c.obj
                0x08000590                HAL_MspInit
 .text.NMI_Handler
                0x080005e4        0x2 CMakeFiles/FreeRtosTest.elf.dir/Core/Src/stm32f1xx_it.c.obj
                0x080005e4                NMI_Handler
 .text.HardFault_Handler
                0x080005e6        0x2 CMakeFiles/FreeRtosTest.elf.dir/Core/Src/stm32f1xx_it.c.obj
                0x080005e6                HardFault_Handler
 .text.MemManage_Handler
                0x080005e8        0x2 CMakeFiles/FreeRtosTest.elf.dir/Core/Src/stm32f1xx_it.c.obj
                0x080005e8                MemManage_Handler
 .text.BusFault_Handler
                0x080005ea        0x2 CMakeFiles/FreeRtosTest.elf.dir/Core/Src/stm32f1xx_it.c.obj
                0x080005ea                BusFault_Handler
 .text.UsageFault_Handler
                0x080005ec        0x2 CMakeFiles/FreeRtosTest.elf.dir/Core/Src/stm32f1xx_it.c.obj
                0x080005ec                UsageFault_Handler
 .text.DebugMon_Handler
                0x080005ee        0x2 CMakeFiles/FreeRtosTest.elf.dir/Core/Src/stm32f1xx_it.c.obj
                0x080005ee                DebugMon_Handler
 .text.SysTick_Handler
                0x080005f0       0x16 CMakeFiles/FreeRtosTest.elf.dir/Core/Src/stm32f1xx_it.c.obj
                0x080005f0                SysTick_Handler
 *fill*         0x08000606        0x2 
 .text._sbrk    0x08000608       0x3c CMakeFiles/FreeRtosTest.elf.dir/Core/Src/syscalls.c.obj
                0x08000608                _sbrk
 .text.SystemInit
                0x08000644        0x2 CMakeFiles/FreeRtosTest.elf.dir/Core/Src/system_stm32f1xx.c.obj
                0x08000644                SystemInit
 *fill*         0x08000646        0x2 
 .text.MX_USART1_UART_Init
                0x08000648       0x34 CMakeFiles/FreeRtosTest.elf.dir/Core/Src/usart.c.obj
                0x08000648                MX_USART1_UART_Init
 .text.HAL_UART_MspInit
                0x0800067c       0x78 CMakeFiles/FreeRtosTest.elf.dir/Core/Src/usart.c.obj
                0x0800067c                HAL_UART_MspInit
 .text.HAL_InitTick
                0x080006f4       0x4c CMakeFiles/FreeRtosTest.elf.dir/Drivers/STM32F1xx_HAL_Driver/Src/stm32f1xx_hal.c.obj
                0x080006f4                HAL_InitTick
 .text.HAL_Init
                0x08000740       0x24 CMakeFiles/FreeRtosTest.elf.dir/Drivers/STM32F1xx_HAL_Driver/Src/stm32f1xx_hal.c.obj
                0x08000740                HAL_Init
 .text.HAL_IncTick
                0x08000764       0x18 CMakeFiles/FreeRtosTest.elf.dir/Drivers/STM32F1xx_HAL_Driver/Src/stm32f1xx_hal.c.obj
                0x08000764                HAL_IncTick
 .text.HAL_GetTick
                0x0800077c        0xc CMakeFiles/FreeRtosTest.elf.dir/Drivers/STM32F1xx_HAL_Driver/Src/stm32f1xx_hal.c.obj
                0x0800077c                HAL_GetTick
 .text.HAL_Delay
                0x08000788       0x28 CMakeFiles/FreeRtosTest.elf.dir/Drivers/STM32F1xx_HAL_Driver/Src/stm32f1xx_hal.c.obj
                0x08000788                HAL_Delay
 .text.HAL_NVIC_SetPriorityGrouping
                0x080007b0       0x24 CMakeFiles/FreeRtosTest.elf.dir/Drivers/STM32F1xx_HAL_Driver/Src/stm32f1xx_hal_cortex.c.obj
                0x080007b0                HAL_NVIC_SetPriorityGrouping
 .text.HAL_NVIC_SetPriority
                0x080007d4       0x70 CMakeFiles/FreeRtosTest.elf.dir/Drivers/STM32F1xx_HAL_Driver/Src/stm32f1xx_hal_cortex.c.obj
                0x080007d4                HAL_NVIC_SetPriority
 .text.HAL_SYSTICK_Config
                0x08000844       0x28 CMakeFiles/FreeRtosTest.elf.dir/Drivers/STM32F1xx_HAL_Driver/Src/stm32f1xx_hal_cortex.c.obj
                0x08000844                HAL_SYSTICK_Config
 .text.HAL_GPIO_Init
                0x0800086c      0x240 CMakeFiles/FreeRtosTest.elf.dir/Drivers/STM32F1xx_HAL_Driver/Src/stm32f1xx_hal_gpio.c.obj
                0x0800086c                HAL_GPIO_Init
 .text.HAL_GPIO_WritePin
                0x08000aac        0xc CMakeFiles/FreeRtosTest.elf.dir/Drivers/STM32F1xx_HAL_Driver/Src/stm32f1xx_hal_gpio.c.obj
                0x08000aac                HAL_GPIO_WritePin
 .text.HAL_GPIO_TogglePin
                0x08000ab8       0x12 CMakeFiles/FreeRtosTest.elf.dir/Drivers/STM32F1xx_HAL_Driver/Src/stm32f1xx_hal_gpio.c.obj
                0x08000ab8                HAL_GPIO_TogglePin
 *fill*         0x08000aca        0x2 
 .text.RCC_Delay
                0x08000acc       0x2c CMakeFiles/FreeRtosTest.elf.dir/Drivers/STM32F1xx_HAL_Driver/Src/stm32f1xx_hal_rcc.c.obj
 .text.HAL_RCC_OscConfig
                0x08000af8      0x410 CMakeFiles/FreeRtosTest.elf.dir/Drivers/STM32F1xx_HAL_Driver/Src/stm32f1xx_hal_rcc.c.obj
                0x08000af8                HAL_RCC_OscConfig
 .text.HAL_RCC_GetSysClockFreq
                0x08000f08       0x70 CMakeFiles/FreeRtosTest.elf.dir/Drivers/STM32F1xx_HAL_Driver/Src/stm32f1xx_hal_rcc.c.obj
                0x08000f08                HAL_RCC_GetSysClockFreq
 .text.HAL_RCC_ClockConfig
                0x08000f78      0x16c CMakeFiles/FreeRtosTest.elf.dir/Drivers/STM32F1xx_HAL_Driver/Src/stm32f1xx_hal_rcc.c.obj
                0x08000f78                HAL_RCC_ClockConfig
 .text.HAL_RCC_GetHCLKFreq
                0x080010e4        0xc CMakeFiles/FreeRtosTest.elf.dir/Drivers/STM32F1xx_HAL_Driver/Src/stm32f1xx_hal_rcc.c.obj
                0x080010e4                HAL_RCC_GetHCLKFreq
 .text.HAL_RCC_GetPCLK1Freq
                0x080010f0       0x20 CMakeFiles/FreeRtosTest.elf.dir/Drivers/STM32F1xx_HAL_Driver/Src/stm32f1xx_hal_rcc.c.obj
                0x080010f0                HAL_RCC_GetPCLK1Freq
 .text.HAL_RCC_GetPCLK2Freq
                0x08001110       0x20 CMakeFiles/FreeRtosTest.elf.dir/Drivers/STM32F1xx_HAL_Driver/Src/stm32f1xx_hal_rcc.c.obj
                0x08001110                HAL_RCC_GetPCLK2Freq
 .text.UART_SetConfig
                0x08001130       0x94 CMakeFiles/FreeRtosTest.elf.dir/Drivers/STM32F1xx_HAL_Driver/Src/stm32f1xx_hal_uart.c.obj
 .text.UART_WaitOnFlagUntilTimeout
                0x080011c4       0x6c CMakeFiles/FreeRtosTest.elf.dir/Drivers/STM32F1xx_HAL_Driver/Src/stm32f1xx_hal_uart.c.obj
 .text.HAL_UART_Init
                0x08001230       0x5e CMakeFiles/FreeRtosTest.elf.dir/Drivers/STM32F1xx_HAL_Driver/Src/stm32f1xx_hal_uart.c.obj
                0x08001230                HAL_UART_Init
 .text.HAL_UART_Transmit
                0x0800128e       0xd8 CMakeFiles/FreeRtosTest.elf.dir/Drivers/STM32F1xx_HAL_Driver/Src/stm32f1xx_hal_uart.c.obj
                0x0800128e                HAL_UART_Transmit
 .text.HAL_UART_Receive
                0x08001366       0xe4 CMakeFiles/FreeRtosTest.elf.dir/Drivers/STM32F1xx_HAL_Driver/Src/stm32f1xx_hal_uart.c.obj
                0x08001366                HAL_UART_Receive
 *fill*         0x0800144a        0x2 
 .text.osKernelInitialize
                0x0800144c       0x44 CMakeFiles/FreeRtosTest.elf.dir/Middlewares/Third_Party/FreeRTOS/Source/CMSIS_RTOS_V2/cmsis_os2.c.obj
                0x0800144c                osKernelInitialize
 .text.osKernelStart
                0x08001490       0x4c CMakeFiles/FreeRtosTest.elf.dir/Middlewares/Third_Party/FreeRTOS/Source/CMSIS_RTOS_V2/cmsis_os2.c.obj
                0x08001490                osKernelStart
 .text.osThreadNew
                0x080014dc       0xec CMakeFiles/FreeRtosTest.elf.dir/Middlewares/Third_Party/FreeRTOS/Source/CMSIS_RTOS_V2/cmsis_os2.c.obj
                0x080014dc                osThreadNew
 .text.osDelay  0x080015c8       0x44 CMakeFiles/FreeRtosTest.elf.dir/Middlewares/Third_Party/FreeRTOS/Source/CMSIS_RTOS_V2/cmsis_os2.c.obj
                0x080015c8                osDelay
 .text.vApplicationGetIdleTaskMemory
                0x0800160c       0x18 CMakeFiles/FreeRtosTest.elf.dir/Middlewares/Third_Party/FreeRTOS/Source/CMSIS_RTOS_V2/cmsis_os2.c.obj
                0x0800160c                vApplicationGetIdleTaskMemory
 .text.vApplicationGetTimerTaskMemory
                0x08001624       0x18 CMakeFiles/FreeRtosTest.elf.dir/Middlewares/Third_Party/FreeRTOS/Source/CMSIS_RTOS_V2/cmsis_os2.c.obj
                0x08001624                vApplicationGetTimerTaskMemory
 .text.vListInitialise
                0x0800163c       0x16 CMakeFiles/FreeRtosTest.elf.dir/Middlewares/Third_Party/FreeRTOS/Source/list.c.obj
                0x0800163c                vListInitialise
 .text.vListInitialiseItem
                0x08001652        0x6 CMakeFiles/FreeRtosTest.elf.dir/Middlewares/Third_Party/FreeRTOS/Source/list.c.obj
                0x08001652                vListInitialiseItem
 .text.vListInsertEnd
                0x08001658       0x16 CMakeFiles/FreeRtosTest.elf.dir/Middlewares/Third_Party/FreeRTOS/Source/list.c.obj
                0x08001658                vListInsertEnd
 .text.vListInsert
                0x0800166e       0x32 CMakeFiles/FreeRtosTest.elf.dir/Middlewares/Third_Party/FreeRTOS/Source/list.c.obj
                0x0800166e                vListInsert
 .text.uxListRemove
                0x080016a0       0x26 CMakeFiles/FreeRtosTest.elf.dir/Middlewares/Third_Party/FreeRTOS/Source/list.c.obj
                0x080016a0                uxListRemove
 *fill*         0x080016c6        0x2 
 .text.prvTaskExitError
                0x080016c8       0x40 CMakeFiles/FreeRtosTest.elf.dir/Middlewares/Third_Party/FreeRTOS/Source/portable/GCC/ARM_CM3/port.c.obj
 .text.prvPortStartFirstTask
                0x08001708       0x20 CMakeFiles/FreeRtosTest.elf.dir/Middlewares/Third_Party/FreeRTOS/Source/portable/GCC/ARM_CM3/port.c.obj
 .text.pxPortInitialiseStack
                0x08001728       0x24 CMakeFiles/FreeRtosTest.elf.dir/Middlewares/Third_Party/FreeRTOS/Source/portable/GCC/ARM_CM3/port.c.obj
                0x08001728                pxPortInitialiseStack
 *fill*         0x0800174c        0x4 
 .text.SVC_Handler
                0x08001750       0x24 CMakeFiles/FreeRtosTest.elf.dir/Middlewares/Third_Party/FreeRTOS/Source/portable/GCC/ARM_CM3/port.c.obj
                0x08001750                SVC_Handler
 .text.vPortEnterCritical
                0x08001774       0x44 CMakeFiles/FreeRtosTest.elf.dir/Middlewares/Third_Party/FreeRTOS/Source/portable/GCC/ARM_CM3/port.c.obj
                0x08001774                vPortEnterCritical
 .text.vPortExitCritical
                0x080017b8       0x2c CMakeFiles/FreeRtosTest.elf.dir/Middlewares/Third_Party/FreeRTOS/Source/portable/GCC/ARM_CM3/port.c.obj
                0x080017b8                vPortExitCritical
 *fill*         0x080017e4        0xc 
 .text.PendSV_Handler
                0x080017f0       0x44 CMakeFiles/FreeRtosTest.elf.dir/Middlewares/Third_Party/FreeRTOS/Source/portable/GCC/ARM_CM3/port.c.obj
                0x080017f0                PendSV_Handler
 .text.xPortSysTickHandler
                0x08001834       0x2c CMakeFiles/FreeRtosTest.elf.dir/Middlewares/Third_Party/FreeRTOS/Source/portable/GCC/ARM_CM3/port.c.obj
                0x08001834                xPortSysTickHandler
 .text.vPortSetupTimerInterrupt
                0x08001860       0x28 CMakeFiles/FreeRtosTest.elf.dir/Middlewares/Third_Party/FreeRTOS/Source/portable/GCC/ARM_CM3/port.c.obj
                0x08001860                vPortSetupTimerInterrupt
 .text.xPortStartScheduler
                0x08001888       0xc0 CMakeFiles/FreeRtosTest.elf.dir/Middlewares/Third_Party/FreeRTOS/Source/portable/GCC/ARM_CM3/port.c.obj
                0x08001888                xPortStartScheduler
 .text.vPortValidateInterruptPriority
                0x08001948       0x5c CMakeFiles/FreeRtosTest.elf.dir/Middlewares/Third_Party/FreeRTOS/Source/portable/GCC/ARM_CM3/port.c.obj
                0x08001948                vPortValidateInterruptPriority
 .text.prvHeapInit
                0x080019a4       0x64 CMakeFiles/FreeRtosTest.elf.dir/Middlewares/Third_Party/FreeRTOS/Source/portable/MemMang/heap_4.c.obj
 .text.prvInsertBlockIntoFreeList
                0x08001a08       0x60 CMakeFiles/FreeRtosTest.elf.dir/Middlewares/Third_Party/FreeRTOS/Source/portable/MemMang/heap_4.c.obj
 .text.pvPortMalloc
                0x08001a68       0xf0 CMakeFiles/FreeRtosTest.elf.dir/Middlewares/Third_Party/FreeRTOS/Source/portable/MemMang/heap_4.c.obj
                0x08001a68                pvPortMalloc
 .text.vPortFree
                0x08001b58       0x70 CMakeFiles/FreeRtosTest.elf.dir/Middlewares/Third_Party/FreeRTOS/Source/portable/MemMang/heap_4.c.obj
                0x08001b58                vPortFree
 .text.prvIsQueueFull
                0x08001bc8       0x1e CMakeFiles/FreeRtosTest.elf.dir/Middlewares/Third_Party/FreeRTOS/Source/queue.c.obj
 .text.prvIsQueueEmpty
                0x08001be6       0x1a CMakeFiles/FreeRtosTest.elf.dir/Middlewares/Third_Party/FreeRTOS/Source/queue.c.obj
 .text.prvCopyDataToQueue
                0x08001c00       0x76 CMakeFiles/FreeRtosTest.elf.dir/Middlewares/Third_Party/FreeRTOS/Source/queue.c.obj
 .text.prvCopyDataFromQueue
                0x08001c76       0x24 CMakeFiles/FreeRtosTest.elf.dir/Middlewares/Third_Party/FreeRTOS/Source/queue.c.obj
 .text.prvUnlockQueue
                0x08001c9a       0x6e CMakeFiles/FreeRtosTest.elf.dir/Middlewares/Third_Party/FreeRTOS/Source/queue.c.obj
 .text.xQueueGenericReset
                0x08001d08       0x84 CMakeFiles/FreeRtosTest.elf.dir/Middlewares/Third_Party/FreeRTOS/Source/queue.c.obj
                0x08001d08                xQueueGenericReset
 .text.prvInitialiseNewQueue
                0x08001d8c       0x22 CMakeFiles/FreeRtosTest.elf.dir/Middlewares/Third_Party/FreeRTOS/Source/queue.c.obj
 .text.xQueueGenericCreateStatic
                0x08001dae       0x92 CMakeFiles/FreeRtosTest.elf.dir/Middlewares/Third_Party/FreeRTOS/Source/queue.c.obj
                0x08001dae                xQueueGenericCreateStatic
 .text.xQueueGenericSend
                0x08001e40      0x188 CMakeFiles/FreeRtosTest.elf.dir/Middlewares/Third_Party/FreeRTOS/Source/queue.c.obj
                0x08001e40                xQueueGenericSend
 .text.xQueueGenericSendFromISR
                0x08001fc8       0xcc CMakeFiles/FreeRtosTest.elf.dir/Middlewares/Third_Party/FreeRTOS/Source/queue.c.obj
                0x08001fc8                xQueueGenericSendFromISR
 .text.xQueueReceive
                0x08002094      0x15e CMakeFiles/FreeRtosTest.elf.dir/Middlewares/Third_Party/FreeRTOS/Source/queue.c.obj
                0x08002094                xQueueReceive
 *fill*         0x080021f2        0x2 
 .text.vQueueAddToRegistry
                0x080021f4       0x28 CMakeFiles/FreeRtosTest.elf.dir/Middlewares/Third_Party/FreeRTOS/Source/queue.c.obj
                0x080021f4                vQueueAddToRegistry
 .text.vQueueWaitForMessageRestricted
                0x0800221c       0x52 CMakeFiles/FreeRtosTest.elf.dir/Middlewares/Third_Party/FreeRTOS/Source/queue.c.obj
                0x0800221c                vQueueWaitForMessageRestricted
 *fill*         0x0800226e        0x2 
 .text.prvResetNextTaskUnblockTime
                0x08002270       0x2c CMakeFiles/FreeRtosTest.elf.dir/Middlewares/Third_Party/FreeRTOS/Source/tasks.c.obj
 .text.prvInitialiseNewTask
                0x0800229c       0x9c CMakeFiles/FreeRtosTest.elf.dir/Middlewares/Third_Party/FreeRTOS/Source/tasks.c.obj
 .text.prvInitialiseTaskLists
                0x08002338       0x68 CMakeFiles/FreeRtosTest.elf.dir/Middlewares/Third_Party/FreeRTOS/Source/tasks.c.obj
 .text.prvAddNewTaskToReadyList
                0x080023a0       0xac CMakeFiles/FreeRtosTest.elf.dir/Middlewares/Third_Party/FreeRTOS/Source/tasks.c.obj
 .text.prvDeleteTCB
                0x0800244c       0x38 CMakeFiles/FreeRtosTest.elf.dir/Middlewares/Third_Party/FreeRTOS/Source/tasks.c.obj
 .text.prvCheckTasksWaitingTermination
                0x08002484       0x4c CMakeFiles/FreeRtosTest.elf.dir/Middlewares/Third_Party/FreeRTOS/Source/tasks.c.obj
 .text.prvIdleTask
                0x080024d0       0x28 CMakeFiles/FreeRtosTest.elf.dir/Middlewares/Third_Party/FreeRTOS/Source/tasks.c.obj
 .text.prvAddCurrentTaskToDelayedList
                0x080024f8       0x7c CMakeFiles/FreeRtosTest.elf.dir/Middlewares/Third_Party/FreeRTOS/Source/tasks.c.obj
 .text.xTaskCreateStatic
                0x08002574       0x74 CMakeFiles/FreeRtosTest.elf.dir/Middlewares/Third_Party/FreeRTOS/Source/tasks.c.obj
                0x08002574                xTaskCreateStatic
 .text.xTaskCreate
                0x080025e8       0x68 CMakeFiles/FreeRtosTest.elf.dir/Middlewares/Third_Party/FreeRTOS/Source/tasks.c.obj
                0x080025e8                xTaskCreate
 .text.vTaskStartScheduler
                0x08002650       0x9c CMakeFiles/FreeRtosTest.elf.dir/Middlewares/Third_Party/FreeRTOS/Source/tasks.c.obj
                0x08002650                vTaskStartScheduler
 .text.vTaskSuspendAll
                0x080026ec       0x10 CMakeFiles/FreeRtosTest.elf.dir/Middlewares/Third_Party/FreeRTOS/Source/tasks.c.obj
                0x080026ec                vTaskSuspendAll
 .text.xTaskGetTickCount
                0x080026fc        0xc CMakeFiles/FreeRtosTest.elf.dir/Middlewares/Third_Party/FreeRTOS/Source/tasks.c.obj
                0x080026fc                xTaskGetTickCount
 .text.xTaskIncrementTick
                0x08002708      0x118 CMakeFiles/FreeRtosTest.elf.dir/Middlewares/Third_Party/FreeRTOS/Source/tasks.c.obj
                0x08002708                xTaskIncrementTick
 .text.xTaskResumeAll
                0x08002820       0xf8 CMakeFiles/FreeRtosTest.elf.dir/Middlewares/Third_Party/FreeRTOS/Source/tasks.c.obj
                0x08002820                xTaskResumeAll
 .text.vTaskDelay
                0x08002918       0x4c CMakeFiles/FreeRtosTest.elf.dir/Middlewares/Third_Party/FreeRTOS/Source/tasks.c.obj
                0x08002918                vTaskDelay
 .text.vTaskSwitchContext
                0x08002964       0x94 CMakeFiles/FreeRtosTest.elf.dir/Middlewares/Third_Party/FreeRTOS/Source/tasks.c.obj
                0x08002964                vTaskSwitchContext
 .text.vTaskPlaceOnEventList
                0x080029f8       0x30 CMakeFiles/FreeRtosTest.elf.dir/Middlewares/Third_Party/FreeRTOS/Source/tasks.c.obj
                0x080029f8                vTaskPlaceOnEventList
 .text.vTaskPlaceOnEventListRestricted
                0x08002a28       0x38 CMakeFiles/FreeRtosTest.elf.dir/Middlewares/Third_Party/FreeRTOS/Source/tasks.c.obj
                0x08002a28                vTaskPlaceOnEventListRestricted
 .text.xTaskRemoveFromEventList
                0x08002a60       0x8c CMakeFiles/FreeRtosTest.elf.dir/Middlewares/Third_Party/FreeRTOS/Source/tasks.c.obj
                0x08002a60                xTaskRemoveFromEventList
 .text.vTaskInternalSetTimeOutState
                0x08002aec       0x18 CMakeFiles/FreeRtosTest.elf.dir/Middlewares/Third_Party/FreeRTOS/Source/tasks.c.obj
                0x08002aec                vTaskInternalSetTimeOutState
 .text.xTaskCheckForTimeOut
                0x08002b04       0x84 CMakeFiles/FreeRtosTest.elf.dir/Middlewares/Third_Party/FreeRTOS/Source/tasks.c.obj
                0x08002b04                xTaskCheckForTimeOut
 .text.vTaskMissedYield
                0x08002b88        0xc CMakeFiles/FreeRtosTest.elf.dir/Middlewares/Third_Party/FreeRTOS/Source/tasks.c.obj
                0x08002b88                vTaskMissedYield
 .text.xTaskGetSchedulerState
                0x08002b94       0x20 CMakeFiles/FreeRtosTest.elf.dir/Middlewares/Third_Party/FreeRTOS/Source/tasks.c.obj
                0x08002b94                xTaskGetSchedulerState
 .text.xTaskPriorityDisinherit
                0x08002bb4       0x90 CMakeFiles/FreeRtosTest.elf.dir/Middlewares/Third_Party/FreeRTOS/Source/tasks.c.obj
                0x08002bb4                xTaskPriorityDisinherit
 .text.prvGetNextExpireTime
                0x08002c44       0x20 CMakeFiles/FreeRtosTest.elf.dir/Middlewares/Third_Party/FreeRTOS/Source/timers.c.obj
 .text.prvInsertTimerInActiveList
                0x08002c64       0x48 CMakeFiles/FreeRtosTest.elf.dir/Middlewares/Third_Party/FreeRTOS/Source/timers.c.obj
 .text.prvCheckForValidListAndQueue
                0x08002cac       0x70 CMakeFiles/FreeRtosTest.elf.dir/Middlewares/Third_Party/FreeRTOS/Source/timers.c.obj
 .text.xTimerCreateTimerTask
                0x08002d1c       0x64 CMakeFiles/FreeRtosTest.elf.dir/Middlewares/Third_Party/FreeRTOS/Source/timers.c.obj
                0x08002d1c                xTimerCreateTimerTask
 .text.xTimerGenericCommand
                0x08002d80       0x6c CMakeFiles/FreeRtosTest.elf.dir/Middlewares/Third_Party/FreeRTOS/Source/timers.c.obj
                0x08002d80                xTimerGenericCommand
 .text.prvSwitchTimerLists
                0x08002dec       0x78 CMakeFiles/FreeRtosTest.elf.dir/Middlewares/Third_Party/FreeRTOS/Source/timers.c.obj
 .text.prvSampleTimeNow
                0x08002e64       0x2c CMakeFiles/FreeRtosTest.elf.dir/Middlewares/Third_Party/FreeRTOS/Source/timers.c.obj
 .text.prvProcessExpiredTimer
                0x08002e90       0x60 CMakeFiles/FreeRtosTest.elf.dir/Middlewares/Third_Party/FreeRTOS/Source/timers.c.obj
 .text.prvProcessTimerOrBlockTask
                0x08002ef0       0x74 CMakeFiles/FreeRtosTest.elf.dir/Middlewares/Third_Party/FreeRTOS/Source/timers.c.obj
 .text.prvProcessReceivedCommands
                0x08002f64       0xf8 CMakeFiles/FreeRtosTest.elf.dir/Middlewares/Third_Party/FreeRTOS/Source/timers.c.obj
 .text.prvTimerTask
                0x0800305c       0x16 CMakeFiles/FreeRtosTest.elf.dir/Middlewares/Third_Party/FreeRTOS/Source/timers.c.obj
 *fill*         0x08003072        0x2 
 .text.Reset_Handler
                0x08003074       0x48 CMakeFiles/FreeRtosTest.elf.dir/startup/startup_stm32f103xe.s.obj
                0x08003074                Reset_Handler
 .text.Default_Handler
                0x080030bc        0x2 CMakeFiles/FreeRtosTest.elf.dir/startup/startup_stm32f103xe.s.obj
                0x080030bc                RTC_Alarm_IRQHandler
                0x080030bc                EXTI2_IRQHandler
                0x080030bc                TIM8_TRG_COM_IRQHandler
                0x080030bc                TIM8_CC_IRQHandler
                0x080030bc                TIM1_CC_IRQHandler
                0x080030bc                TIM6_IRQHandler
                0x080030bc                PVD_IRQHandler
                0x080030bc                SDIO_IRQHandler
                0x080030bc                EXTI3_IRQHandler
                0x080030bc                EXTI0_IRQHandler
                0x080030bc                I2C2_EV_IRQHandler
                0x080030bc                ADC1_2_IRQHandler
                0x080030bc                SPI1_IRQHandler
                0x080030bc                TAMPER_IRQHandler
                0x080030bc                TIM8_UP_IRQHandler
                0x080030bc                DMA2_Channel2_IRQHandler
                0x080030bc                DMA1_Channel4_IRQHandler
                0x080030bc                USART3_IRQHandler
                0x080030bc                RTC_IRQHandler
                0x080030bc                DMA1_Channel7_IRQHandler
                0x080030bc                CAN1_RX1_IRQHandler
                0x080030bc                UART5_IRQHandler
                0x080030bc                ADC3_IRQHandler
                0x080030bc                TIM4_IRQHandler
                0x080030bc                DMA2_Channel1_IRQHandler
                0x080030bc                I2C1_EV_IRQHandler
                0x080030bc                DMA1_Channel6_IRQHandler
                0x080030bc                UART4_IRQHandler
                0x080030bc                TIM3_IRQHandler
                0x080030bc                RCC_IRQHandler
                0x080030bc                TIM1_TRG_COM_IRQHandler
                0x080030bc                DMA1_Channel1_IRQHandler
                0x080030bc                Default_Handler
                0x080030bc                EXTI15_10_IRQHandler
                0x080030bc                TIM7_IRQHandler
                0x080030bc                TIM5_IRQHandler
                0x080030bc                EXTI9_5_IRQHandler
                0x080030bc                SPI2_IRQHandler
                0x080030bc                DMA1_Channel5_IRQHandler
                0x080030bc                EXTI4_IRQHandler
                0x080030bc                USB_LP_CAN1_RX0_IRQHandler
                0x080030bc                USB_HP_CAN1_TX_IRQHandler
                0x080030bc                DMA1_Channel3_IRQHandler
                0x080030bc                FSMC_IRQHandler
                0x080030bc                TIM1_UP_IRQHandler
                0x080030bc                WWDG_IRQHandler
                0x080030bc                TIM2_IRQHandler
                0x080030bc                TIM1_BRK_IRQHandler
                0x080030bc                EXTI1_IRQHandler
                0x080030bc                DMA2_Channel4_5_IRQHandler
                0x080030bc                USART2_IRQHandler
                0x080030bc                I2C2_ER_IRQHandler
                0x080030bc                DMA1_Channel2_IRQHandler
                0x080030bc                TIM8_BRK_IRQHandler
                0x080030bc                CAN1_SCE_IRQHandler
                0x080030bc                FLASH_IRQHandler
                0x080030bc                USART1_IRQHandler
                0x080030bc                SPI3_IRQHandler
                0x080030bc                I2C1_ER_IRQHandler
                0x080030bc                USBWakeUp_IRQHandler
                0x080030bc                DMA2_Channel3_IRQHandler
 *fill*         0x080030be        0x2 
 .text.__errno  0x080030c0        0xc d:/clion_project/gcc-arm-none-eabi-10.3-2021.10/bin/../lib/gcc/arm-none-eabi/10.3.1/../../../../arm-none-eabi/lib/thumb/v7-m/nofp\libg.a(lib_a-errno.o)
                0x080030c0                __errno
 .text.__libc_init_array
                0x080030cc       0x48 d:/clion_project/gcc-arm-none-eabi-10.3-2021.10/bin/../lib/gcc/arm-none-eabi/10.3.1/../../../../arm-none-eabi/lib/thumb/v7-m/nofp\libg.a(lib_a-init.o)
                0x080030cc                __libc_init_array
 .text.memset   0x08003114       0xa4 d:/clion_project/gcc-arm-none-eabi-10.3-2021.10/bin/../lib/gcc/arm-none-eabi/10.3.1/../../../../arm-none-eabi/lib/thumb/v7-m/nofp\libg.a(lib_a-memset.o)
                0x08003114                memset
 .text._puts_r  0x080031b8       0x9c d:/clion_project/gcc-arm-none-eabi-10.3-2021.10/bin/../lib/gcc/arm-none-eabi/10.3.1/../../../../arm-none-eabi/lib/thumb/v7-m/nofp\libg.a(lib_a-puts.o)
                0x080031b8                _puts_r
 .text.puts     0x08003254       0x10 d:/clion_project/gcc-arm-none-eabi-10.3-2021.10/bin/../lib/gcc/arm-none-eabi/10.3.1/../../../../arm-none-eabi/lib/thumb/v7-m/nofp\libg.a(lib_a-puts.o)
                0x08003254                puts
 .text.setvbuf  0x08003264      0x1b0 d:/clion_project/gcc-arm-none-eabi-10.3-2021.10/bin/../lib/gcc/arm-none-eabi/10.3.1/../../../../arm-none-eabi/lib/thumb/v7-m/nofp\libg.a(lib_a-setvbuf.o)
                0x08003264                setvbuf
 .text.strlen   0x08003414       0x5c d:/clion_project/gcc-arm-none-eabi-10.3-2021.10/bin/../lib/gcc/arm-none-eabi/10.3.1/../../../../arm-none-eabi/lib/thumb/v7-m/nofp\libg.a(lib_a-strlen-stub.o)
                0x08003414                strlen
 .text.startup.register_fini
                0x08003470       0x14 d:/clion_project/gcc-arm-none-eabi-10.3-2021.10/bin/../lib/gcc/arm-none-eabi/10.3.1/../../../../arm-none-eabi/lib/thumb/v7-m/nofp\libg.a(lib_a-__call_atexit.o)
 .text.atexit   0x08003484        0xc d:/clion_project/gcc-arm-none-eabi-10.3-2021.10/bin/../lib/gcc/arm-none-eabi/10.3.1/../../../../arm-none-eabi/lib/thumb/v7-m/nofp\libg.a(lib_a-atexit.o)
                0x08003484                atexit
 .text.__sflush_r
                0x08003490      0x124 d:/clion_project/gcc-arm-none-eabi-10.3-2021.10/bin/../lib/gcc/arm-none-eabi/10.3.1/../../../../arm-none-eabi/lib/thumb/v7-m/nofp\libg.a(lib_a-fflush.o)
                0x08003490                __sflush_r
 .text._fflush_r
                0x080035b4       0x5c d:/clion_project/gcc-arm-none-eabi-10.3-2021.10/bin/../lib/gcc/arm-none-eabi/10.3.1/../../../../arm-none-eabi/lib/thumb/v7-m/nofp\libg.a(lib_a-fflush.o)
                0x080035b4                _fflush_r
 .text._cleanup_r
                0x08003610        0xc d:/clion_project/gcc-arm-none-eabi-10.3-2021.10/bin/../lib/gcc/arm-none-eabi/10.3.1/../../../../arm-none-eabi/lib/thumb/v7-m/nofp\libg.a(lib_a-findfp.o)
                0x08003610                _cleanup_r
 .text.__sinit  0x0800361c      0x10c d:/clion_project/gcc-arm-none-eabi-10.3-2021.10/bin/../lib/gcc/arm-none-eabi/10.3.1/../../../../arm-none-eabi/lib/thumb/v7-m/nofp\libg.a(lib_a-findfp.o)
                0x0800361c                __sinit
 .text.__sfp_lock_acquire
                0x08003728        0xc d:/clion_project/gcc-arm-none-eabi-10.3-2021.10/bin/../lib/gcc/arm-none-eabi/10.3.1/../../../../arm-none-eabi/lib/thumb/v7-m/nofp\libg.a(lib_a-findfp.o)
                0x08003728                __sfp_lock_acquire
 .text.__sfp_lock_release
                0x08003734        0xc d:/clion_project/gcc-arm-none-eabi-10.3-2021.10/bin/../lib/gcc/arm-none-eabi/10.3.1/../../../../arm-none-eabi/lib/thumb/v7-m/nofp\libg.a(lib_a-findfp.o)
                0x08003734                __sfp_lock_release
 .text.__libc_fini_array
                0x08003740       0x2c d:/clion_project/gcc-arm-none-eabi-10.3-2021.10/bin/../lib/gcc/arm-none-eabi/10.3.1/../../../../arm-none-eabi/lib/thumb/v7-m/nofp\libg.a(lib_a-fini.o)
                0x08003740                __libc_fini_array
 .text._malloc_trim_r
                0x0800376c       0xa0 d:/clion_project/gcc-arm-none-eabi-10.3-2021.10/bin/../lib/gcc/arm-none-eabi/10.3.1/../../../../arm-none-eabi/lib/thumb/v7-m/nofp\libg.a(lib_a-freer.o)
                0x0800376c                _malloc_trim_r
 .text._free_r  0x0800380c      0x200 d:/clion_project/gcc-arm-none-eabi-10.3-2021.10/bin/../lib/gcc/arm-none-eabi/10.3.1/../../../../arm-none-eabi/lib/thumb/v7-m/nofp\libg.a(lib_a-freer.o)
                0x0800380c                _free_r
 .text.__sfvwrite_r
                0x08003a0c      0x2f0 d:/clion_project/gcc-arm-none-eabi-10.3-2021.10/bin/../lib/gcc/arm-none-eabi/10.3.1/../../../../arm-none-eabi/lib/thumb/v7-m/nofp\libg.a(lib_a-fvwrite.o)
                0x08003a0c                __sfvwrite_r
 .text._fwalk_reent
                0x08003cfc       0x48 d:/clion_project/gcc-arm-none-eabi-10.3-2021.10/bin/../lib/gcc/arm-none-eabi/10.3.1/../../../../arm-none-eabi/lib/thumb/v7-m/nofp\libg.a(lib_a-fwalk.o)
                0x08003cfc                _fwalk_reent
 .text.__retarget_lock_init_recursive
                0x08003d44        0x4 d:/clion_project/gcc-arm-none-eabi-10.3-2021.10/bin/../lib/gcc/arm-none-eabi/10.3.1/../../../../arm-none-eabi/lib/thumb/v7-m/nofp\libg.a(lib_a-lock.o)
                0x08003d44                __retarget_lock_init_recursive
 .text.__retarget_lock_close_recursive
                0x08003d48        0x4 d:/clion_project/gcc-arm-none-eabi-10.3-2021.10/bin/../lib/gcc/arm-none-eabi/10.3.1/../../../../arm-none-eabi/lib/thumb/v7-m/nofp\libg.a(lib_a-lock.o)
                0x08003d48                __retarget_lock_close_recursive
 .text.__retarget_lock_acquire_recursive
                0x08003d4c        0x4 d:/clion_project/gcc-arm-none-eabi-10.3-2021.10/bin/../lib/gcc/arm-none-eabi/10.3.1/../../../../arm-none-eabi/lib/thumb/v7-m/nofp\libg.a(lib_a-lock.o)
                0x08003d4c                __retarget_lock_acquire_recursive
 .text.__retarget_lock_release_recursive
                0x08003d50        0x4 d:/clion_project/gcc-arm-none-eabi-10.3-2021.10/bin/../lib/gcc/arm-none-eabi/10.3.1/../../../../arm-none-eabi/lib/thumb/v7-m/nofp\libg.a(lib_a-lock.o)
                0x08003d50                __retarget_lock_release_recursive
 .text.__smakebuf_r
                0x08003d54       0xe0 d:/clion_project/gcc-arm-none-eabi-10.3-2021.10/bin/../lib/gcc/arm-none-eabi/10.3.1/../../../../arm-none-eabi/lib/thumb/v7-m/nofp\libg.a(lib_a-makebuf.o)
                0x08003d54                __smakebuf_r
 .text.__swhatbuf_r
                0x08003e34       0x60 d:/clion_project/gcc-arm-none-eabi-10.3-2021.10/bin/../lib/gcc/arm-none-eabi/10.3.1/../../../../arm-none-eabi/lib/thumb/v7-m/nofp\libg.a(lib_a-makebuf.o)
                0x08003e34                __swhatbuf_r
 .text.malloc   0x08003e94       0x10 d:/clion_project/gcc-arm-none-eabi-10.3-2021.10/bin/../lib/gcc/arm-none-eabi/10.3.1/../../../../arm-none-eabi/lib/thumb/v7-m/nofp\libg.a(lib_a-malloc.o)
                0x08003e94                malloc
 .text._malloc_r
                0x08003ea4      0x558 d:/clion_project/gcc-arm-none-eabi-10.3-2021.10/bin/../lib/gcc/arm-none-eabi/10.3.1/../../../../arm-none-eabi/lib/thumb/v7-m/nofp\libg.a(lib_a-mallocr.o)
                0x08003ea4                _malloc_r
 .text.memchr   0x080043fc       0x90 d:/clion_project/gcc-arm-none-eabi-10.3-2021.10/bin/../lib/gcc/arm-none-eabi/10.3.1/../../../../arm-none-eabi/lib/thumb/v7-m/nofp\libg.a(lib_a-memchr-stub.o)
                0x080043fc                memchr
 .text.memmove  0x0800448c       0xf8 d:/clion_project/gcc-arm-none-eabi-10.3-2021.10/bin/../lib/gcc/arm-none-eabi/10.3.1/../../../../arm-none-eabi/lib/thumb/v7-m/nofp\libg.a(lib_a-memmove.o)
                0x0800448c                memmove
 .text.__malloc_lock
                0x08004584        0xc d:/clion_project/gcc-arm-none-eabi-10.3-2021.10/bin/../lib/gcc/arm-none-eabi/10.3.1/../../../../arm-none-eabi/lib/thumb/v7-m/nofp\libg.a(lib_a-mlock.o)
                0x08004584                __malloc_lock
 .text.__malloc_unlock
                0x08004590        0xc d:/clion_project/gcc-arm-none-eabi-10.3-2021.10/bin/../lib/gcc/arm-none-eabi/10.3.1/../../../../arm-none-eabi/lib/thumb/v7-m/nofp\libg.a(lib_a-mlock.o)
                0x08004590                __malloc_unlock
 .text._realloc_r
                0x0800459c      0x3dc d:/clion_project/gcc-arm-none-eabi-10.3-2021.10/bin/../lib/gcc/arm-none-eabi/10.3.1/../../../../arm-none-eabi/lib/thumb/v7-m/nofp\libg.a(lib_a-reallocr.o)
                0x0800459c                _realloc_r
 .text._sbrk_r  0x08004978       0x24 d:/clion_project/gcc-arm-none-eabi-10.3-2021.10/bin/../lib/gcc/arm-none-eabi/10.3.1/../../../../arm-none-eabi/lib/thumb/v7-m/nofp\libg.a(lib_a-sbrkr.o)
                0x08004978                _sbrk_r
 .text.__sread  0x0800499c       0x24 d:/clion_project/gcc-arm-none-eabi-10.3-2021.10/bin/../lib/gcc/arm-none-eabi/10.3.1/../../../../arm-none-eabi/lib/thumb/v7-m/nofp\libg.a(lib_a-stdio.o)
                0x0800499c                __sread
 .text.__swrite
                0x080049c0       0x40 d:/clion_project/gcc-arm-none-eabi-10.3-2021.10/bin/../lib/gcc/arm-none-eabi/10.3.1/../../../../arm-none-eabi/lib/thumb/v7-m/nofp\libg.a(lib_a-stdio.o)
                0x080049c0                __swrite
 .text.__sseek  0x08004a00       0x20 d:/clion_project/gcc-arm-none-eabi-10.3-2021.10/bin/../lib/gcc/arm-none-eabi/10.3.1/../../../../arm-none-eabi/lib/thumb/v7-m/nofp\libg.a(lib_a-stdio.o)
                0x08004a00                __sseek
 .text.__sclose
                0x08004a20        0x8 d:/clion_project/gcc-arm-none-eabi-10.3-2021.10/bin/../lib/gcc/arm-none-eabi/10.3.1/../../../../arm-none-eabi/lib/thumb/v7-m/nofp\libg.a(lib_a-stdio.o)
                0x08004a20                __sclose
 .text._write_r
                0x08004a28       0x2c d:/clion_project/gcc-arm-none-eabi-10.3-2021.10/bin/../lib/gcc/arm-none-eabi/10.3.1/../../../../arm-none-eabi/lib/thumb/v7-m/nofp\libg.a(lib_a-writer.o)
                0x08004a28                _write_r
 .text.__swsetup_r
                0x08004a54       0xd4 d:/clion_project/gcc-arm-none-eabi-10.3-2021.10/bin/../lib/gcc/arm-none-eabi/10.3.1/../../../../arm-none-eabi/lib/thumb/v7-m/nofp\libg.a(lib_a-wsetup.o)
                0x08004a54                __swsetup_r
 .text.__register_exitproc
                0x08004b28       0x8c d:/clion_project/gcc-arm-none-eabi-10.3-2021.10/bin/../lib/gcc/arm-none-eabi/10.3.1/../../../../arm-none-eabi/lib/thumb/v7-m/nofp\libg.a(lib_a-__atexit.o)
                0x08004b28                __register_exitproc
 .text._close_r
                0x08004bb4       0x24 d:/clion_project/gcc-arm-none-eabi-10.3-2021.10/bin/../lib/gcc/arm-none-eabi/10.3.1/../../../../arm-none-eabi/lib/thumb/v7-m/nofp\libg.a(lib_a-closer.o)
                0x08004bb4                _close_r
 .text._fclose_r
                0x08004bd8       0xcc d:/clion_project/gcc-arm-none-eabi-10.3-2021.10/bin/../lib/gcc/arm-none-eabi/10.3.1/../../../../arm-none-eabi/lib/thumb/v7-m/nofp\libg.a(lib_a-fclose.o)
                0x08004bd8                _fclose_r
 .text._fstat_r
                0x08004ca4       0x28 d:/clion_project/gcc-arm-none-eabi-10.3-2021.10/bin/../lib/gcc/arm-none-eabi/10.3.1/../../../../arm-none-eabi/lib/thumb/v7-m/nofp\libg.a(lib_a-fstatr.o)
                0x08004ca4                _fstat_r
 .text._isatty_r
                0x08004ccc       0x24 d:/clion_project/gcc-arm-none-eabi-10.3-2021.10/bin/../lib/gcc/arm-none-eabi/10.3.1/../../../../arm-none-eabi/lib/thumb/v7-m/nofp\libg.a(lib_a-isattyr.o)
                0x08004ccc                _isatty_r
 .text._lseek_r
                0x08004cf0       0x2c d:/clion_project/gcc-arm-none-eabi-10.3-2021.10/bin/../lib/gcc/arm-none-eabi/10.3.1/../../../../arm-none-eabi/lib/thumb/v7-m/nofp\libg.a(lib_a-lseekr.o)
                0x08004cf0                _lseek_r
 .text._read_r  0x08004d1c       0x2c d:/clion_project/gcc-arm-none-eabi-10.3-2021.10/bin/../lib/gcc/arm-none-eabi/10.3.1/../../../../arm-none-eabi/lib/thumb/v7-m/nofp\libg.a(lib_a-readr.o)
                0x08004d1c                _read_r
 *(.glue_7)
 .glue_7        0x08004d48        0x0 linker stubs
 *(.glue_7t)
 .glue_7t       0x08004d48        0x0 linker stubs
 *(.eh_frame)
 .eh_frame      0x08004d48        0x0 d:/clion_project/gcc-arm-none-eabi-10.3-2021.10/bin/../lib/gcc/arm-none-eabi/10.3.1/thumb/v7-m/nofp/crtbegin.o
 *(.init)
 .init          0x08004d48        0x4 d:/clion_project/gcc-arm-none-eabi-10.3-2021.10/bin/../lib/gcc/arm-none-eabi/10.3.1/thumb/v7-m/nofp/crti.o
                0x08004d48                _init
 .init          0x08004d4c        0x8 d:/clion_project/gcc-arm-none-eabi-10.3-2021.10/bin/../lib/gcc/arm-none-eabi/10.3.1/thumb/v7-m/nofp/crtn.o
 *(.fini)
 .fini          0x08004d54        0x4 d:/clion_project/gcc-arm-none-eabi-10.3-2021.10/bin/../lib/gcc/arm-none-eabi/10.3.1/thumb/v7-m/nofp/crti.o
                0x08004d54                _fini
 .fini          0x08004d58        0x8 d:/clion_project/gcc-arm-none-eabi-10.3-2021.10/bin/../lib/gcc/arm-none-eabi/10.3.1/thumb/v7-m/nofp/crtn.o
                0x08004d60                . = ALIGN (0x4)
                0x08004d60                _etext = .

.vfp11_veneer   0x08004d60        0x0
 .vfp11_veneer  0x08004d60        0x0 linker stubs

.v4_bx          0x08004d60        0x0
 .v4_bx         0x08004d60        0x0 linker stubs

.iplt           0x08004d60        0x0
 .iplt          0x08004d60        0x0 d:/clion_project/gcc-arm-none-eabi-10.3-2021.10/bin/../lib/gcc/arm-none-eabi/10.3.1/thumb/v7-m/nofp/crtbegin.o

.rodata         0x08004d60       0xe0
                0x08004d60                . = ALIGN (0x4)
 *(.rodata)
 *(.rodata*)
 .rodata.StartTask03.str1.4
                0x08004d60       0x10 CMakeFiles/FreeRtosTest.elf.dir/Core/Src/freertos.c.obj
 .rodata.str1.4
                0x08004d70       0x18 CMakeFiles/FreeRtosTest.elf.dir/Core/Src/freertos.c.obj
 .rodata.LED_attributes
                0x08004d88       0x24 CMakeFiles/FreeRtosTest.elf.dir/Core/Src/freertos.c.obj
                0x08004d88                LED_attributes
 .rodata.UART_attributes
                0x08004dac       0x24 CMakeFiles/FreeRtosTest.elf.dir/Core/Src/freertos.c.obj
                0x08004dac                UART_attributes
 .rodata.defaultTask_attributes
                0x08004dd0       0x24 CMakeFiles/FreeRtosTest.elf.dir/Core/Src/freertos.c.obj
                0x08004dd0                defaultTask_attributes
 .rodata.AHBPrescTable
                0x08004df4       0x10 CMakeFiles/FreeRtosTest.elf.dir/Core/Src/system_stm32f1xx.c.obj
                0x08004df4                AHBPrescTable
 .rodata.APBPrescTable
                0x08004e04        0x8 CMakeFiles/FreeRtosTest.elf.dir/Core/Src/system_stm32f1xx.c.obj
                0x08004e04                APBPrescTable
 .rodata.HAL_RCC_GetSysClockFreq.str1.4
                0x08004e0c       0x11 CMakeFiles/FreeRtosTest.elf.dir/Drivers/STM32F1xx_HAL_Driver/Src/stm32f1xx_hal_rcc.c.obj
 *fill*         0x08004e1d        0x3 
 .rodata.vTaskStartScheduler.str1.4
                0x08004e20        0x5 CMakeFiles/FreeRtosTest.elf.dir/Middlewares/Third_Party/FreeRTOS/Source/tasks.c.obj
 *fill*         0x08004e25        0x3 
 .rodata.prvCheckForValidListAndQueue.str1.4
                0x08004e28        0x5 CMakeFiles/FreeRtosTest.elf.dir/Middlewares/Third_Party/FreeRTOS/Source/timers.c.obj
 *fill*         0x08004e2d        0x3 
 .rodata.xTimerCreateTimerTask.str1.4
                0x08004e30        0x8 CMakeFiles/FreeRtosTest.elf.dir/Middlewares/Third_Party/FreeRTOS/Source/timers.c.obj
 .rodata._global_impure_ptr
                0x08004e38        0x4 d:/clion_project/gcc-arm-none-eabi-10.3-2021.10/bin/../lib/gcc/arm-none-eabi/10.3.1/../../../../arm-none-eabi/lib/thumb/v7-m/nofp\libg.a(lib_a-impure.o)
                0x08004e38                _global_impure_ptr
 .rodata._puts_r.str1.4
                0x08004e3c        0x2 d:/clion_project/gcc-arm-none-eabi-10.3-2021.10/bin/../lib/gcc/arm-none-eabi/10.3.1/../../../../arm-none-eabi/lib/thumb/v7-m/nofp\libg.a(lib_a-puts.o)
                0x08004e40                . = ALIGN (0x4)
 *fill*         0x08004e3e        0x2 

.rel.dyn        0x08004e40        0x0
 .rel.iplt      0x08004e40        0x0 d:/clion_project/gcc-arm-none-eabi-10.3-2021.10/bin/../lib/gcc/arm-none-eabi/10.3.1/thumb/v7-m/nofp/crtbegin.o

.ARM.extab
 *(.ARM.extab* .gnu.linkonce.armextab.*)

.ARM            0x08004e40        0x0
                0x08004e40                __exidx_start = .
 *(.ARM.exidx*)
                0x08004e40                __exidx_end = .

.preinit_array  0x08004e40        0x0
                0x08004e40                PROVIDE (__preinit_array_start = .)
 *(.preinit_array*)
                0x08004e40                PROVIDE (__preinit_array_end = .)

.init_array     0x08004e40        0x8
                0x08004e40                PROVIDE (__init_array_start = .)
 *(SORT_BY_NAME(.init_array.*))
 .init_array.00000
                0x08004e40        0x4 d:/clion_project/gcc-arm-none-eabi-10.3-2021.10/bin/../lib/gcc/arm-none-eabi/10.3.1/../../../../arm-none-eabi/lib/thumb/v7-m/nofp\libg.a(lib_a-__call_atexit.o)
 *(.init_array*)
 .init_array    0x08004e44        0x4 d:/clion_project/gcc-arm-none-eabi-10.3-2021.10/bin/../lib/gcc/arm-none-eabi/10.3.1/thumb/v7-m/nofp/crtbegin.o
                0x08004e48                PROVIDE (__init_array_end = .)

.fini_array     0x08004e48        0x4
                0x08004e48                PROVIDE (__fini_array_start = .)
 *(SORT_BY_NAME(.fini_array.*))
 *(.fini_array*)
 .fini_array    0x08004e48        0x4 d:/clion_project/gcc-arm-none-eabi-10.3-2021.10/bin/../lib/gcc/arm-none-eabi/10.3.1/thumb/v7-m/nofp/crtbegin.o
                0x08004e4c                PROVIDE (__fini_array_end = .)
                0x08004e4c                _sidata = LOADADDR (.data)

.data           0x20000000      0x854 load address 0x08004e4c
                0x20000000                . = ALIGN (0x4)
                0x20000000                _sdata = .
 *(.data)
 *(.data*)
 .data.SystemCoreClock
                0x20000000        0x4 CMakeFiles/FreeRtosTest.elf.dir/Core/Src/system_stm32f1xx.c.obj
                0x20000000                SystemCoreClock
 .data.uwTickFreq
                0x20000004        0x1 CMakeFiles/FreeRtosTest.elf.dir/Drivers/STM32F1xx_HAL_Driver/Src/stm32f1xx_hal.c.obj
                0x20000004                uwTickFreq
 *fill*         0x20000005        0x3 
 .data.uwTickPrio
                0x20000008        0x4 CMakeFiles/FreeRtosTest.elf.dir/Drivers/STM32F1xx_HAL_Driver/Src/stm32f1xx_hal.c.obj
                0x20000008                uwTickPrio
 .data.uxCriticalNesting
                0x2000000c        0x4 CMakeFiles/FreeRtosTest.elf.dir/Middlewares/Third_Party/FreeRTOS/Source/portable/GCC/ARM_CM3/port.c.obj
 .data._impure_ptr
                0x20000010        0x4 d:/clion_project/gcc-arm-none-eabi-10.3-2021.10/bin/../lib/gcc/arm-none-eabi/10.3.1/../../../../arm-none-eabi/lib/thumb/v7-m/nofp\libg.a(lib_a-impure.o)
                0x20000010                _impure_ptr
 *fill*         0x20000014        0x4 
 .data.impure_data
                0x20000018      0x428 d:/clion_project/gcc-arm-none-eabi-10.3-2021.10/bin/../lib/gcc/arm-none-eabi/10.3.1/../../../../arm-none-eabi/lib/thumb/v7-m/nofp\libg.a(lib_a-impure.o)
 .data.__atexit_recursive_mutex
                0x20000440        0x4 d:/clion_project/gcc-arm-none-eabi-10.3-2021.10/bin/../lib/gcc/arm-none-eabi/10.3.1/../../../../arm-none-eabi/lib/thumb/v7-m/nofp\libg.a(lib_a-__call_atexit.o)
                0x20000440                __atexit_recursive_mutex
 .data.__malloc_av_
                0x20000444      0x408 d:/clion_project/gcc-arm-none-eabi-10.3-2021.10/bin/../lib/gcc/arm-none-eabi/10.3.1/../../../../arm-none-eabi/lib/thumb/v7-m/nofp\libg.a(lib_a-mallocr.o)
                0x20000444                __malloc_av_
 .data.__malloc_sbrk_base
                0x2000084c        0x4 d:/clion_project/gcc-arm-none-eabi-10.3-2021.10/bin/../lib/gcc/arm-none-eabi/10.3.1/../../../../arm-none-eabi/lib/thumb/v7-m/nofp\libg.a(lib_a-mallocr.o)
                0x2000084c                __malloc_sbrk_base
 .data.__malloc_trim_threshold
                0x20000850        0x4 d:/clion_project/gcc-arm-none-eabi-10.3-2021.10/bin/../lib/gcc/arm-none-eabi/10.3.1/../../../../arm-none-eabi/lib/thumb/v7-m/nofp\libg.a(lib_a-mallocr.o)
                0x20000850                __malloc_trim_threshold
                0x20000854                . = ALIGN (0x4)
                0x20000854                _edata = .

.igot.plt       0x20000854        0x0 load address 0x080056a0
 .igot.plt      0x20000854        0x0 d:/clion_project/gcc-arm-none-eabi-10.3-2021.10/bin/../lib/gcc/arm-none-eabi/10.3.1/thumb/v7-m/nofp/crtbegin.o
                0x20000854                . = ALIGN (0x4)

.bss            0x20000854     0x1a08 load address 0x080056a0
                0x20000854                _sbss = .
                0x20000854                __bss_start__ = _sbss
 *(.bss)
 .bss           0x20000854       0x1c d:/clion_project/gcc-arm-none-eabi-10.3-2021.10/bin/../lib/gcc/arm-none-eabi/10.3.1/thumb/v7-m/nofp/crtbegin.o
 *(.bss*)
 .bss.LEDHandle
                0x20000870        0x4 CMakeFiles/FreeRtosTest.elf.dir/Core/Src/freertos.c.obj
                0x20000870                LEDHandle
 .bss.UARTHandle
                0x20000874        0x4 CMakeFiles/FreeRtosTest.elf.dir/Core/Src/freertos.c.obj
                0x20000874                UARTHandle
 .bss.defaultTaskHandle
                0x20000878        0x4 CMakeFiles/FreeRtosTest.elf.dir/Core/Src/freertos.c.obj
                0x20000878                defaultTaskHandle
 .bss.gHuart    0x2000087c        0x4 CMakeFiles/FreeRtosTest.elf.dir/Core/Src/retarget.c.obj
                0x2000087c                gHuart
 .bss.heap_end.0
                0x20000880        0x4 CMakeFiles/FreeRtosTest.elf.dir/Core/Src/syscalls.c.obj
 .bss.huart1    0x20000884       0x44 CMakeFiles/FreeRtosTest.elf.dir/Core/Src/usart.c.obj
                0x20000884                huart1
 .bss.uwTick    0x200008c8        0x4 CMakeFiles/FreeRtosTest.elf.dir/Drivers/STM32F1xx_HAL_Driver/Src/stm32f1xx_hal.c.obj
                0x200008c8                uwTick
 .bss.Idle_Stack
                0x200008cc      0x200 CMakeFiles/FreeRtosTest.elf.dir/Middlewares/Third_Party/FreeRTOS/Source/CMSIS_RTOS_V2/cmsis_os2.c.obj
 .bss.Idle_TCB  0x20000acc       0x5c CMakeFiles/FreeRtosTest.elf.dir/Middlewares/Third_Party/FreeRTOS/Source/CMSIS_RTOS_V2/cmsis_os2.c.obj
 .bss.KernelState
                0x20000b28        0x4 CMakeFiles/FreeRtosTest.elf.dir/Middlewares/Third_Party/FreeRTOS/Source/CMSIS_RTOS_V2/cmsis_os2.c.obj
 .bss.Timer_Stack
                0x20000b2c      0x400 CMakeFiles/FreeRtosTest.elf.dir/Middlewares/Third_Party/FreeRTOS/Source/CMSIS_RTOS_V2/cmsis_os2.c.obj
 .bss.Timer_TCB
                0x20000f2c       0x5c CMakeFiles/FreeRtosTest.elf.dir/Middlewares/Third_Party/FreeRTOS/Source/CMSIS_RTOS_V2/cmsis_os2.c.obj
 .bss.ucMaxSysCallPriority
                0x20000f88        0x1 CMakeFiles/FreeRtosTest.elf.dir/Middlewares/Third_Party/FreeRTOS/Source/portable/GCC/ARM_CM3/port.c.obj
 *fill*         0x20000f89        0x3 
 .bss.ulMaxPRIGROUPValue
                0x20000f8c        0x4 CMakeFiles/FreeRtosTest.elf.dir/Middlewares/Third_Party/FreeRTOS/Source/portable/GCC/ARM_CM3/port.c.obj
 .bss.pxEnd     0x20000f90        0x4 CMakeFiles/FreeRtosTest.elf.dir/Middlewares/Third_Party/FreeRTOS/Source/portable/MemMang/heap_4.c.obj
 .bss.ucHeap    0x20000f94      0xc00 CMakeFiles/FreeRtosTest.elf.dir/Middlewares/Third_Party/FreeRTOS/Source/portable/MemMang/heap_4.c.obj
 .bss.xBlockAllocatedBit
                0x20001b94        0x4 CMakeFiles/FreeRtosTest.elf.dir/Middlewares/Third_Party/FreeRTOS/Source/portable/MemMang/heap_4.c.obj
 .bss.xFreeBytesRemaining
                0x20001b98        0x4 CMakeFiles/FreeRtosTest.elf.dir/Middlewares/Third_Party/FreeRTOS/Source/portable/MemMang/heap_4.c.obj
 .bss.xMinimumEverFreeBytesRemaining
                0x20001b9c        0x4 CMakeFiles/FreeRtosTest.elf.dir/Middlewares/Third_Party/FreeRTOS/Source/portable/MemMang/heap_4.c.obj
 .bss.xStart    0x20001ba0        0x8 CMakeFiles/FreeRtosTest.elf.dir/Middlewares/Third_Party/FreeRTOS/Source/portable/MemMang/heap_4.c.obj
 .bss.xQueueRegistry
                0x20001ba8       0x40 CMakeFiles/FreeRtosTest.elf.dir/Middlewares/Third_Party/FreeRTOS/Source/queue.c.obj
                0x20001ba8                xQueueRegistry
 .bss.pxCurrentTCB
                0x20001be8        0x4 CMakeFiles/FreeRtosTest.elf.dir/Middlewares/Third_Party/FreeRTOS/Source/tasks.c.obj
                0x20001be8                pxCurrentTCB
 .bss.pxDelayedTaskList
                0x20001bec        0x4 CMakeFiles/FreeRtosTest.elf.dir/Middlewares/Third_Party/FreeRTOS/Source/tasks.c.obj
 .bss.pxOverflowDelayedTaskList
                0x20001bf0        0x4 CMakeFiles/FreeRtosTest.elf.dir/Middlewares/Third_Party/FreeRTOS/Source/tasks.c.obj
 .bss.pxReadyTasksLists
                0x20001bf4      0x460 CMakeFiles/FreeRtosTest.elf.dir/Middlewares/Third_Party/FreeRTOS/Source/tasks.c.obj
 .bss.uxCurrentNumberOfTasks
                0x20002054        0x4 CMakeFiles/FreeRtosTest.elf.dir/Middlewares/Third_Party/FreeRTOS/Source/tasks.c.obj
 .bss.uxDeletedTasksWaitingCleanUp
                0x20002058        0x4 CMakeFiles/FreeRtosTest.elf.dir/Middlewares/Third_Party/FreeRTOS/Source/tasks.c.obj
 .bss.uxPendedTicks
                0x2000205c        0x4 CMakeFiles/FreeRtosTest.elf.dir/Middlewares/Third_Party/FreeRTOS/Source/tasks.c.obj
 .bss.uxSchedulerSuspended
                0x20002060        0x4 CMakeFiles/FreeRtosTest.elf.dir/Middlewares/Third_Party/FreeRTOS/Source/tasks.c.obj
 .bss.uxTaskNumber
                0x20002064        0x4 CMakeFiles/FreeRtosTest.elf.dir/Middlewares/Third_Party/FreeRTOS/Source/tasks.c.obj
 .bss.uxTopReadyPriority
                0x20002068        0x4 CMakeFiles/FreeRtosTest.elf.dir/Middlewares/Third_Party/FreeRTOS/Source/tasks.c.obj
 .bss.xDelayedTaskList1
                0x2000206c       0x14 CMakeFiles/FreeRtosTest.elf.dir/Middlewares/Third_Party/FreeRTOS/Source/tasks.c.obj
 .bss.xDelayedTaskList2
                0x20002080       0x14 CMakeFiles/FreeRtosTest.elf.dir/Middlewares/Third_Party/FreeRTOS/Source/tasks.c.obj
 .bss.xIdleTaskHandle
                0x20002094        0x4 CMakeFiles/FreeRtosTest.elf.dir/Middlewares/Third_Party/FreeRTOS/Source/tasks.c.obj
 .bss.xNextTaskUnblockTime
                0x20002098        0x4 CMakeFiles/FreeRtosTest.elf.dir/Middlewares/Third_Party/FreeRTOS/Source/tasks.c.obj
 .bss.xNumOfOverflows
                0x2000209c        0x4 CMakeFiles/FreeRtosTest.elf.dir/Middlewares/Third_Party/FreeRTOS/Source/tasks.c.obj
 .bss.xPendingReadyList
                0x200020a0       0x14 CMakeFiles/FreeRtosTest.elf.dir/Middlewares/Third_Party/FreeRTOS/Source/tasks.c.obj
 .bss.xSchedulerRunning
                0x200020b4        0x4 CMakeFiles/FreeRtosTest.elf.dir/Middlewares/Third_Party/FreeRTOS/Source/tasks.c.obj
 .bss.xSuspendedTaskList
                0x200020b8       0x14 CMakeFiles/FreeRtosTest.elf.dir/Middlewares/Third_Party/FreeRTOS/Source/tasks.c.obj
 .bss.xTasksWaitingTermination
                0x200020cc       0x14 CMakeFiles/FreeRtosTest.elf.dir/Middlewares/Third_Party/FreeRTOS/Source/tasks.c.obj
 .bss.xTickCount
                0x200020e0        0x4 CMakeFiles/FreeRtosTest.elf.dir/Middlewares/Third_Party/FreeRTOS/Source/tasks.c.obj
 .bss.xYieldPending
                0x200020e4        0x4 CMakeFiles/FreeRtosTest.elf.dir/Middlewares/Third_Party/FreeRTOS/Source/tasks.c.obj
 .bss.pxCurrentTimerList
                0x200020e8        0x4 CMakeFiles/FreeRtosTest.elf.dir/Middlewares/Third_Party/FreeRTOS/Source/timers.c.obj
 .bss.pxOverflowTimerList
                0x200020ec        0x4 CMakeFiles/FreeRtosTest.elf.dir/Middlewares/Third_Party/FreeRTOS/Source/timers.c.obj
 .bss.ucStaticTimerQueueStorage.1
                0x200020f0       0xa0 CMakeFiles/FreeRtosTest.elf.dir/Middlewares/Third_Party/FreeRTOS/Source/timers.c.obj
 .bss.xActiveTimerList1
                0x20002190       0x14 CMakeFiles/FreeRtosTest.elf.dir/Middlewares/Third_Party/FreeRTOS/Source/timers.c.obj
 .bss.xActiveTimerList2
                0x200021a4       0x14 CMakeFiles/FreeRtosTest.elf.dir/Middlewares/Third_Party/FreeRTOS/Source/timers.c.obj
 .bss.xLastTime.2
                0x200021b8        0x4 CMakeFiles/FreeRtosTest.elf.dir/Middlewares/Third_Party/FreeRTOS/Source/timers.c.obj
 .bss.xStaticTimerQueue.0
                0x200021bc       0x50 CMakeFiles/FreeRtosTest.elf.dir/Middlewares/Third_Party/FreeRTOS/Source/timers.c.obj
 .bss.xTimerQueue
                0x2000220c        0x4 CMakeFiles/FreeRtosTest.elf.dir/Middlewares/Third_Party/FreeRTOS/Source/timers.c.obj
 .bss.xTimerTaskHandle
                0x20002210        0x4 CMakeFiles/FreeRtosTest.elf.dir/Middlewares/Third_Party/FreeRTOS/Source/timers.c.obj
 .bss.__lock___atexit_recursive_mutex
                0x20002214        0x1 d:/clion_project/gcc-arm-none-eabi-10.3-2021.10/bin/../lib/gcc/arm-none-eabi/10.3.1/../../../../arm-none-eabi/lib/thumb/v7-m/nofp\libg.a(lib_a-lock.o)
                0x20002214                __lock___atexit_recursive_mutex
 *fill*         0x20002215        0x3 
 .bss.__lock___malloc_recursive_mutex
                0x20002218        0x1 d:/clion_project/gcc-arm-none-eabi-10.3-2021.10/bin/../lib/gcc/arm-none-eabi/10.3.1/../../../../arm-none-eabi/lib/thumb/v7-m/nofp\libg.a(lib_a-lock.o)
                0x20002218                __lock___malloc_recursive_mutex
 *fill*         0x20002219        0x3 
 .bss.__lock___sfp_recursive_mutex
                0x2000221c        0x1 d:/clion_project/gcc-arm-none-eabi-10.3-2021.10/bin/../lib/gcc/arm-none-eabi/10.3.1/../../../../arm-none-eabi/lib/thumb/v7-m/nofp\libg.a(lib_a-lock.o)
                0x2000221c                __lock___sfp_recursive_mutex
 *fill*         0x2000221d        0x3 
 .bss.__lock___sinit_recursive_mutex
                0x20002220        0x1 d:/clion_project/gcc-arm-none-eabi-10.3-2021.10/bin/../lib/gcc/arm-none-eabi/10.3.1/../../../../arm-none-eabi/lib/thumb/v7-m/nofp\libg.a(lib_a-lock.o)
                0x20002220                __lock___sinit_recursive_mutex
 *fill*         0x20002221        0x3 
 .bss.__malloc_current_mallinfo
                0x20002224       0x28 d:/clion_project/gcc-arm-none-eabi-10.3-2021.10/bin/../lib/gcc/arm-none-eabi/10.3.1/../../../../arm-none-eabi/lib/thumb/v7-m/nofp\libg.a(lib_a-mallocr.o)
                0x20002224                __malloc_current_mallinfo
 .bss.__malloc_max_sbrked_mem
                0x2000224c        0x4 d:/clion_project/gcc-arm-none-eabi-10.3-2021.10/bin/../lib/gcc/arm-none-eabi/10.3.1/../../../../arm-none-eabi/lib/thumb/v7-m/nofp\libg.a(lib_a-mallocr.o)
                0x2000224c                __malloc_max_sbrked_mem
 .bss.__malloc_max_total_mem
                0x20002250        0x4 d:/clion_project/gcc-arm-none-eabi-10.3-2021.10/bin/../lib/gcc/arm-none-eabi/10.3.1/../../../../arm-none-eabi/lib/thumb/v7-m/nofp\libg.a(lib_a-mallocr.o)
                0x20002250                __malloc_max_total_mem
 .bss.__malloc_top_pad
                0x20002254        0x4 d:/clion_project/gcc-arm-none-eabi-10.3-2021.10/bin/../lib/gcc/arm-none-eabi/10.3.1/../../../../arm-none-eabi/lib/thumb/v7-m/nofp\libg.a(lib_a-mallocr.o)
                0x20002254                __malloc_top_pad
 .bss.errno     0x20002258        0x4 d:/clion_project/gcc-arm-none-eabi-10.3-2021.10/bin/../lib/gcc/arm-none-eabi/10.3.1/../../../../arm-none-eabi/lib/thumb/v7-m/nofp\libg.a(lib_a-reent.o)
                0x20002258                errno
 *(COMMON)
                0x2000225c                . = ALIGN (0x4)
                0x2000225c                _ebss = .
                0x2000225c                __bss_end__ = _ebss

._user_heap_stack
                0x2000225c      0x604 load address 0x080056a0
                0x20002260                . = ALIGN (0x8)
 *fill*         0x2000225c        0x4 
                0x20002260                PROVIDE (end = .)
                [!provide]                PROVIDE (_end = .)
                0x20002460                . = (. + _Min_Heap_Size)
 *fill*         0x20002260      0x200 
                0x20002860                . = (. + _Min_Stack_Size)
 *fill*         0x20002460      0x400 
                0x20002860                . = ALIGN (0x8)

/DISCARD/
 libc.a(*)
 libm.a(*)
 libgcc.a(*)

.ARM.attributes
                0x00000000       0x29
 *(.ARM.attributes)
 .ARM.attributes
                0x00000000       0x1d d:/clion_project/gcc-arm-none-eabi-10.3-2021.10/bin/../lib/gcc/arm-none-eabi/10.3.1/thumb/v7-m/nofp/crti.o
 .ARM.attributes
                0x0000001d       0x2d d:/clion_project/gcc-arm-none-eabi-10.3-2021.10/bin/../lib/gcc/arm-none-eabi/10.3.1/thumb/v7-m/nofp/crtbegin.o
 .ARM.attributes
                0x0000004a       0x2d CMakeFiles/FreeRtosTest.elf.dir/Core/Src/freertos.c.obj
 .ARM.attributes
                0x00000077       0x2d CMakeFiles/FreeRtosTest.elf.dir/Core/Src/gpio.c.obj
 .ARM.attributes
                0x000000a4       0x2d CMakeFiles/FreeRtosTest.elf.dir/Core/Src/main.c.obj
 .ARM.attributes
                0x000000d1       0x2d CMakeFiles/FreeRtosTest.elf.dir/Core/Src/retarget.c.obj
 .ARM.attributes
                0x000000fe       0x2d CMakeFiles/FreeRtosTest.elf.dir/Core/Src/stm32f1xx_hal_msp.c.obj
 .ARM.attributes
                0x0000012b       0x2d CMakeFiles/FreeRtosTest.elf.dir/Core/Src/stm32f1xx_it.c.obj
 .ARM.attributes
                0x00000158       0x2d CMakeFiles/FreeRtosTest.elf.dir/Core/Src/syscalls.c.obj
 .ARM.attributes
                0x00000185       0x2d CMakeFiles/FreeRtosTest.elf.dir/Core/Src/system_stm32f1xx.c.obj
 .ARM.attributes
                0x000001b2       0x2d CMakeFiles/FreeRtosTest.elf.dir/Core/Src/usart.c.obj
 .ARM.attributes
                0x000001df       0x2d CMakeFiles/FreeRtosTest.elf.dir/Drivers/STM32F1xx_HAL_Driver/Src/stm32f1xx_hal.c.obj
 .ARM.attributes
                0x0000020c       0x2d CMakeFiles/FreeRtosTest.elf.dir/Drivers/STM32F1xx_HAL_Driver/Src/stm32f1xx_hal_cortex.c.obj
 .ARM.attributes
                0x00000239       0x2d CMakeFiles/FreeRtosTest.elf.dir/Drivers/STM32F1xx_HAL_Driver/Src/stm32f1xx_hal_gpio.c.obj
 .ARM.attributes
                0x00000266       0x2d CMakeFiles/FreeRtosTest.elf.dir/Drivers/STM32F1xx_HAL_Driver/Src/stm32f1xx_hal_rcc.c.obj
 .ARM.attributes
                0x00000293       0x2d CMakeFiles/FreeRtosTest.elf.dir/Drivers/STM32F1xx_HAL_Driver/Src/stm32f1xx_hal_uart.c.obj
 .ARM.attributes
                0x000002c0       0x2d CMakeFiles/FreeRtosTest.elf.dir/Middlewares/Third_Party/FreeRTOS/Source/CMSIS_RTOS_V2/cmsis_os2.c.obj
 .ARM.attributes
                0x000002ed       0x2d CMakeFiles/FreeRtosTest.elf.dir/Middlewares/Third_Party/FreeRTOS/Source/list.c.obj
 .ARM.attributes
                0x0000031a       0x2d CMakeFiles/FreeRtosTest.elf.dir/Middlewares/Third_Party/FreeRTOS/Source/portable/GCC/ARM_CM3/port.c.obj
 .ARM.attributes
                0x00000347       0x2d CMakeFiles/FreeRtosTest.elf.dir/Middlewares/Third_Party/FreeRTOS/Source/portable/MemMang/heap_4.c.obj
 .ARM.attributes
                0x00000374       0x2d CMakeFiles/FreeRtosTest.elf.dir/Middlewares/Third_Party/FreeRTOS/Source/queue.c.obj
 .ARM.attributes
                0x000003a1       0x2d CMakeFiles/FreeRtosTest.elf.dir/Middlewares/Third_Party/FreeRTOS/Source/tasks.c.obj
 .ARM.attributes
                0x000003ce       0x2d CMakeFiles/FreeRtosTest.elf.dir/Middlewares/Third_Party/FreeRTOS/Source/timers.c.obj
 .ARM.attributes
                0x000003fb       0x21 CMakeFiles/FreeRtosTest.elf.dir/startup/startup_stm32f103xe.s.obj
 .ARM.attributes
                0x0000041c       0x2d d:/clion_project/gcc-arm-none-eabi-10.3-2021.10/bin/../lib/gcc/arm-none-eabi/10.3.1/../../../../arm-none-eabi/lib/thumb/v7-m/nofp\libg.a(lib_a-errno.o)
 .ARM.attributes
                0x00000449       0x2d d:/clion_project/gcc-arm-none-eabi-10.3-2021.10/bin/../lib/gcc/arm-none-eabi/10.3.1/../../../../arm-none-eabi/lib/thumb/v7-m/nofp\libg.a(lib_a-impure.o)
 .ARM.attributes
                0x00000476       0x2d d:/clion_project/gcc-arm-none-eabi-10.3-2021.10/bin/../lib/gcc/arm-none-eabi/10.3.1/../../../../arm-none-eabi/lib/thumb/v7-m/nofp\libg.a(lib_a-init.o)
 .ARM.attributes
                0x000004a3       0x1b d:/clion_project/gcc-arm-none-eabi-10.3-2021.10/bin/../lib/gcc/arm-none-eabi/10.3.1/../../../../arm-none-eabi/lib/thumb/v7-m/nofp\libg.a(lib_a-memcpy.o)
 .ARM.attributes
                0x000004be       0x2d d:/clion_project/gcc-arm-none-eabi-10.3-2021.10/bin/../lib/gcc/arm-none-eabi/10.3.1/../../../../arm-none-eabi/lib/thumb/v7-m/nofp\libg.a(lib_a-memset.o)
 .ARM.attributes
                0x000004eb       0x2d d:/clion_project/gcc-arm-none-eabi-10.3-2021.10/bin/../lib/gcc/arm-none-eabi/10.3.1/../../../../arm-none-eabi/lib/thumb/v7-m/nofp\libg.a(lib_a-puts.o)
 .ARM.attributes
                0x00000518       0x2d d:/clion_project/gcc-arm-none-eabi-10.3-2021.10/bin/../lib/gcc/arm-none-eabi/10.3.1/../../../../arm-none-eabi/lib/thumb/v7-m/nofp\libg.a(lib_a-setvbuf.o)
 .ARM.attributes
                0x00000545       0x2d d:/clion_project/gcc-arm-none-eabi-10.3-2021.10/bin/../lib/gcc/arm-none-eabi/10.3.1/../../../../arm-none-eabi/lib/thumb/v7-m/nofp\libg.a(lib_a-strlen-stub.o)
 .ARM.attributes
                0x00000572       0x2d d:/clion_project/gcc-arm-none-eabi-10.3-2021.10/bin/../lib/gcc/arm-none-eabi/10.3.1/../../../../arm-none-eabi/lib/thumb/v7-m/nofp\libg.a(lib_a-__call_atexit.o)
 .ARM.attributes
                0x0000059f       0x2d d:/clion_project/gcc-arm-none-eabi-10.3-2021.10/bin/../lib/gcc/arm-none-eabi/10.3.1/../../../../arm-none-eabi/lib/thumb/v7-m/nofp\libg.a(lib_a-atexit.o)
 .ARM.attributes
                0x000005cc       0x2d d:/clion_project/gcc-arm-none-eabi-10.3-2021.10/bin/../lib/gcc/arm-none-eabi/10.3.1/../../../../arm-none-eabi/lib/thumb/v7-m/nofp\libg.a(lib_a-fflush.o)
 .ARM.attributes
                0x000005f9       0x2d d:/clion_project/gcc-arm-none-eabi-10.3-2021.10/bin/../lib/gcc/arm-none-eabi/10.3.1/../../../../arm-none-eabi/lib/thumb/v7-m/nofp\libg.a(lib_a-findfp.o)
 .ARM.attributes
                0x00000626       0x2d d:/clion_project/gcc-arm-none-eabi-10.3-2021.10/bin/../lib/gcc/arm-none-eabi/10.3.1/../../../../arm-none-eabi/lib/thumb/v7-m/nofp\libg.a(lib_a-fini.o)
 .ARM.attributes
                0x00000653       0x2d d:/clion_project/gcc-arm-none-eabi-10.3-2021.10/bin/../lib/gcc/arm-none-eabi/10.3.1/../../../../arm-none-eabi/lib/thumb/v7-m/nofp\libg.a(lib_a-freer.o)
 .ARM.attributes
                0x00000680       0x2d d:/clion_project/gcc-arm-none-eabi-10.3-2021.10/bin/../lib/gcc/arm-none-eabi/10.3.1/../../../../arm-none-eabi/lib/thumb/v7-m/nofp\libg.a(lib_a-fvwrite.o)
 .ARM.attributes
                0x000006ad       0x2d d:/clion_project/gcc-arm-none-eabi-10.3-2021.10/bin/../lib/gcc/arm-none-eabi/10.3.1/../../../../arm-none-eabi/lib/thumb/v7-m/nofp\libg.a(lib_a-fwalk.o)
 .ARM.attributes
                0x000006da       0x2d d:/clion_project/gcc-arm-none-eabi-10.3-2021.10/bin/../lib/gcc/arm-none-eabi/10.3.1/../../../../arm-none-eabi/lib/thumb/v7-m/nofp\libg.a(lib_a-lock.o)
 .ARM.attributes
                0x00000707       0x2d d:/clion_project/gcc-arm-none-eabi-10.3-2021.10/bin/../lib/gcc/arm-none-eabi/10.3.1/../../../../arm-none-eabi/lib/thumb/v7-m/nofp\libg.a(lib_a-makebuf.o)
 .ARM.attributes
                0x00000734       0x2d d:/clion_project/gcc-arm-none-eabi-10.3-2021.10/bin/../lib/gcc/arm-none-eabi/10.3.1/../../../../arm-none-eabi/lib/thumb/v7-m/nofp\libg.a(lib_a-malloc.o)
 .ARM.attributes
                0x00000761       0x2d d:/clion_project/gcc-arm-none-eabi-10.3-2021.10/bin/../lib/gcc/arm-none-eabi/10.3.1/../../../../arm-none-eabi/lib/thumb/v7-m/nofp\libg.a(lib_a-mallocr.o)
 .ARM.attributes
                0x0000078e       0x2d d:/clion_project/gcc-arm-none-eabi-10.3-2021.10/bin/../lib/gcc/arm-none-eabi/10.3.1/../../../../arm-none-eabi/lib/thumb/v7-m/nofp\libg.a(lib_a-memchr-stub.o)
 .ARM.attributes
                0x000007bb       0x2d d:/clion_project/gcc-arm-none-eabi-10.3-2021.10/bin/../lib/gcc/arm-none-eabi/10.3.1/../../../../arm-none-eabi/lib/thumb/v7-m/nofp\libg.a(lib_a-memmove.o)
 .ARM.attributes
                0x000007e8       0x2d d:/clion_project/gcc-arm-none-eabi-10.3-2021.10/bin/../lib/gcc/arm-none-eabi/10.3.1/../../../../arm-none-eabi/lib/thumb/v7-m/nofp\libg.a(lib_a-mlock.o)
 .ARM.attributes
                0x00000815       0x2d d:/clion_project/gcc-arm-none-eabi-10.3-2021.10/bin/../lib/gcc/arm-none-eabi/10.3.1/../../../../arm-none-eabi/lib/thumb/v7-m/nofp\libg.a(lib_a-reallocr.o)
 .ARM.attributes
                0x00000842       0x2d d:/clion_project/gcc-arm-none-eabi-10.3-2021.10/bin/../lib/gcc/arm-none-eabi/10.3.1/../../../../arm-none-eabi/lib/thumb/v7-m/nofp\libg.a(lib_a-sbrkr.o)
 .ARM.attributes
                0x0000086f       0x2d d:/clion_project/gcc-arm-none-eabi-10.3-2021.10/bin/../lib/gcc/arm-none-eabi/10.3.1/../../../../arm-none-eabi/lib/thumb/v7-m/nofp\libg.a(lib_a-stdio.o)
 .ARM.attributes
                0x0000089c       0x2d d:/clion_project/gcc-arm-none-eabi-10.3-2021.10/bin/../lib/gcc/arm-none-eabi/10.3.1/../../../../arm-none-eabi/lib/thumb/v7-m/nofp\libg.a(lib_a-writer.o)
 .ARM.attributes
                0x000008c9       0x2d d:/clion_project/gcc-arm-none-eabi-10.3-2021.10/bin/../lib/gcc/arm-none-eabi/10.3.1/../../../../arm-none-eabi/lib/thumb/v7-m/nofp\libg.a(lib_a-wsetup.o)
 .ARM.attributes
                0x000008f6       0x2d d:/clion_project/gcc-arm-none-eabi-10.3-2021.10/bin/../lib/gcc/arm-none-eabi/10.3.1/../../../../arm-none-eabi/lib/thumb/v7-m/nofp\libg.a(lib_a-__atexit.o)
 .ARM.attributes
                0x00000923       0x2d d:/clion_project/gcc-arm-none-eabi-10.3-2021.10/bin/../lib/gcc/arm-none-eabi/10.3.1/../../../../arm-none-eabi/lib/thumb/v7-m/nofp\libg.a(lib_a-closer.o)
 .ARM.attributes
                0x00000950       0x2d d:/clion_project/gcc-arm-none-eabi-10.3-2021.10/bin/../lib/gcc/arm-none-eabi/10.3.1/../../../../arm-none-eabi/lib/thumb/v7-m/nofp\libg.a(lib_a-fclose.o)
 .ARM.attributes
                0x0000097d       0x2d d:/clion_project/gcc-arm-none-eabi-10.3-2021.10/bin/../lib/gcc/arm-none-eabi/10.3.1/../../../../arm-none-eabi/lib/thumb/v7-m/nofp\libg.a(lib_a-fstatr.o)
 .ARM.attributes
                0x000009aa       0x2d d:/clion_project/gcc-arm-none-eabi-10.3-2021.10/bin/../lib/gcc/arm-none-eabi/10.3.1/../../../../arm-none-eabi/lib/thumb/v7-m/nofp\libg.a(lib_a-isattyr.o)
 .ARM.attributes
                0x000009d7       0x2d d:/clion_project/gcc-arm-none-eabi-10.3-2021.10/bin/../lib/gcc/arm-none-eabi/10.3.1/../../../../arm-none-eabi/lib/thumb/v7-m/nofp\libg.a(lib_a-lseekr.o)
 .ARM.attributes
                0x00000a04       0x2d d:/clion_project/gcc-arm-none-eabi-10.3-2021.10/bin/../lib/gcc/arm-none-eabi/10.3.1/../../../../arm-none-eabi/lib/thumb/v7-m/nofp\libg.a(lib_a-readr.o)
 .ARM.attributes
                0x00000a31       0x2d d:/clion_project/gcc-arm-none-eabi-10.3-2021.10/bin/../lib/gcc/arm-none-eabi/10.3.1/../../../../arm-none-eabi/lib/thumb/v7-m/nofp\libg.a(lib_a-reent.o)
 .ARM.attributes
                0x00000a5e       0x1d d:/clion_project/gcc-arm-none-eabi-10.3-2021.10/bin/../lib/gcc/arm-none-eabi/10.3.1/thumb/v7-m/nofp/crtn.o
OUTPUT(FreeRtosTest.elf elf32-littlearm)
LOAD linker stubs
LOAD d:/clion_project/gcc-arm-none-eabi-10.3-2021.10/bin/../lib/gcc/arm-none-eabi/10.3.1/../../../../arm-none-eabi/lib/thumb/v7-m/nofp\libc.a
LOAD d:/clion_project/gcc-arm-none-eabi-10.3-2021.10/bin/../lib/gcc/arm-none-eabi/10.3.1/../../../../arm-none-eabi/lib/thumb/v7-m/nofp\libm.a
LOAD d:/clion_project/gcc-arm-none-eabi-10.3-2021.10/bin/../lib/gcc/arm-none-eabi/10.3.1/thumb/v7-m/nofp\libgcc.a

.debug_info     0x00000000    0x145b4
 .debug_info    0x00000000      0x571 CMakeFiles/FreeRtosTest.elf.dir/Core/Src/freertos.c.obj
 .debug_info    0x00000571      0x2de CMakeFiles/FreeRtosTest.elf.dir/Core/Src/gpio.c.obj
 .debug_info    0x0000084f      0x81f CMakeFiles/FreeRtosTest.elf.dir/Core/Src/main.c.obj
 .debug_info    0x0000106e     0x12a7 CMakeFiles/FreeRtosTest.elf.dir/Core/Src/retarget.c.obj
 .debug_info    0x00002315      0x3f4 CMakeFiles/FreeRtosTest.elf.dir/Core/Src/stm32f1xx_hal_msp.c.obj
 .debug_info    0x00002709      0x14a CMakeFiles/FreeRtosTest.elf.dir/Core/Src/stm32f1xx_it.c.obj
 .debug_info    0x00002853      0x750 CMakeFiles/FreeRtosTest.elf.dir/Core/Src/syscalls.c.obj
 .debug_info    0x00002fa3      0x248 CMakeFiles/FreeRtosTest.elf.dir/Core/Src/system_stm32f1xx.c.obj
 .debug_info    0x000031eb      0x82e CMakeFiles/FreeRtosTest.elf.dir/Core/Src/usart.c.obj
 .debug_info    0x00003a19      0x80e CMakeFiles/FreeRtosTest.elf.dir/Drivers/STM32F1xx_HAL_Driver/Src/stm32f1xx_hal.c.obj
 .debug_info    0x00004227      0xdf0 CMakeFiles/FreeRtosTest.elf.dir/Drivers/STM32F1xx_HAL_Driver/Src/stm32f1xx_hal_cortex.c.obj
 .debug_info    0x00005017      0x66f CMakeFiles/FreeRtosTest.elf.dir/Drivers/STM32F1xx_HAL_Driver/Src/stm32f1xx_hal_gpio.c.obj
 .debug_info    0x00005686      0xa36 CMakeFiles/FreeRtosTest.elf.dir/Drivers/STM32F1xx_HAL_Driver/Src/stm32f1xx_hal_rcc.c.obj
 .debug_info    0x000060bc     0x1c8b CMakeFiles/FreeRtosTest.elf.dir/Drivers/STM32F1xx_HAL_Driver/Src/stm32f1xx_hal_uart.c.obj
 .debug_info    0x00007d47     0x4b1f CMakeFiles/FreeRtosTest.elf.dir/Middlewares/Third_Party/FreeRTOS/Source/CMSIS_RTOS_V2/cmsis_os2.c.obj
 .debug_info    0x0000c866      0x2da CMakeFiles/FreeRtosTest.elf.dir/Middlewares/Third_Party/FreeRTOS/Source/list.c.obj
 .debug_info    0x0000cb40      0x52b CMakeFiles/FreeRtosTest.elf.dir/Middlewares/Third_Party/FreeRTOS/Source/portable/GCC/ARM_CM3/port.c.obj
 .debug_info    0x0000d06b      0x471 CMakeFiles/FreeRtosTest.elf.dir/Middlewares/Third_Party/FreeRTOS/Source/portable/MemMang/heap_4.c.obj
 .debug_info    0x0000d4dc     0x2733 CMakeFiles/FreeRtosTest.elf.dir/Middlewares/Third_Party/FreeRTOS/Source/queue.c.obj
 .debug_info    0x0000fc0f     0x301a CMakeFiles/FreeRtosTest.elf.dir/Middlewares/Third_Party/FreeRTOS/Source/tasks.c.obj
 .debug_info    0x00012c29     0x1969 CMakeFiles/FreeRtosTest.elf.dir/Middlewares/Third_Party/FreeRTOS/Source/timers.c.obj
 .debug_info    0x00014592       0x22 CMakeFiles/FreeRtosTest.elf.dir/startup/startup_stm32f103xe.s.obj

.debug_abbrev   0x00000000     0x2d57
 .debug_abbrev  0x00000000      0x183 CMakeFiles/FreeRtosTest.elf.dir/Core/Src/freertos.c.obj
 .debug_abbrev  0x00000183      0x13c CMakeFiles/FreeRtosTest.elf.dir/Core/Src/gpio.c.obj
 .debug_abbrev  0x000002bf      0x1cd CMakeFiles/FreeRtosTest.elf.dir/Core/Src/main.c.obj
 .debug_abbrev  0x0000048c      0x2b4 CMakeFiles/FreeRtosTest.elf.dir/Core/Src/retarget.c.obj
 .debug_abbrev  0x00000740      0x12d CMakeFiles/FreeRtosTest.elf.dir/Core/Src/stm32f1xx_hal_msp.c.obj
 .debug_abbrev  0x0000086d       0xa0 CMakeFiles/FreeRtosTest.elf.dir/Core/Src/stm32f1xx_it.c.obj
 .debug_abbrev  0x0000090d      0x1da CMakeFiles/FreeRtosTest.elf.dir/Core/Src/syscalls.c.obj
 .debug_abbrev  0x00000ae7      0x13e CMakeFiles/FreeRtosTest.elf.dir/Core/Src/system_stm32f1xx.c.obj
 .debug_abbrev  0x00000c25      0x1c1 CMakeFiles/FreeRtosTest.elf.dir/Core/Src/usart.c.obj
 .debug_abbrev  0x00000de6      0x1f4 CMakeFiles/FreeRtosTest.elf.dir/Drivers/STM32F1xx_HAL_Driver/Src/stm32f1xx_hal.c.obj
 .debug_abbrev  0x00000fda      0x341 CMakeFiles/FreeRtosTest.elf.dir/Drivers/STM32F1xx_HAL_Driver/Src/stm32f1xx_hal_cortex.c.obj
 .debug_abbrev  0x0000131b      0x1e6 CMakeFiles/FreeRtosTest.elf.dir/Drivers/STM32F1xx_HAL_Driver/Src/stm32f1xx_hal_gpio.c.obj
 .debug_abbrev  0x00001501      0x27a CMakeFiles/FreeRtosTest.elf.dir/Drivers/STM32F1xx_HAL_Driver/Src/stm32f1xx_hal_rcc.c.obj
 .debug_abbrev  0x0000177b      0x254 CMakeFiles/FreeRtosTest.elf.dir/Drivers/STM32F1xx_HAL_Driver/Src/stm32f1xx_hal_uart.c.obj
 .debug_abbrev  0x000019cf      0x418 CMakeFiles/FreeRtosTest.elf.dir/Middlewares/Third_Party/FreeRTOS/Source/CMSIS_RTOS_V2/cmsis_os2.c.obj
 .debug_abbrev  0x00001de7      0x106 CMakeFiles/FreeRtosTest.elf.dir/Middlewares/Third_Party/FreeRTOS/Source/list.c.obj
 .debug_abbrev  0x00001eed      0x27e CMakeFiles/FreeRtosTest.elf.dir/Middlewares/Third_Party/FreeRTOS/Source/portable/GCC/ARM_CM3/port.c.obj
 .debug_abbrev  0x0000216b      0x238 CMakeFiles/FreeRtosTest.elf.dir/Middlewares/Third_Party/FreeRTOS/Source/portable/MemMang/heap_4.c.obj
 .debug_abbrev  0x000023a3      0x38c CMakeFiles/FreeRtosTest.elf.dir/Middlewares/Third_Party/FreeRTOS/Source/queue.c.obj
 .debug_abbrev  0x0000272f      0x313 CMakeFiles/FreeRtosTest.elf.dir/Middlewares/Third_Party/FreeRTOS/Source/tasks.c.obj
 .debug_abbrev  0x00002a42      0x303 CMakeFiles/FreeRtosTest.elf.dir/Middlewares/Third_Party/FreeRTOS/Source/timers.c.obj
 .debug_abbrev  0x00002d45       0x12 CMakeFiles/FreeRtosTest.elf.dir/startup/startup_stm32f103xe.s.obj

.debug_loc      0x00000000     0xe70f
 .debug_loc     0x00000000       0x6f CMakeFiles/FreeRtosTest.elf.dir/Core/Src/freertos.c.obj
 .debug_loc     0x0000006f      0x389 CMakeFiles/FreeRtosTest.elf.dir/Core/Src/retarget.c.obj
 .debug_loc     0x000003f8       0x15 CMakeFiles/FreeRtosTest.elf.dir/Core/Src/stm32f1xx_hal_msp.c.obj
 .debug_loc     0x0000040d      0x3a2 CMakeFiles/FreeRtosTest.elf.dir/Core/Src/syscalls.c.obj
 .debug_loc     0x000007af       0xff CMakeFiles/FreeRtosTest.elf.dir/Core/Src/system_stm32f1xx.c.obj
 .debug_loc     0x000008ae       0x84 CMakeFiles/FreeRtosTest.elf.dir/Core/Src/usart.c.obj
 .debug_loc     0x00000932      0x141 CMakeFiles/FreeRtosTest.elf.dir/Drivers/STM32F1xx_HAL_Driver/Src/stm32f1xx_hal.c.obj
 .debug_loc     0x00000a73      0x71f CMakeFiles/FreeRtosTest.elf.dir/Drivers/STM32F1xx_HAL_Driver/Src/stm32f1xx_hal_cortex.c.obj
 .debug_loc     0x00001192      0x47d CMakeFiles/FreeRtosTest.elf.dir/Drivers/STM32F1xx_HAL_Driver/Src/stm32f1xx_hal_gpio.c.obj
 .debug_loc     0x0000160f      0x63e CMakeFiles/FreeRtosTest.elf.dir/Drivers/STM32F1xx_HAL_Driver/Src/stm32f1xx_hal_rcc.c.obj
 .debug_loc     0x00001c4d     0x2037 CMakeFiles/FreeRtosTest.elf.dir/Drivers/STM32F1xx_HAL_Driver/Src/stm32f1xx_hal_uart.c.obj
 .debug_loc     0x00003c84     0x579d CMakeFiles/FreeRtosTest.elf.dir/Middlewares/Third_Party/FreeRTOS/Source/CMSIS_RTOS_V2/cmsis_os2.c.obj
 .debug_loc     0x00009421       0xad CMakeFiles/FreeRtosTest.elf.dir/Middlewares/Third_Party/FreeRTOS/Source/list.c.obj
 .debug_loc     0x000094ce       0xe8 CMakeFiles/FreeRtosTest.elf.dir/Middlewares/Third_Party/FreeRTOS/Source/portable/GCC/ARM_CM3/port.c.obj
 .debug_loc     0x000095b6      0x331 CMakeFiles/FreeRtosTest.elf.dir/Middlewares/Third_Party/FreeRTOS/Source/portable/MemMang/heap_4.c.obj
 .debug_loc     0x000098e7     0x19de CMakeFiles/FreeRtosTest.elf.dir/Middlewares/Third_Party/FreeRTOS/Source/queue.c.obj
 .debug_loc     0x0000b2c5     0x24bc CMakeFiles/FreeRtosTest.elf.dir/Middlewares/Third_Party/FreeRTOS/Source/tasks.c.obj
 .debug_loc     0x0000d781      0xf8e CMakeFiles/FreeRtosTest.elf.dir/Middlewares/Third_Party/FreeRTOS/Source/timers.c.obj

.debug_aranges  0x00000000      0xe10
 .debug_aranges
                0x00000000       0x38 CMakeFiles/FreeRtosTest.elf.dir/Core/Src/freertos.c.obj
 .debug_aranges
                0x00000038       0x20 CMakeFiles/FreeRtosTest.elf.dir/Core/Src/gpio.c.obj
 .debug_aranges
                0x00000058       0x30 CMakeFiles/FreeRtosTest.elf.dir/Core/Src/main.c.obj
 .debug_aranges
                0x00000088       0x50 CMakeFiles/FreeRtosTest.elf.dir/Core/Src/retarget.c.obj
 .debug_aranges
                0x000000d8       0x20 CMakeFiles/FreeRtosTest.elf.dir/Core/Src/stm32f1xx_hal_msp.c.obj
 .debug_aranges
                0x000000f8       0x50 CMakeFiles/FreeRtosTest.elf.dir/Core/Src/stm32f1xx_it.c.obj
 .debug_aranges
                0x00000148       0x90 CMakeFiles/FreeRtosTest.elf.dir/Core/Src/syscalls.c.obj
 .debug_aranges
                0x000001d8       0x28 CMakeFiles/FreeRtosTest.elf.dir/Core/Src/system_stm32f1xx.c.obj
 .debug_aranges
                0x00000200       0x30 CMakeFiles/FreeRtosTest.elf.dir/Core/Src/usart.c.obj
 .debug_aranges
                0x00000230       0xe0 CMakeFiles/FreeRtosTest.elf.dir/Drivers/STM32F1xx_HAL_Driver/Src/stm32f1xx_hal.c.obj
 .debug_aranges
                0x00000310       0x90 CMakeFiles/FreeRtosTest.elf.dir/Drivers/STM32F1xx_HAL_Driver/Src/stm32f1xx_hal_cortex.c.obj
 .debug_aranges
                0x000003a0       0x58 CMakeFiles/FreeRtosTest.elf.dir/Drivers/STM32F1xx_HAL_Driver/Src/stm32f1xx_hal_gpio.c.obj
 .debug_aranges
                0x000003f8       0x90 CMakeFiles/FreeRtosTest.elf.dir/Drivers/STM32F1xx_HAL_Driver/Src/stm32f1xx_hal_rcc.c.obj
 .debug_aranges
                0x00000488      0x200 CMakeFiles/FreeRtosTest.elf.dir/Drivers/STM32F1xx_HAL_Driver/Src/stm32f1xx_hal_uart.c.obj
 .debug_aranges
                0x00000688      0x228 CMakeFiles/FreeRtosTest.elf.dir/Middlewares/Third_Party/FreeRTOS/Source/CMSIS_RTOS_V2/cmsis_os2.c.obj
 .debug_aranges
                0x000008b0       0x40 CMakeFiles/FreeRtosTest.elf.dir/Middlewares/Third_Party/FreeRTOS/Source/list.c.obj
 .debug_aranges
                0x000008f0       0x78 CMakeFiles/FreeRtosTest.elf.dir/Middlewares/Third_Party/FreeRTOS/Source/portable/GCC/ARM_CM3/port.c.obj
 .debug_aranges
                0x00000968       0x50 CMakeFiles/FreeRtosTest.elf.dir/Middlewares/Third_Party/FreeRTOS/Source/portable/MemMang/heap_4.c.obj
 .debug_aranges
                0x000009b8      0x158 CMakeFiles/FreeRtosTest.elf.dir/Middlewares/Third_Party/FreeRTOS/Source/queue.c.obj
 .debug_aranges
                0x00000b10      0x1f8 CMakeFiles/FreeRtosTest.elf.dir/Middlewares/Third_Party/FreeRTOS/Source/tasks.c.obj
 .debug_aranges
                0x00000d08       0xe0 CMakeFiles/FreeRtosTest.elf.dir/Middlewares/Third_Party/FreeRTOS/Source/timers.c.obj
 .debug_aranges
                0x00000de8       0x28 CMakeFiles/FreeRtosTest.elf.dir/startup/startup_stm32f103xe.s.obj

.debug_ranges   0x00000000      0xf40
 .debug_ranges  0x00000000       0x28 CMakeFiles/FreeRtosTest.elf.dir/Core/Src/freertos.c.obj
 .debug_ranges  0x00000028       0x10 CMakeFiles/FreeRtosTest.elf.dir/Core/Src/gpio.c.obj
 .debug_ranges  0x00000038       0x20 CMakeFiles/FreeRtosTest.elf.dir/Core/Src/main.c.obj
 .debug_ranges  0x00000058       0x40 CMakeFiles/FreeRtosTest.elf.dir/Core/Src/retarget.c.obj
 .debug_ranges  0x00000098       0x10 CMakeFiles/FreeRtosTest.elf.dir/Core/Src/stm32f1xx_hal_msp.c.obj
 .debug_ranges  0x000000a8       0x40 CMakeFiles/FreeRtosTest.elf.dir/Core/Src/stm32f1xx_it.c.obj
 .debug_ranges  0x000000e8       0x80 CMakeFiles/FreeRtosTest.elf.dir/Core/Src/syscalls.c.obj
 .debug_ranges  0x00000168       0x18 CMakeFiles/FreeRtosTest.elf.dir/Core/Src/system_stm32f1xx.c.obj
 .debug_ranges  0x00000180       0x20 CMakeFiles/FreeRtosTest.elf.dir/Core/Src/usart.c.obj
 .debug_ranges  0x000001a0       0xd0 CMakeFiles/FreeRtosTest.elf.dir/Drivers/STM32F1xx_HAL_Driver/Src/stm32f1xx_hal.c.obj
 .debug_ranges  0x00000270       0xe0 CMakeFiles/FreeRtosTest.elf.dir/Drivers/STM32F1xx_HAL_Driver/Src/stm32f1xx_hal_cortex.c.obj
 .debug_ranges  0x00000350       0x48 CMakeFiles/FreeRtosTest.elf.dir/Drivers/STM32F1xx_HAL_Driver/Src/stm32f1xx_hal_gpio.c.obj
 .debug_ranges  0x00000398       0xa0 CMakeFiles/FreeRtosTest.elf.dir/Drivers/STM32F1xx_HAL_Driver/Src/stm32f1xx_hal_rcc.c.obj
 .debug_ranges  0x00000438      0x1f0 CMakeFiles/FreeRtosTest.elf.dir/Drivers/STM32F1xx_HAL_Driver/Src/stm32f1xx_hal_uart.c.obj
 .debug_ranges  0x00000628      0x218 CMakeFiles/FreeRtosTest.elf.dir/Middlewares/Third_Party/FreeRTOS/Source/CMSIS_RTOS_V2/cmsis_os2.c.obj
 .debug_ranges  0x00000840       0x30 CMakeFiles/FreeRtosTest.elf.dir/Middlewares/Third_Party/FreeRTOS/Source/list.c.obj
 .debug_ranges  0x00000870       0x68 CMakeFiles/FreeRtosTest.elf.dir/Middlewares/Third_Party/FreeRTOS/Source/portable/GCC/ARM_CM3/port.c.obj
 .debug_ranges  0x000008d8       0x40 CMakeFiles/FreeRtosTest.elf.dir/Middlewares/Third_Party/FreeRTOS/Source/portable/MemMang/heap_4.c.obj
 .debug_ranges  0x00000918      0x218 CMakeFiles/FreeRtosTest.elf.dir/Middlewares/Third_Party/FreeRTOS/Source/queue.c.obj
 .debug_ranges  0x00000b30      0x320 CMakeFiles/FreeRtosTest.elf.dir/Middlewares/Third_Party/FreeRTOS/Source/tasks.c.obj
 .debug_ranges  0x00000e50       0xd0 CMakeFiles/FreeRtosTest.elf.dir/Middlewares/Third_Party/FreeRTOS/Source/timers.c.obj
 .debug_ranges  0x00000f20       0x20 CMakeFiles/FreeRtosTest.elf.dir/startup/startup_stm32f103xe.s.obj

.debug_line     0x00000000     0xfab1
 .debug_line    0x00000000      0x366 CMakeFiles/FreeRtosTest.elf.dir/Core/Src/freertos.c.obj
 .debug_line    0x00000366      0x246 CMakeFiles/FreeRtosTest.elf.dir/Core/Src/gpio.c.obj
 .debug_line    0x000005ac      0x4ac CMakeFiles/FreeRtosTest.elf.dir/Core/Src/main.c.obj
 .debug_line    0x00000a58      0x4c2 CMakeFiles/FreeRtosTest.elf.dir/Core/Src/retarget.c.obj
 .debug_line    0x00000f1a      0x233 CMakeFiles/FreeRtosTest.elf.dir/Core/Src/stm32f1xx_hal_msp.c.obj
 .debug_line    0x0000114d      0x30b CMakeFiles/FreeRtosTest.elf.dir/Core/Src/stm32f1xx_it.c.obj
 .debug_line    0x00001458      0x40e CMakeFiles/FreeRtosTest.elf.dir/Core/Src/syscalls.c.obj
 .debug_line    0x00001866      0x28c CMakeFiles/FreeRtosTest.elf.dir/Core/Src/system_stm32f1xx.c.obj
 .debug_line    0x00001af2      0x3a1 CMakeFiles/FreeRtosTest.elf.dir/Core/Src/usart.c.obj
 .debug_line    0x00001e93      0x5dc CMakeFiles/FreeRtosTest.elf.dir/Drivers/STM32F1xx_HAL_Driver/Src/stm32f1xx_hal.c.obj
 .debug_line    0x0000246f      0x6b3 CMakeFiles/FreeRtosTest.elf.dir/Drivers/STM32F1xx_HAL_Driver/Src/stm32f1xx_hal_cortex.c.obj
 .debug_line    0x00002b22      0x671 CMakeFiles/FreeRtosTest.elf.dir/Drivers/STM32F1xx_HAL_Driver/Src/stm32f1xx_hal_gpio.c.obj
 .debug_line    0x00003193      0xca6 CMakeFiles/FreeRtosTest.elf.dir/Drivers/STM32F1xx_HAL_Driver/Src/stm32f1xx_hal_rcc.c.obj
 .debug_line    0x00003e39     0x2135 CMakeFiles/FreeRtosTest.elf.dir/Drivers/STM32F1xx_HAL_Driver/Src/stm32f1xx_hal_uart.c.obj
 .debug_line    0x00005f6e     0x2dd3 CMakeFiles/FreeRtosTest.elf.dir/Middlewares/Third_Party/FreeRTOS/Source/CMSIS_RTOS_V2/cmsis_os2.c.obj
 .debug_line    0x00008d41      0x3ee CMakeFiles/FreeRtosTest.elf.dir/Middlewares/Third_Party/FreeRTOS/Source/list.c.obj
 .debug_line    0x0000912f      0x69f CMakeFiles/FreeRtosTest.elf.dir/Middlewares/Third_Party/FreeRTOS/Source/portable/GCC/ARM_CM3/port.c.obj
 .debug_line    0x000097ce      0x6e7 CMakeFiles/FreeRtosTest.elf.dir/Middlewares/Third_Party/FreeRTOS/Source/portable/MemMang/heap_4.c.obj
 .debug_line    0x00009eb5     0x208b CMakeFiles/FreeRtosTest.elf.dir/Middlewares/Third_Party/FreeRTOS/Source/queue.c.obj
 .debug_line    0x0000bf40     0x2c61 CMakeFiles/FreeRtosTest.elf.dir/Middlewares/Third_Party/FreeRTOS/Source/tasks.c.obj
 .debug_line    0x0000eba1      0xe5f CMakeFiles/FreeRtosTest.elf.dir/Middlewares/Third_Party/FreeRTOS/Source/timers.c.obj
 .debug_line    0x0000fa00       0xb1 CMakeFiles/FreeRtosTest.elf.dir/startup/startup_stm32f103xe.s.obj

.debug_str      0x00000000     0x57c0
 .debug_str     0x00000000      0x722 CMakeFiles/FreeRtosTest.elf.dir/Core/Src/freertos.c.obj
                                0x772 (size before relaxing)
 .debug_str     0x00000722       0xff CMakeFiles/FreeRtosTest.elf.dir/Core/Src/gpio.c.obj
                                0x2e2 (size before relaxing)
 .debug_str     0x00000821      0x5aa CMakeFiles/FreeRtosTest.elf.dir/Core/Src/main.c.obj
                                0x7e1 (size before relaxing)
 .debug_str     0x00000dcb      0x547 CMakeFiles/FreeRtosTest.elf.dir/Core/Src/retarget.c.obj
                                0xb73 (size before relaxing)
 .debug_str     0x00001312      0x459 CMakeFiles/FreeRtosTest.elf.dir/Core/Src/stm32f1xx_hal_msp.c.obj
                                0x652 (size before relaxing)
 .debug_str     0x0000176b       0xf8 CMakeFiles/FreeRtosTest.elf.dir/Core/Src/stm32f1xx_it.c.obj
                                0x2a2 (size before relaxing)
 .debug_str     0x00001863      0x143 CMakeFiles/FreeRtosTest.elf.dir/Core/Src/syscalls.c.obj
                                0x463 (size before relaxing)
 .debug_str     0x000019a6       0xaf CMakeFiles/FreeRtosTest.elf.dir/Core/Src/system_stm32f1xx.c.obj
                                0x2b4 (size before relaxing)
 .debug_str     0x00001a55       0x92 CMakeFiles/FreeRtosTest.elf.dir/Core/Src/usart.c.obj
                                0x6fd (size before relaxing)
 .debug_str     0x00001ae7      0x31e CMakeFiles/FreeRtosTest.elf.dir/Drivers/STM32F1xx_HAL_Driver/Src/stm32f1xx_hal.c.obj
                                0x968 (size before relaxing)
 .debug_str     0x00001e05      0x3ed CMakeFiles/FreeRtosTest.elf.dir/Drivers/STM32F1xx_HAL_Driver/Src/stm32f1xx_hal_cortex.c.obj
                                0xa17 (size before relaxing)
 .debug_str     0x000021f2      0x138 CMakeFiles/FreeRtosTest.elf.dir/Drivers/STM32F1xx_HAL_Driver/Src/stm32f1xx_hal_gpio.c.obj
                                0x460 (size before relaxing)
 .debug_str     0x0000232a      0x225 CMakeFiles/FreeRtosTest.elf.dir/Drivers/STM32F1xx_HAL_Driver/Src/stm32f1xx_hal_rcc.c.obj
                                0x68b (size before relaxing)