Archive member included to satisfy reference by file (symbol)

d:/clion_project/gcc-arm-none-eabi-10.3-2021.10/bin/../lib/gcc/arm-none-eabi/10.3.1/thumb/v7-m/nofp\libgcc.a(_arm_muldf3.o)
                              CMakeFiles/PWM_InputTest.elf.dir/Core/Src/main.c.obj (__aeabi_dmul)
d:/clion_project/gcc-arm-none-eabi-10.3-2021.10/bin/../lib/gcc/arm-none-eabi/10.3.1/thumb/v7-m/nofp\libgcc.a(_arm_addsubdf3.o)
                              CMakeFiles/PWM_InputTest.elf.dir/Core/Src/main.c.obj (__aeabi_dadd)
d:/clion_project/gcc-arm-none-eabi-10.3-2021.10/bin/../lib/gcc/arm-none-eabi/10.3.1/thumb/v7-m/nofp\libgcc.a(_arm_muldivdf3.o)
                              CMakeFiles/PWM_InputTest.elf.dir/Core/Src/main.c.obj (__aeabi_ddiv)
d:/clion_project/gcc-arm-none-eabi-10.3-2021.10/bin/../lib/gcc/arm-none-eabi/10.3.1/../../../../arm-none-eabi/lib/thumb/v7-m/nofp\libg.a(lib_a-errno.o)
                              CMakeFiles/PWM_InputTest.elf.dir/Core/Src/retarget.c.obj (__errno)
d:/clion_project/gcc-arm-none-eabi-10.3-2021.10/bin/../lib/gcc/arm-none-eabi/10.3.1/../../../../arm-none-eabi/lib/thumb/v7-m/nofp\libg.a(lib_a-exit.o)
                              d:/clion_project/gcc-arm-none-eabi-10.3-2021.10/bin/../lib/gcc/arm-none-eabi/10.3.1/../../../../arm-none-eabi/lib/thumb/v7-m/nofp/crt0.o (exit)
d:/clion_project/gcc-arm-none-eabi-10.3-2021.10/bin/../lib/gcc/arm-none-eabi/10.3.1/../../../../arm-none-eabi/lib/thumb/v7-m/nofp\libg.a(lib_a-impure.o)
                              d:/clion_project/gcc-arm-none-eabi-10.3-2021.10/bin/../lib/gcc/arm-none-eabi/10.3.1/../../../../arm-none-eabi/lib/thumb/v7-m/nofp\libg.a(lib_a-exit.o) (_global_impure_ptr)
d:/clion_project/gcc-arm-none-eabi-10.3-2021.10/bin/../lib/gcc/arm-none-eabi/10.3.1/../../../../arm-none-eabi/lib/thumb/v7-m/nofp\libg.a(lib_a-init.o)
                              d:/clion_project/gcc-arm-none-eabi-10.3-2021.10/bin/../lib/gcc/arm-none-eabi/10.3.1/../../../../arm-none-eabi/lib/thumb/v7-m/nofp/crt0.o (__libc_init_array)
d:/clion_project/gcc-arm-none-eabi-10.3-2021.10/bin/../lib/gcc/arm-none-eabi/10.3.1/../../../../arm-none-eabi/lib/thumb/v7-m/nofp\libg.a(lib_a-memset.o)
                              d:/clion_project/gcc-arm-none-eabi-10.3-2021.10/bin/../lib/gcc/arm-none-eabi/10.3.1/../../../../arm-none-eabi/lib/thumb/v7-m/nofp/crt0.o (memset)
d:/clion_project/gcc-arm-none-eabi-10.3-2021.10/bin/../lib/gcc/arm-none-eabi/10.3.1/../../../../arm-none-eabi/lib/thumb/v7-m/nofp\libg.a(lib_a-printf.o)
                              CMakeFiles/PWM_InputTest.elf.dir/Core/Src/main.c.obj (printf)
d:/clion_project/gcc-arm-none-eabi-10.3-2021.10/bin/../lib/gcc/arm-none-eabi/10.3.1/../../../../arm-none-eabi/lib/thumb/v7-m/nofp\libg.a(lib_a-puts.o)
                              CMakeFiles/PWM_InputTest.elf.dir/Core/Src/main.c.obj (puts)
d:/clion_project/gcc-arm-none-eabi-10.3-2021.10/bin/../lib/gcc/arm-none-eabi/10.3.1/../../../../arm-none-eabi/lib/thumb/v7-m/nofp\libg.a(lib_a-setvbuf.o)
                              CMakeFiles/PWM_InputTest.elf.dir/Core/Src/retarget.c.obj (setvbuf)
d:/clion_project/gcc-arm-none-eabi-10.3-2021.10/bin/../lib/gcc/arm-none-eabi/10.3.1/../../../../arm-none-eabi/lib/thumb/v7-m/nofp\libg.a(lib_a-strlen-stub.o)
                              d:/clion_project/gcc-arm-none-eabi-10.3-2021.10/bin/../lib/gcc/arm-none-eabi/10.3.1/../../../../arm-none-eabi/lib/thumb/v7-m/nofp\libg.a(lib_a-puts.o) (strlen)
d:/clion_project/gcc-arm-none-eabi-10.3-2021.10/bin/../lib/gcc/arm-none-eabi/10.3.1/../../../../arm-none-eabi/lib/thumb/v7-m/nofp\libg.a(lib_a-vfprintf.o)
                              d:/clion_project/gcc-arm-none-eabi-10.3-2021.10/bin/../lib/gcc/arm-none-eabi/10.3.1/../../../../arm-none-eabi/lib/thumb/v7-m/nofp\libg.a(lib_a-printf.o) (_vfprintf_r)
d:/clion_project/gcc-arm-none-eabi-10.3-2021.10/bin/../lib/gcc/arm-none-eabi/10.3.1/../../../../arm-none-eabi/lib/thumb/v7-m/nofp\libg.a(lib_a-wsetup.o)
                              d:/clion_project/gcc-arm-none-eabi-10.3-2021.10/bin/../lib/gcc/arm-none-eabi/10.3.1/../../../../arm-none-eabi/lib/thumb/v7-m/nofp\libg.a(lib_a-vfprintf.o) (__swsetup_r)
d:/clion_project/gcc-arm-none-eabi-10.3-2021.10/bin/../lib/gcc/arm-none-eabi/10.3.1/../../../../arm-none-eabi/lib/thumb/v7-m/nofp\libg.a(lib_a-__call_atexit.o)
                              d:/clion_project/gcc-arm-none-eabi-10.3-2021.10/bin/../lib/gcc/arm-none-eabi/10.3.1/../../../../arm-none-eabi/lib/thumb/v7-m/nofp\libg.a(lib_a-exit.o) (__call_exitprocs)
d:/clion_project/gcc-arm-none-eabi-10.3-2021.10/bin/../lib/gcc/arm-none-eabi/10.3.1/../../../../arm-none-eabi/lib/thumb/v7-m/nofp\libg.a(lib_a-atexit.o)
                              d:/clion_project/gcc-arm-none-eabi-10.3-2021.10/bin/../lib/gcc/arm-none-eabi/10.3.1/../../../../arm-none-eabi/lib/thumb/v7-m/nofp\libg.a(lib_a-__call_atexit.o) (atexit)
d:/clion_project/gcc-arm-none-eabi-10.3-2021.10/bin/../lib/gcc/arm-none-eabi/10.3.1/../../../../arm-none-eabi/lib/thumb/v7-m/nofp\libg.a(lib_a-dtoa.o)
[...]
Memory Configuration

Name             Origin             Length             Attributes
RAM              0x20000000         0x0000c000         xrw
FLASH            0x08000000         0x00040000         xr
*default*        0x00000000         0xffffffff

Linker script and memory map

LOAD d:/clion_project/gcc-arm-none-eabi-10.3-2021.10/bin/../lib/gcc/arm-none-eabi/10.3.1/thumb/v7-m/nofp/crti.o
LOAD d:/clion_project/gcc-arm-none-eabi-10.3-2021.10/bin/../lib/gcc/arm-none-eabi/10.3.1/thumb/v7-m/nofp/crtbegin.o
LOAD d:/clion_project/gcc-arm-none-eabi-10.3-2021.10/bin/../lib/gcc/arm-none-eabi/10.3.1/../../../../arm-none-eabi/lib/thumb/v7-m/nofp/crt0.o
LOAD CMakeFiles/PWM_InputTest.elf.dir/Core/Src/gpio.c.obj
LOAD CMakeFiles/PWM_InputTest.elf.dir/Core/Src/main.c.obj
LOAD CMakeFiles/PWM_InputTest.elf.dir/Core/Src/retarget.c.obj
LOAD CMakeFiles/PWM_InputTest.elf.dir/Core/Src/stm32f1xx_hal_msp.c.obj
LOAD CMakeFiles/PWM_InputTest.elf.dir/Core/Src/stm32f1xx_it.c.obj
LOAD CMakeFiles/PWM_InputTest.elf.dir/Core/Src/syscalls.c.obj
LOAD CMakeFiles/PWM_InputTest.elf.dir/Core/Src/system_stm32f1xx.c.obj
LOAD CMakeFiles/PWM_InputTest.elf.dir/Core/Src/tim.c.obj
LOAD CMakeFiles/PWM_InputTest.elf.dir/Core/Src/usart.c.obj
LOAD CMakeFiles/PWM_InputTest.elf.dir/Drivers/STM32F1xx_HAL_Driver/Src/stm32f1xx_hal.c.obj
LOAD CMakeFiles/PWM_InputTest.elf.dir/Drivers/STM32F1xx_HAL_Driver/Src/stm32f1xx_hal_cortex.c.obj
LOAD CMakeFiles/PWM_InputTest.elf.dir/Drivers/STM32F1xx_HAL_Driver/Src/stm32f1xx_hal_dma.c.obj
LOAD CMakeFiles/PWM_InputTest.elf.dir/Drivers/STM32F1xx_HAL_Driver/Src/stm32f1xx_hal_exti.c.obj
LOAD CMakeFiles/PWM_InputTest.elf.dir/Drivers/STM32F1xx_HAL_Driver/Src/stm32f1xx_hal_flash.c.obj
LOAD CMakeFiles/PWM_InputTest.elf.dir/Drivers/STM32F1xx_HAL_Driver/Src/stm32f1xx_hal_flash_ex.c.obj
LOAD CMakeFiles/PWM_InputTest.elf.dir/Drivers/STM32F1xx_HAL_Driver/Src/stm32f1xx_hal_gpio.c.obj
LOAD CMakeFiles/PWM_InputTest.elf.dir/Drivers/STM32F1xx_HAL_Driver/Src/stm32f1xx_hal_gpio_ex.c.obj
LOAD CMakeFiles/PWM_InputTest.elf.dir/Drivers/STM32F1xx_HAL_Driver/Src/stm32f1xx_hal_pwr.c.obj
LOAD CMakeFiles/PWM_InputTest.elf.dir/Drivers/STM32F1xx_HAL_Driver/Src/stm32f1xx_hal_rcc.c.obj
LOAD CMakeFiles/PWM_InputTest.elf.dir/Drivers/STM32F1xx_HAL_Driver/Src/stm32f1xx_hal_rcc_ex.c.obj
LOAD CMakeFiles/PWM_InputTest.elf.dir/Drivers/STM32F1xx_HAL_Driver/Src/stm32f1xx_hal_tim.c.obj
LOAD CMakeFiles/PWM_InputTest.elf.dir/Drivers/STM32F1xx_HAL_Driver/Src/stm32f1xx_hal_tim_ex.c.obj
LOAD CMakeFiles/PWM_InputTest.elf.dir/Drivers/STM32F1xx_HAL_Driver/Src/stm32f1xx_hal_uart.c.obj
LOAD CMakeFiles/PWM_InputTest.elf.dir/startup/startup_stm32f103xe.s.obj
START GROUP
LOAD d:/clion_project/gcc-arm-none-eabi-10.3-2021.10/bin/../lib/gcc/arm-none-eabi/10.3.1/thumb/v7-m/nofp\libgcc.a
LOAD d:/clion_project/gcc-arm-none-eabi-10.3-2021.10/bin/../lib/gcc/arm-none-eabi/10.3.1/../../../../arm-none-eabi/lib/thumb/v7-m/nofp\libg.a
LOAD d:/clion_project/gcc-arm-none-eabi-10.3-2021.10/bin/../lib/gcc/arm-none-eabi/10.3.1/../../../../arm-none-eabi/lib/thumb/v7-m/nofp\libc.a
END GROUP
LOAD d:/clion_project/gcc-arm-none-eabi-10.3-2021.10/bin/../lib/gcc/arm-none-eabi/10.3.1/thumb/v7-m/nofp/crtend.o
LOAD d:/clion_project/gcc-arm-none-eabi-10.3-2021.10/bin/../lib/gcc/arm-none-eabi/10.3.1/thumb/v7-m/nofp/crtn.o
                0x2000c000                _estack = 0x2000c000
                0x00000200                _Min_Heap_Size = 0x200
                0x00000400                _Min_Stack_Size = 0x400

.isr_vector     0x08000000      0x1e4
                0x08000000                . = ALIGN (0x4)
 *(.isr_vector)
 .isr_vector    0x08000000      0x1e4 CMakeFiles/PWM_InputTest.elf.dir/startup/startup_stm32f103xe.s.obj
                0x08000000                g_pfnVectors
                0x080001e4                . = ALIGN (0x4)

.text           0x080001e8     0x8d18
                0x080001e8                . = ALIGN (0x4)
 *(.text)
 .text          0x080001e8       0x40 d:/clion_project/gcc-arm-none-eabi-10.3-2021.10/bin/../lib/gcc/arm-none-eabi/10.3.1/thumb/v7-m/nofp/crtbegin.o
 .text          0x08000228      0x378 d:/clion_project/gcc-arm-none-eabi-10.3-2021.10/bin/../lib/gcc/arm-none-eabi/10.3.1/thumb/v7-m/nofp\libgcc.a(_arm_addsubdf3.o)
                0x08000228                __aeabi_drsub
                0x08000230                __aeabi_dsub
                0x08000230                __subdf3
                0x08000234                __aeabi_dadd
                0x08000234                __adddf3
                0x080004ac                __floatunsidf
                0x080004ac                __aeabi_ui2d
                0x080004cc                __floatsidf
                0x080004cc                __aeabi_i2d
                0x080004f0                __aeabi_f2d
                0x080004f0                __extendsfdf2
                0x08000534                __floatundidf
                0x08000534                __aeabi_ul2d
                0x08000544                __floatdidf
                0x08000544                __aeabi_l2d
 .text          0x080005a0      0x424 d:/clion_project/gcc-arm-none-eabi-10.3-2021.10/bin/../lib/gcc/arm-none-eabi/10.3.1/thumb/v7-m/nofp\libgcc.a(_arm_muldivdf3.o)
                0x080005a0                __aeabi_dmul
                0x080005a0                __muldf3
                0x080007f4                __divdf3
                0x080007f4                __aeabi_ddiv
 .text          0x080009c4       0xec d:/clion_project/gcc-arm-none-eabi-10.3-2021.10/bin/../lib/gcc/arm-none-eabi/10.3.1/../../../../arm-none-eabi/lib/thumb/v7-m/nofp\libg.a(lib_a-memcpy.o)
                0x080009c4                memcpy
 .text          0x08000ab0      0x110 d:/clion_project/gcc-arm-none-eabi-10.3-2021.10/bin/../lib/gcc/arm-none-eabi/10.3.1/thumb/v7-m/nofp\libgcc.a(_arm_cmpdf2.o)
                0x08000ab0                __gtdf2
                0x08000ab0                __gedf2
                0x08000ab8                __ltdf2
                0x08000ab8                __ledf2
                0x08000ac0                __nedf2
                0x08000ac0                __eqdf2
                0x08000ac0                __cmpdf2
                0x08000b3c                __aeabi_cdrcmple
                0x08000b4c                __aeabi_cdcmpeq
                0x08000b4c                __aeabi_cdcmple
                0x08000b5c                __aeabi_dcmpeq
                0x08000b70                __aeabi_dcmplt
                0x08000b84                __aeabi_dcmple
                0x08000b98                __aeabi_dcmpge
                0x08000bac                __aeabi_dcmpgt
 .text          0x08000bc0       0x2c d:/clion_project/gcc-arm-none-eabi-10.3-2021.10/bin/../lib/gcc/arm-none-eabi/10.3.1/thumb/v7-m/nofp\libgcc.a(_arm_unorddf2.o)
                0x08000bc0                __unorddf2
                0x08000bc0                __aeabi_dcmpun
 .text          0x08000bec       0x50 d:/clion_project/gcc-arm-none-eabi-10.3-2021.10/bin/../lib/gcc/arm-none-eabi/10.3.1/thumb/v7-m/nofp\libgcc.a(_arm_fixdfsi.o)
                0x08000bec                __aeabi_d2iz
                0x08000bec                __fixdfsi
 .text          0x08000c3c       0x30 d:/clion_project/gcc-arm-none-eabi-10.3-2021.10/bin/../lib/gcc/arm-none-eabi/10.3.1/thumb/v7-m/nofp\libgcc.a(_aeabi_uldivmod.o)
                0x08000c3c                __aeabi_uldivmod
 .text          0x08000c6c      0x2d4 d:/clion_project/gcc-arm-none-eabi-10.3-2021.10/bin/../lib/gcc/arm-none-eabi/10.3.1/thumb/v7-m/nofp\libgcc.a(_udivmoddi4.o)
                0x08000c6c                __udivmoddi4
 .text          0x08000f40        0x4 d:/clion_project/gcc-arm-none-eabi-10.3-2021.10/bin/../lib/gcc/arm-none-eabi/10.3.1/thumb/v7-m/nofp\libgcc.a(_dvmd_tls.o)
                0x08000f40                __aeabi_idiv0
                0x08000f40                __aeabi_ldiv0
 *(.text*)
 .text.MX_GPIO_Init
                0x08000f44       0x74 CMakeFiles/PWM_InputTest.elf.dir/Core/Src/gpio.c.obj
                0x08000f44                MX_GPIO_Init
 .text.Error_Handler
                0x08000fb8        0x4 CMakeFiles/PWM_InputTest.elf.dir/Core/Src/main.c.obj
                0x08000fb8                Error_Handler
 .text.SystemClock_Config
                0x08000fbc       0x64 CMakeFiles/PWM_InputTest.elf.dir/Core/Src/main.c.obj
                0x08000fbc                SystemClock_Config
 .text.main     0x08001020      0x180 CMakeFiles/PWM_InputTest.elf.dir/Core/Src/main.c.obj
                0x08001020                main
 .text.RetargetInit
                0x080011a0       0x20 CMakeFiles/PWM_InputTest.elf.dir/Core/Src/retarget.c.obj
                0x080011a0                RetargetInit
 .text._isatty  0x080011c0       0x16 CMakeFiles/PWM_InputTest.elf.dir/Core/Src/retarget.c.obj
                0x080011c0                _isatty
 *fill*         0x080011d6        0x2 
 .text._write   0x080011d8       0x34 CMakeFiles/PWM_InputTest.elf.dir/Core/Src/retarget.c.obj
                0x080011d8                _write
 .text._close   0x0800120c       0x18 CMakeFiles/PWM_InputTest.elf.dir/Core/Src/retarget.c.obj
                0x0800120c                _close
 .text._lseek   0x08001224       0x10 CMakeFiles/PWM_InputTest.elf.dir/Core/Src/retarget.c.obj
                0x08001224                _lseek
 .text._read    0x08001234       0x30 CMakeFiles/PWM_InputTest.elf.dir/Core/Src/retarget.c.obj
                0x08001234                _read
 .text._fstat   0x08001264       0x1a CMakeFiles/PWM_InputTest.elf.dir/Core/Src/retarget.c.obj
                0x08001264                _fstat
 *fill*         0x0800127e        0x2 
 .text.HAL_MspInit
                0x08001280       0x44 CMakeFiles/PWM_InputTest.elf.dir/Core/Src/stm32f1xx_hal_msp.c.obj
                0x08001280                HAL_MspInit
 .text.NMI_Handler
                0x080012c4        0x2 CMakeFiles/PWM_InputTest.elf.dir/Core/Src/stm32f1xx_it.c.obj
                0x080012c4                NMI_Handler
 .text.HardFault_Handler
                0x080012c6        0x2 CMakeFiles/PWM_InputTest.elf.dir/Core/Src/stm32f1xx_it.c.obj
                0x080012c6                HardFault_Handler
 .text.MemManage_Handler
                0x080012c8        0x2 CMakeFiles/PWM_InputTest.elf.dir/Core/Src/stm32f1xx_it.c.obj
                0x080012c8                MemManage_Handler
 .text.BusFault_Handler
                0x080012ca        0x2 CMakeFiles/PWM_InputTest.elf.dir/Core/Src/stm32f1xx_it.c.obj
                0x080012ca                BusFault_Handler
 .text.UsageFault_Handler
                0x080012cc        0x2 CMakeFiles/PWM_InputTest.elf.dir/Core/Src/stm32f1xx_it.c.obj
                0x080012cc                UsageFault_Handler
 .text.SVC_Handler
                0x080012ce        0x2 CMakeFiles/PWM_InputTest.elf.dir/Core/Src/stm32f1xx_it.c.obj
                0x080012ce                SVC_Handler
 .text.DebugMon_Handler
                0x080012d0        0x2 CMakeFiles/PWM_InputTest.elf.dir/Core/Src/stm32f1xx_it.c.obj
                0x080012d0                DebugMon_Handler
 .text.PendSV_Handler
                0x080012d2        0x2 CMakeFiles/PWM_InputTest.elf.dir/Core/Src/stm32f1xx_it.c.obj
                0x080012d2                PendSV_Handler
 .text.SysTick_Handler
                0x080012d4        0x8 CMakeFiles/PWM_InputTest.elf.dir/Core/Src/stm32f1xx_it.c.obj
                0x080012d4                SysTick_Handler
 .text.TIM8_CC_IRQHandler
                0x080012dc       0x10 CMakeFiles/PWM_InputTest.elf.dir/Core/Src/stm32f1xx_it.c.obj
                0x080012dc                TIM8_CC_IRQHandler
 .text._getpid  0x080012ec        0x4 CMakeFiles/PWM_InputTest.elf.dir/Core/Src/syscalls.c.obj
                0x080012ec                _getpid
 .text._kill    0x080012f0       0x10 CMakeFiles/PWM_InputTest.elf.dir/Core/Src/syscalls.c.obj
                0x080012f0                _kill
 .text._exit    0x08001300        0xc CMakeFiles/PWM_InputTest.elf.dir/Core/Src/syscalls.c.obj
                0x08001300                _exit
 .text._sbrk    0x0800130c       0x3c CMakeFiles/PWM_InputTest.elf.dir/Core/Src/syscalls.c.obj
                0x0800130c                _sbrk
 .text.SystemInit
                0x08001348        0x2 CMakeFiles/PWM_InputTest.elf.dir/Core/Src/system_stm32f1xx.c.obj
                0x08001348                SystemInit
 *fill*         0x0800134a        0x2 
 .text.MX_TIM8_Init
                0x0800134c       0xac CMakeFiles/PWM_InputTest.elf.dir/Core/Src/tim.c.obj
                0x0800134c                MX_TIM8_Init
 .text.HAL_TIM_Base_MspInit
                0x080013f8       0x70 CMakeFiles/PWM_InputTest.elf.dir/Core/Src/tim.c.obj
                0x080013f8                HAL_TIM_Base_MspInit
 .text.atim_timx_pwmin_chy_restart
                0x08001468       0x20 CMakeFiles/PWM_InputTest.elf.dir/Core/Src/tim.c.obj
                0x08001468                atim_timx_pwmin_chy_restart
 .text.HAL_TIM_IC_CaptureCallback
                0x08001488       0x54 CMakeFiles/PWM_InputTest.elf.dir/Core/Src/tim.c.obj
                0x08001488                HAL_TIM_IC_CaptureCallback
 .text.MX_USART1_UART_Init
                0x080014dc       0x34 CMakeFiles/PWM_InputTest.elf.dir/Core/Src/usart.c.obj
                0x080014dc                MX_USART1_UART_Init
 .text.HAL_UART_MspInit
                0x08001510       0x78 CMakeFiles/PWM_InputTest.elf.dir/Core/Src/usart.c.obj
                0x08001510                HAL_UART_MspInit
 .text.HAL_InitTick
                0x08001588       0x4c CMakeFiles/PWM_InputTest.elf.dir/Drivers/STM32F1xx_HAL_Driver/Src/stm32f1xx_hal.c.obj
                0x08001588                HAL_InitTick
 .text.HAL_Init
                0x080015d4       0x24 CMakeFiles/PWM_InputTest.elf.dir/Drivers/STM32F1xx_HAL_Driver/Src/stm32f1xx_hal.c.obj
                0x080015d4                HAL_Init
 .text.HAL_IncTick
                0x080015f8       0x18 CMakeFiles/PWM_InputTest.elf.dir/Drivers/STM32F1xx_HAL_Driver/Src/stm32f1xx_hal.c.obj
                0x080015f8                HAL_IncTick
 .text.HAL_GetTick
                0x08001610        0xc CMakeFiles/PWM_InputTest.elf.dir/Drivers/STM32F1xx_HAL_Driver/Src/stm32f1xx_hal.c.obj
                0x08001610                HAL_GetTick
 .text.HAL_Delay
                0x0800161c       0x28 CMakeFiles/PWM_InputTest.elf.dir/Drivers/STM32F1xx_HAL_Driver/Src/stm32f1xx_hal.c.obj
                0x0800161c                HAL_Delay
 .text.HAL_NVIC_SetPriorityGrouping
                0x08001644       0x24 CMakeFiles/PWM_InputTest.elf.dir/Drivers/STM32F1xx_HAL_Driver/Src/stm32f1xx_hal_cortex.c.obj
                0x08001644                HAL_NVIC_SetPriorityGrouping
 .text.HAL_NVIC_SetPriority
                0x08001668       0x70 CMakeFiles/PWM_InputTest.elf.dir/Drivers/STM32F1xx_HAL_Driver/Src/stm32f1xx_hal_cortex.c.obj
                0x08001668                HAL_NVIC_SetPriority
 .text.HAL_NVIC_EnableIRQ
                0x080016d8       0x1c CMakeFiles/PWM_InputTest.elf.dir/Drivers/STM32F1xx_HAL_Driver/Src/stm32f1xx_hal_cortex.c.obj
                0x080016d8                HAL_NVIC_EnableIRQ
 .text.HAL_SYSTICK_Config
                0x080016f4       0x28 CMakeFiles/PWM_InputTest.elf.dir/Drivers/STM32F1xx_HAL_Driver/Src/stm32f1xx_hal_cortex.c.obj
                0x080016f4                HAL_SYSTICK_Config
 .text.HAL_GPIO_Init
                0x0800171c      0x240 CMakeFiles/PWM_InputTest.elf.dir/Drivers/STM32F1xx_HAL_Driver/Src/stm32f1xx_hal_gpio.c.obj
                0x0800171c                HAL_GPIO_Init
 .text.HAL_GPIO_WritePin
                0x0800195c        0xc CMakeFiles/PWM_InputTest.elf.dir/Drivers/STM32F1xx_HAL_Driver/Src/stm32f1xx_hal_gpio.c.obj
                0x0800195c                HAL_GPIO_WritePin
 .text.RCC_Delay
                0x08001968       0x2c CMakeFiles/PWM_InputTest.elf.dir/Drivers/STM32F1xx_HAL_Driver/Src/stm32f1xx_hal_rcc.c.obj
 .text.HAL_RCC_OscConfig
                0x08001994      0x410 CMakeFiles/PWM_InputTest.elf.dir/Drivers/STM32F1xx_HAL_Driver/Src/stm32f1xx_hal_rcc.c.obj
                0x08001994                HAL_RCC_OscConfig
 .text.HAL_RCC_GetSysClockFreq
                0x08001da4       0x70 CMakeFiles/PWM_InputTest.elf.dir/Drivers/STM32F1xx_HAL_Driver/Src/stm32f1xx_hal_rcc.c.obj
                0x08001da4                HAL_RCC_GetSysClockFreq
 .text.HAL_RCC_ClockConfig
                0x08001e14      0x16c CMakeFiles/PWM_InputTest.elf.dir/Drivers/STM32F1xx_HAL_Driver/Src/stm32f1xx_hal_rcc.c.obj
                0x08001e14                HAL_RCC_ClockConfig
 .text.HAL_RCC_GetHCLKFreq
                0x08001f80        0xc CMakeFiles/PWM_InputTest.elf.dir/Drivers/STM32F1xx_HAL_Driver/Src/stm32f1xx_hal_rcc.c.obj
                0x08001f80                HAL_RCC_GetHCLKFreq
 .text.HAL_RCC_GetPCLK1Freq
                0x08001f8c       0x20 CMakeFiles/PWM_InputTest.elf.dir/Drivers/STM32F1xx_HAL_Driver/Src/stm32f1xx_hal_rcc.c.obj
                0x08001f8c                HAL_RCC_GetPCLK1Freq
 .text.HAL_RCC_GetPCLK2Freq
                0x08001fac       0x20 CMakeFiles/PWM_InputTest.elf.dir/Drivers/STM32F1xx_HAL_Driver/Src/stm32f1xx_hal_rcc.c.obj
                0x08001fac                HAL_RCC_GetPCLK2Freq
 .text.TIM_TI1_ConfigInputStage
                0x08001fcc       0x24 CMakeFiles/PWM_InputTest.elf.dir/Drivers/STM32F1xx_HAL_Driver/Src/stm32f1xx_hal_tim.c.obj
 .text.TIM_TI2_SetConfig
                0x08001ff0       0x36 CMakeFiles/PWM_InputTest.elf.dir/Drivers/STM32F1xx_HAL_Driver/Src/stm32f1xx_hal_tim.c.obj
 .text.TIM_TI2_ConfigInputStage
                0x08002026       0x26 CMakeFiles/PWM_InputTest.elf.dir/Drivers/STM32F1xx_HAL_Driver/Src/stm32f1xx_hal_tim.c.obj
 .text.TIM_TI3_SetConfig
                0x0800204c       0x36 CMakeFiles/PWM_InputTest.elf.dir/Drivers/STM32F1xx_HAL_Driver/Src/stm32f1xx_hal_tim.c.obj
 .text.TIM_TI4_SetConfig
                0x08002082       0x36 CMakeFiles/PWM_InputTest.elf.dir/Drivers/STM32F1xx_HAL_Driver/Src/stm32f1xx_hal_tim.c.obj
 .text.HAL_TIM_IC_MspInit
                0x080020b8        0x2 CMakeFiles/PWM_InputTest.elf.dir/Drivers/STM32F1xx_HAL_Driver/Src/stm32f1xx_hal_tim.c.obj
                0x080020b8                HAL_TIM_IC_MspInit
 .text.HAL_TIM_ReadCapturedValue
                0x080020ba       0x32 CMakeFiles/PWM_InputTest.elf.dir/Drivers/STM32F1xx_HAL_Driver/Src/stm32f1xx_hal_tim.c.obj
                0x080020ba                HAL_TIM_ReadCapturedValue
 .text.HAL_TIM_PeriodElapsedCallback
                0x080020ec        0x2 CMakeFiles/PWM_InputTest.elf.dir/Drivers/STM32F1xx_HAL_Driver/Src/stm32f1xx_hal_tim.c.obj
                0x080020ec                HAL_TIM_PeriodElapsedCallback
 .text.HAL_TIM_OC_DelayElapsedCallback
                0x080020ee        0x2 CMakeFiles/PWM_InputTest.elf.dir/Drivers/STM32F1xx_HAL_Driver/Src/stm32f1xx_hal_tim.c.obj
                0x080020ee                HAL_TIM_OC_DelayElapsedCallback
 .text.HAL_TIM_PWM_PulseFinishedCallback
                0x080020f0        0x2 CMakeFiles/PWM_InputTest.elf.dir/Drivers/STM32F1xx_HAL_Driver/Src/stm32f1xx_hal_tim.c.obj
                0x080020f0                HAL_TIM_PWM_PulseFinishedCallback
 .text.HAL_TIM_TriggerCallback
                0x080020f2        0x2 CMakeFiles/PWM_InputTest.elf.dir/Drivers/STM32F1xx_HAL_Driver/Src/stm32f1xx_hal_tim.c.obj
                0x080020f2                HAL_TIM_TriggerCallback
 .text.HAL_TIM_IRQHandler
                0x080020f4      0x17a CMakeFiles/PWM_InputTest.elf.dir/Drivers/STM32F1xx_HAL_Driver/Src/stm32f1xx_hal_tim.c.obj
                0x080020f4                HAL_TIM_IRQHandler
 *fill*         0x0800226e        0x2 
 .text.TIM_Base_SetConfig
                0x08002270       0x98 CMakeFiles/PWM_InputTest.elf.dir/Drivers/STM32F1xx_HAL_Driver/Src/stm32f1xx_hal_tim.c.obj
                0x08002270                TIM_Base_SetConfig
 .text.HAL_TIM_Base_Init
                0x08002308       0x58 CMakeFiles/PWM_InputTest.elf.dir/Drivers/STM32F1xx_HAL_Driver/Src/stm32f1xx_hal_tim.c.obj
                0x08002308                HAL_TIM_Base_Init
 .text.HAL_TIM_IC_Init
                0x08002360       0x58 CMakeFiles/PWM_InputTest.elf.dir/Drivers/STM32F1xx_HAL_Driver/Src/stm32f1xx_hal_tim.c.obj
                0x08002360                HAL_TIM_IC_Init
 .text.TIM_TI1_SetConfig
                0x080023b8       0x68 CMakeFiles/PWM_InputTest.elf.dir/Drivers/STM32F1xx_HAL_Driver/Src/stm32f1xx_hal_tim.c.obj
                0x080023b8                TIM_TI1_SetConfig
 .text.HAL_TIM_IC_ConfigChannel
                0x08002420       0xb4 CMakeFiles/PWM_InputTest.elf.dir/Drivers/STM32F1xx_HAL_Driver/Src/stm32f1xx_hal_tim.c.obj
                0x08002420                HAL_TIM_IC_ConfigChannel
 .text.TIM_ETR_SetConfig
                0x080024d4       0x18 CMakeFiles/PWM_InputTest.elf.dir/Drivers/STM32F1xx_HAL_Driver/Src/stm32f1xx_hal_tim.c.obj
                0x080024d4                TIM_ETR_SetConfig
 .text.TIM_SlaveTimer_SetConfig
                0x080024ec       0x8e CMakeFiles/PWM_InputTest.elf.dir/Drivers/STM32F1xx_HAL_Driver/Src/stm32f1xx_hal_tim.c.obj
 .text.HAL_TIM_SlaveConfigSynchro
                0x0800257a       0x52 CMakeFiles/PWM_InputTest.elf.dir/Drivers/STM32F1xx_HAL_Driver/Src/stm32f1xx_hal_tim.c.obj
                0x0800257a                HAL_TIM_SlaveConfigSynchro
 .text.TIM_CCxChannelCmd
                0x080025cc       0x1e CMakeFiles/PWM_InputTest.elf.dir/Drivers/STM32F1xx_HAL_Driver/Src/stm32f1xx_hal_tim.c.obj
                0x080025cc                TIM_CCxChannelCmd
 *fill*         0x080025ea        0x2 
 .text.HAL_TIM_IC_Start
                0x080025ec      0x11c CMakeFiles/PWM_InputTest.elf.dir/Drivers/STM32F1xx_HAL_Driver/Src/stm32f1xx_hal_tim.c.obj
                0x080025ec                HAL_TIM_IC_Start
 .text.HAL_TIM_IC_Start_IT
                0x08002708      0x160 CMakeFiles/PWM_InputTest.elf.dir/Drivers/STM32F1xx_HAL_Driver/Src/stm32f1xx_hal_tim.c.obj
                0x08002708                HAL_TIM_IC_Start_IT
 .text.HAL_TIMEx_CommutCallback
                0x08002868        0x2 CMakeFiles/PWM_InputTest.elf.dir/Drivers/STM32F1xx_HAL_Driver/Src/stm32f1xx_hal_tim_ex.c.obj
                0x08002868                HAL_TIMEx_CommutCallback
 .text.HAL_TIMEx_BreakCallback
                0x0800286a        0x2 CMakeFiles/PWM_InputTest.elf.dir/Drivers/STM32F1xx_HAL_Driver/Src/stm32f1xx_hal_tim_ex.c.obj
                0x0800286a                HAL_TIMEx_BreakCallback
 .text.UART_SetConfig
                0x0800286c       0x94 CMakeFiles/PWM_InputTest.elf.dir/Drivers/STM32F1xx_HAL_Driver/Src/stm32f1xx_hal_uart.c.obj
 .text.UART_WaitOnFlagUntilTimeout
                0x08002900       0x6c CMakeFiles/PWM_InputTest.elf.dir/Drivers/STM32F1xx_HAL_Driver/Src/stm32f1xx_hal_uart.c.obj
 .text.HAL_UART_Init
                0x0800296c       0x5e CMakeFiles/PWM_InputTest.elf.dir/Drivers/STM32F1xx_HAL_Driver/Src/stm32f1xx_hal_uart.c.obj
                0x0800296c                HAL_UART_Init
 .text.HAL_UART_Transmit
                0x080029ca       0xd8 CMakeFiles/PWM_InputTest.elf.dir/Drivers/STM32F1xx_HAL_Driver/Src/stm32f1xx_hal_uart.c.obj
                0x080029ca                HAL_UART_Transmit
 .text.HAL_UART_Receive
                0x08002aa2       0xe4 CMakeFiles/PWM_InputTest.elf.dir/Drivers/STM32F1xx_HAL_Driver/Src/stm32f1xx_hal_uart.c.obj
                0x08002aa2                HAL_UART_Receive
 *fill*         0x08002b86        0x2 
 .text.Reset_Handler
                0x08002b88       0x48 CMakeFiles/PWM_InputTest.elf.dir/startup/startup_stm32f103xe.s.obj
                0x08002b88                Reset_Handler
 .text.Default_Handler
                0x08002bd0        0x2 CMakeFiles/PWM_InputTest.elf.dir/startup/startup_stm32f103xe.s.obj
                0x08002bd0                RTC_Alarm_IRQHandler
                0x08002bd0                EXTI2_IRQHandler
                0x08002bd0                TIM8_TRG_COM_IRQHandler
                0x08002bd0                TIM1_CC_IRQHandler
                0x08002bd0                TIM6_IRQHandler
                0x08002bd0                PVD_IRQHandler
                0x08002bd0                SDIO_IRQHandler
                0x08002bd0                EXTI3_IRQHandler
                0x08002bd0                EXTI0_IRQHandler
                0x08002bd0                I2C2_EV_IRQHandler
                0x08002bd0                ADC1_2_IRQHandler
                0x08002bd0                SPI1_IRQHandler
                0x08002bd0                TAMPER_IRQHandler
                0x08002bd0                TIM8_UP_IRQHandler
                0x08002bd0                DMA2_Channel2_IRQHandler
                0x08002bd0                DMA1_Channel4_IRQHandler
                0x08002bd0                USART3_IRQHandler
                0x08002bd0                RTC_IRQHandler
                0x08002bd0                DMA1_Channel7_IRQHandler
                0x08002bd0                CAN1_RX1_IRQHandler
                0x08002bd0                UART5_IRQHandler
                0x08002bd0                ADC3_IRQHandler
                0x08002bd0                TIM4_IRQHandler
                0x08002bd0                DMA2_Channel1_IRQHandler
                0x08002bd0                I2C1_EV_IRQHandler
                0x08002bd0                DMA1_Channel6_IRQHandler
                0x08002bd0                UART4_IRQHandler
                0x08002bd0                TIM3_IRQHandler
                0x08002bd0                RCC_IRQHandler
                0x08002bd0                TIM1_TRG_COM_IRQHandler
                0x08002bd0                DMA1_Channel1_IRQHandler
                0x08002bd0                Default_Handler
                0x08002bd0                EXTI15_10_IRQHandler
                0x08002bd0                TIM7_IRQHandler
                0x08002bd0                TIM5_IRQHandler
                0x08002bd0                EXTI9_5_IRQHandler
                0x08002bd0                SPI2_IRQHandler
                0x08002bd0                DMA1_Channel5_IRQHandler
                0x08002bd0                EXTI4_IRQHandler
                0x08002bd0                USB_LP_CAN1_RX0_IRQHandler
                0x08002bd0                USB_HP_CAN1_TX_IRQHandler
                0x08002bd0                DMA1_Channel3_IRQHandler
                0x08002bd0                FSMC_IRQHandler
                0x08002bd0                TIM1_UP_IRQHandler
                0x08002bd0                WWDG_IRQHandler
                0x08002bd0                TIM2_IRQHandler
                0x08002bd0                TIM1_BRK_IRQHandler
                0x08002bd0                EXTI1_IRQHandler
                0x08002bd0                DMA2_Channel4_5_IRQHandler
                0x08002bd0                USART2_IRQHandler
                0x08002bd0                I2C2_ER_IRQHandler
                0x08002bd0                DMA1_Channel2_IRQHandler
                0x08002bd0                TIM8_BRK_IRQHandler
                0x08002bd0                CAN1_SCE_IRQHandler
                0x08002bd0                FLASH_IRQHandler
                0x08002bd0                USART1_IRQHandler
                0x08002bd0                SPI3_IRQHandler
                0x08002bd0                I2C1_ER_IRQHandler
                0x08002bd0                USBWakeUp_IRQHandler
                0x08002bd0                DMA2_Channel3_IRQHandler
 *fill*         0x08002bd2        0x2 
 .text.__errno  0x08002bd4        0xc d:/clion_project/gcc-arm-none-eabi-10.3-2021.10/bin/../lib/gcc/arm-none-eabi/10.3.1/../../../../arm-none-eabi/lib/thumb/v7-m/nofp\libg.a(lib_a-errno.o)
                0x08002bd4                __errno
 .text.__libc_init_array
                0x08002be0       0x48 d:/clion_project/gcc-arm-none-eabi-10.3-2021.10/bin/../lib/gcc/arm-none-eabi/10.3.1/../../../../arm-none-eabi/lib/thumb/v7-m/nofp\libg.a(lib_a-init.o)
                0x08002be0                __libc_init_array
 .text.memset   0x08002c28       0xa4 d:/clion_project/gcc-arm-none-eabi-10.3-2021.10/bin/../lib/gcc/arm-none-eabi/10.3.1/../../../../arm-none-eabi/lib/thumb/v7-m/nofp\libg.a(lib_a-memset.o)
                0x08002c28                memset
 .text.printf   0x08002ccc       0x28 d:/clion_project/gcc-arm-none-eabi-10.3-2021.10/bin/../lib/gcc/arm-none-eabi/10.3.1/../../../../arm-none-eabi/lib/thumb/v7-m/nofp\libg.a(lib_a-printf.o)
                0x08002ccc                printf
 .text._puts_r  0x08002cf4       0x9c d:/clion_project/gcc-arm-none-eabi-10.3-2021.10/bin/../lib/gcc/arm-none-eabi/10.3.1/../../../../arm-none-eabi/lib/thumb/v7-m/nofp\libg.a(lib_a-puts.o)
                0x08002cf4                _puts_r
 .text.puts     0x08002d90       0x10 d:/clion_project/gcc-arm-none-eabi-10.3-2021.10/bin/../lib/gcc/arm-none-eabi/10.3.1/../../../../arm-none-eabi/lib/thumb/v7-m/nofp\libg.a(lib_a-puts.o)
                0x08002d90                puts
 .text.setvbuf  0x08002da0      0x1b0 d:/clion_project/gcc-arm-none-eabi-10.3-2021.10/bin/../lib/gcc/arm-none-eabi/10.3.1/../../../../arm-none-eabi/lib/thumb/v7-m/nofp\libg.a(lib_a-setvbuf.o)
                0x08002da0                setvbuf
 .text.strlen   0x08002f50       0x5c d:/clion_project/gcc-arm-none-eabi-10.3-2021.10/bin/../lib/gcc/arm-none-eabi/10.3.1/../../../../arm-none-eabi/lib/thumb/v7-m/nofp\libg.a(lib_a-strlen-stub.o)
                0x08002f50                strlen
 .text._vfprintf_r
                0x08002fac     0x1b58 d:/clion_project/gcc-arm-none-eabi-10.3-2021.10/bin/../lib/gcc/arm-none-eabi/10.3.1/../../../../arm-none-eabi/lib/thumb/v7-m/nofp\libg.a(lib_a-vfprintf.o)
                0x08002fac                _vfprintf_r
 .text.__sbprintf
                0x08004b04       0x84 d:/clion_project/gcc-arm-none-eabi-10.3-2021.10/bin/../lib/gcc/arm-none-eabi/10.3.1/../../../../arm-none-eabi/lib/thumb/v7-m/nofp\libg.a(lib_a-vfprintf.o)
 .text.__swsetup_r
                0x08004b88       0xd4 d:/clion_project/gcc-arm-none-eabi-10.3-2021.10/bin/../lib/gcc/arm-none-eabi/10.3.1/../../../../arm-none-eabi/lib/thumb/v7-m/nofp\libg.a(lib_a-wsetup.o)
                0x08004b88                __swsetup_r
 .text.startup.register_fini
                0x08004c5c       0x14 d:/clion_project/gcc-arm-none-eabi-10.3-2021.10/bin/../lib/gcc/arm-none-eabi/10.3.1/../../../../arm-none-eabi/lib/thumb/v7-m/nofp\libg.a(lib_a-__call_atexit.o)
 .text.atexit   0x08004c70        0xc d:/clion_project/gcc-arm-none-eabi-10.3-2021.10/bin/../lib/gcc/arm-none-eabi/10.3.1/../../../../arm-none-eabi/lib/thumb/v7-m/nofp\libg.a(lib_a-atexit.o)
                0x08004c70                atexit
 .text.quorem   0x08004c7c      0x12c d:/clion_project/gcc-arm-none-eabi-10.3-2021.10/bin/../lib/gcc/arm-none-eabi/10.3.1/../../../../arm-none-eabi/lib/thumb/v7-m/nofp\libg.a(lib_a-dtoa.o)
 .text._dtoa_r  0x08004da8      0xecc d:/clion_project/gcc-arm-none-eabi-10.3-2021.10/bin/../lib/gcc/arm-none-eabi/10.3.1/../../../../arm-none-eabi/lib/thumb/v7-m/nofp\libg.a(lib_a-dtoa.o)
                0x08004da8                _dtoa_r
 .text.__sflush_r
                0x08005c74      0x124 d:/clion_project/gcc-arm-none-eabi-10.3-2021.10/bin/../lib/gcc/arm-none-eabi/10.3.1/../../../../arm-none-eabi/lib/thumb/v7-m/nofp\libg.a(lib_a-fflush.o)
                0x08005c74                __sflush_r
 .text._fflush_r
                0x08005d98       0x5c d:/clion_project/gcc-arm-none-eabi-10.3-2021.10/bin/../lib/gcc/arm-none-eabi/10.3.1/../../../../arm-none-eabi/lib/thumb/v7-m/nofp\libg.a(lib_a-fflush.o)
                0x08005d98                _fflush_r
 .text._cleanup_r
                0x08005df4        0xc d:/clion_project/gcc-arm-none-eabi-10.3-2021.10/bin/../lib/gcc/arm-none-eabi/10.3.1/../../../../arm-none-eabi/lib/thumb/v7-m/nofp\libg.a(lib_a-findfp.o)
                0x08005df4                _cleanup_r
 .text.__sinit  0x08005e00      0x10c d:/clion_project/gcc-arm-none-eabi-10.3-2021.10/bin/../lib/gcc/arm-none-eabi/10.3.1/../../../../arm-none-eabi/lib/thumb/v7-m/nofp\libg.a(lib_a-findfp.o)
                0x08005e00                __sinit
 .text.__sfp_lock_acquire
                0x08005f0c        0xc d:/clion_project/gcc-arm-none-eabi-10.3-2021.10/bin/../lib/gcc/arm-none-eabi/10.3.1/../../../../arm-none-eabi/lib/thumb/v7-m/nofp\libg.a(lib_a-findfp.o)
                0x08005f0c                __sfp_lock_acquire
 .text.__sfp_lock_release
                0x08005f18        0xc d:/clion_project/gcc-arm-none-eabi-10.3-2021.10/bin/../lib/gcc/arm-none-eabi/10.3.1/../../../../arm-none-eabi/lib/thumb/v7-m/nofp\libg.a(lib_a-findfp.o)
                0x08005f18                __sfp_lock_release
 .text.__libc_fini_array
                0x08005f24       0x2c d:/clion_project/gcc-arm-none-eabi-10.3-2021.10/bin/../lib/gcc/arm-none-eabi/10.3.1/../../../../arm-none-eabi/lib/thumb/v7-m/nofp\libg.a(lib_a-fini.o)
                0x08005f24                __libc_fini_array
 .text._malloc_trim_r
                0x08005f50       0xa0 d:/clion_project/gcc-arm-none-eabi-10.3-2021.10/bin/../lib/gcc/arm-none-eabi/10.3.1/../../../../arm-none-eabi/lib/thumb/v7-m/nofp\libg.a(lib_a-freer.o)
                0x08005f50                _malloc_trim_r
 .text._free_r  0x08005ff0      0x200 d:/clion_project/gcc-arm-none-eabi-10.3-2021.10/bin/../lib/gcc/arm-none-eabi/10.3.1/../../../../arm-none-eabi/lib/thumb/v7-m/nofp\libg.a(lib_a-freer.o)
                0x08005ff0                _free_r
 .text.__sfvwrite_r
                0x080061f0      0x2f0 d:/clion_project/gcc-arm-none-eabi-10.3-2021.10/bin/../lib/gcc/arm-none-eabi/10.3.1/../../../../arm-none-eabi/lib/thumb/v7-m/nofp\libg.a(lib_a-fvwrite.o)
                0x080061f0                __sfvwrite_r
 .text._fwalk_reent
                0x080064e0       0x48 d:/clion_project/gcc-arm-none-eabi-10.3-2021.10/bin/../lib/gcc/arm-none-eabi/10.3.1/../../../../arm-none-eabi/lib/thumb/v7-m/nofp\libg.a(lib_a-fwalk.o)
                0x080064e0                _fwalk_reent
 .text._localeconv_r
                0x08006528        0x8 d:/clion_project/gcc-arm-none-eabi-10.3-2021.10/bin/../lib/gcc/arm-none-eabi/10.3.1/../../../../arm-none-eabi/lib/thumb/v7-m/nofp\libg.a(lib_a-localeconv.o)
                0x08006528                _localeconv_r
 .text.__retarget_lock_init_recursive
                0x08006530        0x4 d:/clion_project/gcc-arm-none-eabi-10.3-2021.10/bin/../lib/gcc/arm-none-eabi/10.3.1/../../../../arm-none-eabi/lib/thumb/v7-m/nofp\libg.a(lib_a-lock.o)
                0x08006530                __retarget_lock_init_recursive
 .text.__retarget_lock_close_recursive
                0x08006534        0x4 d:/clion_project/gcc-arm-none-eabi-10.3-2021.10/bin/../lib/gcc/arm-none-eabi/10.3.1/../../../../arm-none-eabi/lib/thumb/v7-m/nofp\libg.a(lib_a-lock.o)
                0x08006534                __retarget_lock_close_recursive
 .text.__retarget_lock_acquire_recursive
                0x08006538        0x4 d:/clion_project/gcc-arm-none-eabi-10.3-2021.10/bin/../lib/gcc/arm-none-eabi/10.3.1/../../../../arm-none-eabi/lib/thumb/v7-m/nofp\libg.a(lib_a-lock.o)
                0x08006538                __retarget_lock_acquire_recursive
 .text.__retarget_lock_release_recursive
                0x0800653c        0x4 d:/clion_project/gcc-arm-none-eabi-10.3-2021.10/bin/../lib/gcc/arm-none-eabi/10.3.1/../../../../arm-none-eabi/lib/thumb/v7-m/nofp\libg.a(lib_a-lock.o)
                0x0800653c                __retarget_lock_release_recursive
 .text.__smakebuf_r
                0x08006540       0xe0 d:/clion_project/gcc-arm-none-eabi-10.3-2021.10/bin/../lib/gcc/arm-none-eabi/10.3.1/../../../../arm-none-eabi/lib/thumb/v7-m/nofp\libg.a(lib_a-makebuf.o)
                0x08006540                __smakebuf_r
 .text.__swhatbuf_r
                0x08006620       0x60 d:/clion_project/gcc-arm-none-eabi-10.3-2021.10/bin/../lib/gcc/arm-none-eabi/10.3.1/../../../../arm-none-eabi/lib/thumb/v7-m/nofp\libg.a(lib_a-makebuf.o)
                0x08006620                __swhatbuf_r
 .text.malloc   0x08006680       0x10 d:/clion_project/gcc-arm-none-eabi-10.3-2021.10/bin/../lib/gcc/arm-none-eabi/10.3.1/../../../../arm-none-eabi/lib/thumb/v7-m/nofp\libg.a(lib_a-malloc.o)
                0x08006680                malloc
 .text._malloc_r
                0x08006690      0x558 d:/clion_project/gcc-arm-none-eabi-10.3-2021.10/bin/../lib/gcc/arm-none-eabi/10.3.1/../../../../arm-none-eabi/lib/thumb/v7-m/nofp\libg.a(lib_a-mallocr.o)
                0x08006690                _malloc_r
 .text.memchr   0x08006be8       0x90 d:/clion_project/gcc-arm-none-eabi-10.3-2021.10/bin/../lib/gcc/arm-none-eabi/10.3.1/../../../../arm-none-eabi/lib/thumb/v7-m/nofp\libg.a(lib_a-memchr-stub.o)
                0x08006be8                memchr
 .text.memmove  0x08006c78       0xf8 d:/clion_project/gcc-arm-none-eabi-10.3-2021.10/bin/../lib/gcc/arm-none-eabi/10.3.1/../../../../arm-none-eabi/lib/thumb/v7-m/nofp\libg.a(lib_a-memmove.o)
                0x08006c78                memmove
 .text.__malloc_lock
                0x08006d70        0xc d:/clion_project/gcc-arm-none-eabi-10.3-2021.10/bin/../lib/gcc/arm-none-eabi/10.3.1/../../../../arm-none-eabi/lib/thumb/v7-m/nofp\libg.a(lib_a-mlock.o)
                0x08006d70                __malloc_lock
 .text.__malloc_unlock
                0x08006d7c        0xc d:/clion_project/gcc-arm-none-eabi-10.3-2021.10/bin/../lib/gcc/arm-none-eabi/10.3.1/../../../../arm-none-eabi/lib/thumb/v7-m/nofp\libg.a(lib_a-mlock.o)
                0x08006d7c                __malloc_unlock
 .text._Balloc  0x08006d88       0x4c d:/clion_project/gcc-arm-none-eabi-10.3-2021.10/bin/../lib/gcc/arm-none-eabi/10.3.1/../../../../arm-none-eabi/lib/thumb/v7-m/nofp\libg.a(lib_a-mprec.o)
                0x08006d88                _Balloc
 .text._Bfree   0x08006dd4       0x14 d:/clion_project/gcc-arm-none-eabi-10.3-2021.10/bin/../lib/gcc/arm-none-eabi/10.3.1/../../../../arm-none-eabi/lib/thumb/v7-m/nofp\libg.a(lib_a-mprec.o)
                0x08006dd4                _Bfree
 .text.__multadd
                0x08006de8       0xa4 d:/clion_project/gcc-arm-none-eabi-10.3-2021.10/bin/../lib/gcc/arm-none-eabi/10.3.1/../../../../arm-none-eabi/lib/thumb/v7-m/nofp\libg.a(lib_a-mprec.o)
                0x08006de8                __multadd
 .text.__hi0bits
                0x08006e8c       0x40 d:/clion_project/gcc-arm-none-eabi-10.3-2021.10/bin/../lib/gcc/arm-none-eabi/10.3.1/../../../../arm-none-eabi/lib/thumb/v7-m/nofp\libg.a(lib_a-mprec.o)
                0x08006e8c                __hi0bits
 .text.__lo0bits
                0x08006ecc       0x58 d:/clion_project/gcc-arm-none-eabi-10.3-2021.10/bin/../lib/gcc/arm-none-eabi/10.3.1/../../../../arm-none-eabi/lib/thumb/v7-m/nofp\libg.a(lib_a-mprec.o)
                0x08006ecc                __lo0bits
 .text.__i2b    0x08006f24       0x5c d:/clion_project/gcc-arm-none-eabi-10.3-2021.10/bin/../lib/gcc/arm-none-eabi/10.3.1/../../../../arm-none-eabi/lib/thumb/v7-m/nofp\libg.a(lib_a-mprec.o)
                0x08006f24                __i2b
 .text.__multiply
                0x08006f80      0x15c d:/clion_project/gcc-arm-none-eabi-10.3-2021.10/bin/../lib/gcc/arm-none-eabi/10.3.1/../../../../arm-none-eabi/lib/thumb/v7-m/nofp\libg.a(lib_a-mprec.o)
                0x08006f80                __multiply
 .text.__pow5mult
                0x080070dc       0xb8 d:/clion_project/gcc-arm-none-eabi-10.3-2021.10/bin/../lib/gcc/arm-none-eabi/10.3.1/../../../../arm-none-eabi/lib/thumb/v7-m/nofp\libg.a(lib_a-mprec.o)
                0x080070dc                __pow5mult
 .text.__lshift
                0x08007194       0xec d:/clion_project/gcc-arm-none-eabi-10.3-2021.10/bin/../lib/gcc/arm-none-eabi/10.3.1/../../../../arm-none-eabi/lib/thumb/v7-m/nofp\libg.a(lib_a-mprec.o)
                0x08007194                __lshift
 .text.__mcmp   0x08007280       0x40 d:/clion_project/gcc-arm-none-eabi-10.3-2021.10/bin/../lib/gcc/arm-none-eabi/10.3.1/../../../../arm-none-eabi/lib/thumb/v7-m/nofp\libg.a(lib_a-mprec.o)
                0x08007280                __mcmp
 .text.__mdiff  0x080072c0      0x14c d:/clion_project/gcc-arm-none-eabi-10.3-2021.10/bin/../lib/gcc/arm-none-eabi/10.3.1/../../../../arm-none-eabi/lib/thumb/v7-m/nofp\libg.a(lib_a-mprec.o)
                0x080072c0                __mdiff
 .text.__d2b    0x0800740c       0xc4 d:/clion_project/gcc-arm-none-eabi-10.3-2021.10/bin/../lib/gcc/arm-none-eabi/10.3.1/../../../../arm-none-eabi/lib/thumb/v7-m/nofp\libg.a(lib_a-mprec.o)
                0x0800740c                __d2b
 .text._realloc_r
                0x080074d0      0x3dc d:/clion_project/gcc-arm-none-eabi-10.3-2021.10/bin/../lib/gcc/arm-none-eabi/10.3.1/../../../../arm-none-eabi/lib/thumb/v7-m/nofp\libg.a(lib_a-reallocr.o)
                0x080074d0                _realloc_r
 .text.frexp    0x080078ac       0x70 d:/clion_project/gcc-arm-none-eabi-10.3-2021.10/bin/../lib/gcc/arm-none-eabi/10.3.1/../../../../arm-none-eabi/lib/thumb/v7-m/nofp\libg.a(lib_a-s_frexp.o)
                0x080078ac                frexp
 .text._sbrk_r  0x0800791c       0x24 d:/clion_project/gcc-arm-none-eabi-10.3-2021.10/bin/../lib/gcc/arm-none-eabi/10.3.1/../../../../arm-none-eabi/lib/thumb/v7-m/nofp\libg.a(lib_a-sbrkr.o)
                0x0800791c                _sbrk_r
 .text.__sread  0x08007940       0x24 d:/clion_project/gcc-arm-none-eabi-10.3-2021.10/bin/../lib/gcc/arm-none-eabi/10.3.1/../../../../arm-none-eabi/lib/thumb/v7-m/nofp\libg.a(lib_a-stdio.o)
                0x08007940                __sread
 .text.__swrite
                0x08007964       0x40 d:/clion_project/gcc-arm-none-eabi-10.3-2021.10/bin/../lib/gcc/arm-none-eabi/10.3.1/../../../../arm-none-eabi/lib/thumb/v7-m/nofp\libg.a(lib_a-stdio.o)
                0x08007964                __swrite
 .text.__sseek  0x080079a4       0x20 d:/clion_project/gcc-arm-none-eabi-10.3-2021.10/bin/../lib/gcc/arm-none-eabi/10.3.1/../../../../arm-none-eabi/lib/thumb/v7-m/nofp\libg.a(lib_a-stdio.o)
                0x080079a4                __sseek
 .text.__sclose
                0x080079c4        0x8 d:/clion_project/gcc-arm-none-eabi-10.3-2021.10/bin/../lib/gcc/arm-none-eabi/10.3.1/../../../../arm-none-eabi/lib/thumb/v7-m/nofp\libg.a(lib_a-stdio.o)
                0x080079c4                __sclose
 .text.strncpy  0x080079cc       0x68 d:/clion_project/gcc-arm-none-eabi-10.3-2021.10/bin/../lib/gcc/arm-none-eabi/10.3.1/../../../../arm-none-eabi/lib/thumb/v7-m/nofp\libg.a(lib_a-strncpy.o)
                0x080079cc                strncpy
 .text.__sprint_r.part.0
                0x08007a34       0x78 d:/clion_project/gcc-arm-none-eabi-10.3-2021.10/bin/../lib/gcc/arm-none-eabi/10.3.1/../../../../arm-none-eabi/lib/thumb/v7-m/nofp\libg.a(lib_a-vfiprintf.o)
 .text.__sprint_r
                0x08007aac       0x14 d:/clion_project/gcc-arm-none-eabi-10.3-2021.10/bin/../lib/gcc/arm-none-eabi/10.3.1/../../../../arm-none-eabi/lib/thumb/v7-m/nofp\libg.a(lib_a-vfiprintf.o)
                0x08007aac                __sprint_r
 .text._vfiprintf_r
                0x08007ac0      0xd98 d:/clion_project/gcc-arm-none-eabi-10.3-2021.10/bin/../lib/gcc/arm-none-eabi/10.3.1/../../../../arm-none-eabi/lib/thumb/v7-m/nofp\libg.a(lib_a-vfiprintf.o)
                0x08007ac0                _vfiprintf_r
 .text.__sbprintf
                0x08008858       0x84 d:/clion_project/gcc-arm-none-eabi-10.3-2021.10/bin/../lib/gcc/arm-none-eabi/10.3.1/../../../../arm-none-eabi/lib/thumb/v7-m/nofp\libg.a(lib_a-vfiprintf.o)
 .text._write_r
                0x080088dc       0x2c d:/clion_project/gcc-arm-none-eabi-10.3-2021.10/bin/../lib/gcc/arm-none-eabi/10.3.1/../../../../arm-none-eabi/lib/thumb/v7-m/nofp\libg.a(lib_a-writer.o)
                0x080088dc                _write_r
 .text.__register_exitproc
                0x08008908       0x8c d:/clion_project/gcc-arm-none-eabi-10.3-2021.10/bin/../lib/gcc/arm-none-eabi/10.3.1/../../../../arm-none-eabi/lib/thumb/v7-m/nofp\libg.a(lib_a-__atexit.o)
                0x08008908                __register_exitproc
 .text.__assert_func
                0x08008994       0x40 d:/clion_project/gcc-arm-none-eabi-10.3-2021.10/bin/../lib/gcc/arm-none-eabi/10.3.1/../../../../arm-none-eabi/lib/thumb/v7-m/nofp\libg.a(lib_a-assert.o)
                0x08008994                __assert_func
 .text._calloc_r
                0x080089d4       0x78 d:/clion_project/gcc-arm-none-eabi-10.3-2021.10/bin/../lib/gcc/arm-none-eabi/10.3.1/../../../../arm-none-eabi/lib/thumb/v7-m/nofp\libg.a(lib_a-callocr.o)
                0x080089d4                _calloc_r
 .text._close_r
                0x08008a4c       0x24 d:/clion_project/gcc-arm-none-eabi-10.3-2021.10/bin/../lib/gcc/arm-none-eabi/10.3.1/../../../../arm-none-eabi/lib/thumb/v7-m/nofp\libg.a(lib_a-closer.o)
                0x08008a4c                _close_r
 .text._fclose_r
                0x08008a70       0xcc d:/clion_project/gcc-arm-none-eabi-10.3-2021.10/bin/../lib/gcc/arm-none-eabi/10.3.1/../../../../arm-none-eabi/lib/thumb/v7-m/nofp\libg.a(lib_a-fclose.o)
                0x08008a70                _fclose_r
 .text.fiprintf
                0x08008b3c       0x28 d:/clion_project/gcc-arm-none-eabi-10.3-2021.10/bin/../lib/gcc/arm-none-eabi/10.3.1/../../../../arm-none-eabi/lib/thumb/v7-m/nofp\libg.a(lib_a-fiprintf.o)
                0x08008b3c                fiprintf
 .text.__fputwc
                0x08008b64       0xa0 d:/clion_project/gcc-arm-none-eabi-10.3-2021.10/bin/../lib/gcc/arm-none-eabi/10.3.1/../../../../arm-none-eabi/lib/thumb/v7-m/nofp\libg.a(lib_a-fputwc.o)
                0x08008b64                __fputwc
 .text._fputwc_r
                0x08008c04       0x68 d:/clion_project/gcc-arm-none-eabi-10.3-2021.10/bin/../lib/gcc/arm-none-eabi/10.3.1/../../../../arm-none-eabi/lib/thumb/v7-m/nofp\libg.a(lib_a-fputwc.o)
                0x08008c04                _fputwc_r
 .text._fstat_r
                0x08008c6c       0x28 d:/clion_project/gcc-arm-none-eabi-10.3-2021.10/bin/../lib/gcc/arm-none-eabi/10.3.1/../../../../arm-none-eabi/lib/thumb/v7-m/nofp\libg.a(lib_a-fstatr.o)
                0x08008c6c                _fstat_r
 .text._isatty_r
                0x08008c94       0x24 d:/clion_project/gcc-arm-none-eabi-10.3-2021.10/bin/../lib/gcc/arm-none-eabi/10.3.1/../../../../arm-none-eabi/lib/thumb/v7-m/nofp\libg.a(lib_a-isattyr.o)
                0x08008c94                _isatty_r
 .text.__locale_mb_cur_max
                0x08008cb8        0xc d:/clion_project/gcc-arm-none-eabi-10.3-2021.10/bin/../lib/gcc/arm-none-eabi/10.3.1/../../../../arm-none-eabi/lib/thumb/v7-m/nofp\libg.a(lib_a-locale.o)
                0x08008cb8                __locale_mb_cur_max
 .text._lseek_r
                0x08008cc4       0x2c d:/clion_project/gcc-arm-none-eabi-10.3-2021.10/bin/../lib/gcc/arm-none-eabi/10.3.1/../../../../arm-none-eabi/lib/thumb/v7-m/nofp\libg.a(lib_a-lseekr.o)
                0x08008cc4                _lseek_r
 .text.__ascii_mbtowc
                0x08008cf0       0x2c d:/clion_project/gcc-arm-none-eabi-10.3-2021.10/bin/../lib/gcc/arm-none-eabi/10.3.1/../../../../arm-none-eabi/lib/thumb/v7-m/nofp\libg.a(lib_a-mbtowc_r.o)
                0x08008cf0                __ascii_mbtowc
 .text._read_r  0x08008d1c       0x2c d:/clion_project/gcc-arm-none-eabi-10.3-2021.10/bin/../lib/gcc/arm-none-eabi/10.3.1/../../../../arm-none-eabi/lib/thumb/v7-m/nofp\libg.a(lib_a-readr.o)
                0x08008d1c                _read_r
 .text.__swbuf_r
                0x08008d48       0xb0 d:/clion_project/gcc-arm-none-eabi-10.3-2021.10/bin/../lib/gcc/arm-none-eabi/10.3.1/../../../../arm-none-eabi/lib/thumb/v7-m/nofp\libg.a(lib_a-wbuf.o)
                0x08008d48                __swbuf_r
 .text._wcrtomb_r
                0x08008df8       0x3c d:/clion_project/gcc-arm-none-eabi-10.3-2021.10/bin/../lib/gcc/arm-none-eabi/10.3.1/../../../../arm-none-eabi/lib/thumb/v7-m/nofp\libg.a(lib_a-wcrtomb.o)
                0x08008df8                _wcrtomb_r
 .text.__ascii_wctomb
                0x08008e34       0x1c d:/clion_project/gcc-arm-none-eabi-10.3-2021.10/bin/../lib/gcc/arm-none-eabi/10.3.1/../../../../arm-none-eabi/lib/thumb/v7-m/nofp\libg.a(lib_a-wctomb_r.o)
                0x08008e34                __ascii_wctomb
 .text.abort    0x08008e50       0x10 d:/clion_project/gcc-arm-none-eabi-10.3-2021.10/bin/../lib/gcc/arm-none-eabi/10.3.1/../../../../arm-none-eabi/lib/thumb/v7-m/nofp\libg.a(lib_a-abort.o)
                0x08008e50                abort
 .text.raise    0x08008e60       0x5c d:/clion_project/gcc-arm-none-eabi-10.3-2021.10/bin/../lib/gcc/arm-none-eabi/10.3.1/../../../../arm-none-eabi/lib/thumb/v7-m/nofp\libg.a(lib_a-signal.o)
                0x08008e60                raise
 .text._kill_r  0x08008ebc       0x28 d:/clion_project/gcc-arm-none-eabi-10.3-2021.10/bin/../lib/gcc/arm-none-eabi/10.3.1/../../../../arm-none-eabi/lib/thumb/v7-m/nofp\libg.a(lib_a-signalr.o)
                0x08008ebc                _kill_r
 .text._getpid_r
                0x08008ee4        0x4 d:/clion_project/gcc-arm-none-eabi-10.3-2021.10/bin/../lib/gcc/arm-none-eabi/10.3.1/../../../../arm-none-eabi/lib/thumb/v7-m/nofp\libg.a(lib_a-signalr.o)
                0x08008ee4                _getpid_r
 *(.glue_7)
 .glue_7        0x08008ee8        0x0 linker stubs
 *(.glue_7t)
 .glue_7t       0x08008ee8        0x0 linker stubs
 *(.eh_frame)
 .eh_frame      0x08008ee8        0x0 d:/clion_project/gcc-arm-none-eabi-10.3-2021.10/bin/../lib/gcc/arm-none-eabi/10.3.1/thumb/v7-m/nofp/crtbegin.o
 *(.init)
 .init          0x08008ee8        0x4 d:/clion_project/gcc-arm-none-eabi-10.3-2021.10/bin/../lib/gcc/arm-none-eabi/10.3.1/thumb/v7-m/nofp/crti.o
                0x08008ee8                _init
 .init          0x08008eec        0x8 d:/clion_project/gcc-arm-none-eabi-10.3-2021.10/bin/../lib/gcc/arm-none-eabi/10.3.1/thumb/v7-m/nofp/crtn.o
 *(.fini)
 .fini          0x08008ef4        0x4 d:/clion_project/gcc-arm-none-eabi-10.3-2021.10/bin/../lib/gcc/arm-none-eabi/10.3.1/thumb/v7-m/nofp/crti.o
                0x08008ef4                _fini
 .fini          0x08008ef8        0x8 d:/clion_project/gcc-arm-none-eabi-10.3-2021.10/bin/../lib/gcc/arm-none-eabi/10.3.1/thumb/v7-m/nofp/crtn.o
                0x08008f00                . = ALIGN (0x4)
                0x08008f00                _etext = .

.vfp11_veneer   0x08008f00        0x0
 .vfp11_veneer  0x08008f00        0x0 linker stubs

.v4_bx          0x08008f00        0x0
 .v4_bx         0x08008f00        0x0 linker stubs

.iplt           0x08008f00        0x0
 .iplt          0x08008f00        0x0 d:/clion_project/gcc-arm-none-eabi-10.3-2021.10/bin/../lib/gcc/arm-none-eabi/10.3.1/thumb/v7-m/nofp/crtbegin.o

.rodata         0x08008f00      0x4c8
                0x08008f00                . = ALIGN (0x4)
 *(.rodata)
 *(.rodata*)
 .rodata.main.str1.4
                0x08008f00       0x9c CMakeFiles/PWM_InputTest.elf.dir/Core/Src/main.c.obj
 .rodata.AHBPrescTable
                0x08008f9c       0x10 CMakeFiles/PWM_InputTest.elf.dir/Core/Src/system_stm32f1xx.c.obj
                0x08008f9c                AHBPrescTable
 .rodata.APBPrescTable
                0x08008fac        0x8 CMakeFiles/PWM_InputTest.elf.dir/Core/Src/system_stm32f1xx.c.obj
                0x08008fac                APBPrescTable
 .rodata.HAL_RCC_GetSysClockFreq.str1.4
                0x08008fb4       0x11 CMakeFiles/PWM_InputTest.elf.dir/Drivers/STM32F1xx_HAL_Driver/Src/stm32f1xx_hal_rcc.c.obj
 *fill*         0x08008fc5        0x3 
 .rodata._global_impure_ptr
                0x08008fc8        0x4 d:/clion_project/gcc-arm-none-eabi-10.3-2021.10/bin/../lib/gcc/arm-none-eabi/10.3.1/../../../../arm-none-eabi/lib/thumb/v7-m/nofp\libg.a(lib_a-impure.o)
                0x08008fc8                _global_impure_ptr
 .rodata._puts_r.str1.4
                0x08008fcc       0x11 d:/clion_project/gcc-arm-none-eabi-10.3-2021.10/bin/../lib/gcc/arm-none-eabi/10.3.1/../../../../arm-none-eabi/lib/thumb/v7-m/nofp\libg.a(lib_a-puts.o)
                                  0x2 (size before relaxing)
 .rodata._vfprintf_r.str1.4
                0x08008fcc       0x42 d:/clion_project/gcc-arm-none-eabi-10.3-2021.10/bin/../lib/gcc/arm-none-eabi/10.3.1/../../../../arm-none-eabi/lib/thumb/v7-m/nofp\libg.a(lib_a-vfprintf.o)
 *fill*         0x0800900e        0x2 
 .rodata.blanks.1
                0x08009010       0x10 d:/clion_project/gcc-arm-none-eabi-10.3-2021.10/bin/../lib/gcc/arm-none-eabi/10.3.1/../../../../arm-none-eabi/lib/thumb/v7-m/nofp\libg.a(lib_a-vfprintf.o)
 .rodata.zeroes.0
                0x08009020       0x10 d:/clion_project/gcc-arm-none-eabi-10.3-2021.10/bin/../lib/gcc/arm-none-eabi/10.3.1/../../../../arm-none-eabi/lib/thumb/v7-m/nofp\libg.a(lib_a-vfprintf.o)
 .rodata._dtoa_r.str1.4
                0x08009030       0xa2 d:/clion_project/gcc-arm-none-eabi-10.3-2021.10/bin/../lib/gcc/arm-none-eabi/10.3.1/../../../../arm-none-eabi/lib/thumb/v7-m/nofp\libg.a(lib_a-dtoa.o)
                                 0xa6 (size before relaxing)
 *fill*         0x080090d2        0x2 
 .rodata.__multadd.str1.4
                0x080090d4       0x7f d:/clion_project/gcc-arm-none-eabi-10.3-2021.10/bin/../lib/gcc/arm-none-eabi/10.3.1/../../../../arm-none-eabi/lib/thumb/v7-m/nofp\libg.a(lib_a-mprec.o)
                                 0x93 (size before relaxing)
 *fill*         0x08009153        0x5 
 .rodata.__mprec_bigtens
                0x08009158       0x28 d:/clion_project/gcc-arm-none-eabi-10.3-2021.10/bin/../lib/gcc/arm-none-eabi/10.3.1/../../../../arm-none-eabi/lib/thumb/v7-m/nofp\libg.a(lib_a-mprec.o)
                0x08009158                __mprec_bigtens
 .rodata.__mprec_tens
                0x08009180       0xc8 d:/clion_project/gcc-arm-none-eabi-10.3-2021.10/bin/../lib/gcc/arm-none-eabi/10.3.1/../../../../arm-none-eabi/lib/thumb/v7-m/nofp\libg.a(lib_a-mprec.o)
                0x08009180                __mprec_tens
 .rodata.p05.0  0x08009248        0xc d:/clion_project/gcc-arm-none-eabi-10.3-2021.10/bin/../lib/gcc/arm-none-eabi/10.3.1/../../../../arm-none-eabi/lib/thumb/v7-m/nofp\libg.a(lib_a-mprec.o)
 .rodata._vfiprintf_r.str1.4
                0x08009254       0x2f d:/clion_project/gcc-arm-none-eabi-10.3-2021.10/bin/../lib/gcc/arm-none-eabi/10.3.1/../../../../arm-none-eabi/lib/thumb/v7-m/nofp\libg.a(lib_a-vfiprintf.o)
 .rodata.blanks.1
                0x08009254       0x10 d:/clion_project/gcc-arm-none-eabi-10.3-2021.10/bin/../lib/gcc/arm-none-eabi/10.3.1/../../../../arm-none-eabi/lib/thumb/v7-m/nofp\libg.a(lib_a-vfiprintf.o)
 .rodata.zeroes.0
                0x08009264       0x10 d:/clion_project/gcc-arm-none-eabi-10.3-2021.10/bin/../lib/gcc/arm-none-eabi/10.3.1/../../../../arm-none-eabi/lib/thumb/v7-m/nofp\libg.a(lib_a-vfiprintf.o)
 .rodata.__assert_func.str1.4
                0x08009274       0x3f d:/clion_project/gcc-arm-none-eabi-10.3-2021.10/bin/../lib/gcc/arm-none-eabi/10.3.1/../../../../arm-none-eabi/lib/thumb/v7-m/nofp\libg.a(lib_a-assert.o)
                                 0x43 (size before relaxing)
 *fill*         0x080092b3        0x1 
 .rodata._setlocale_r.str1.4
                0x080092b4        0xa d:/clion_project/gcc-arm-none-eabi-10.3-2021.10/bin/../lib/gcc/arm-none-eabi/10.3.1/../../../../arm-none-eabi/lib/thumb/v7-m/nofp\libg.a(lib_a-locale.o)
                                  0xd (size before relaxing)
 *fill*         0x080092be        0x2 
 .rodata.str1.4
                0x080092c0        0x2 d:/clion_project/gcc-arm-none-eabi-10.3-2021.10/bin/../lib/gcc/arm-none-eabi/10.3.1/../../../../arm-none-eabi/lib/thumb/v7-m/nofp\libg.a(lib_a-locale.o)
 *fill*         0x080092c2        0x2 
 .rodata._ctype_
                0x080092c4      0x101 d:/clion_project/gcc-arm-none-eabi-10.3-2021.10/bin/../lib/gcc/arm-none-eabi/10.3.1/../../../../arm-none-eabi/lib/thumb/v7-m/nofp\libg.a(lib_a-ctype_.o)
                0x080092c4                _ctype_
                0x080093c8                . = ALIGN (0x4)
 *fill*         0x080093c5        0x3 

.ARM.extab
 *(.ARM.extab* .gnu.linkonce.armextab.*)

.ARM            0x080093c8        0x8
                0x080093c8                __exidx_start = .
 *(.ARM.exidx*)
 .ARM.exidx     0x080093c8        0x8 d:/clion_project/gcc-arm-none-eabi-10.3-2021.10/bin/../lib/gcc/arm-none-eabi/10.3.1/thumb/v7-m/nofp\libgcc.a(_udivmoddi4.o)
                0x080093d0                __exidx_end = .

.rel.dyn        0x080093d0        0x0
 .rel.iplt      0x080093d0        0x0 d:/clion_project/gcc-arm-none-eabi-10.3-2021.10/bin/../lib/gcc/arm-none-eabi/10.3.1/thumb/v7-m/nofp/crtbegin.o

.preinit_array  0x080093d0        0x0
                0x080093d0                PROVIDE (__preinit_array_start = .)
 *(.preinit_array*)
                0x080093d0                PROVIDE (__preinit_array_end = .)

.init_array     0x080093d0        0x8
                0x080093d0                PROVIDE (__init_array_start = .)
 *(SORT_BY_NAME(.init_array.*))
 .init_array.00000
                0x080093d0        0x4 d:/clion_project/gcc-arm-none-eabi-10.3-2021.10/bin/../lib/gcc/arm-none-eabi/10.3.1/../../../../arm-none-eabi/lib/thumb/v7-m/nofp\libg.a(lib_a-__call_atexit.o)
 *(.init_array*)
 .init_array    0x080093d4        0x4 d:/clion_project/gcc-arm-none-eabi-10.3-2021.10/bin/../lib/gcc/arm-none-eabi/10.3.1/thumb/v7-m/nofp/crtbegin.o
                0x080093d8                PROVIDE (__init_array_end = .)

.fini_array     0x080093d8        0x4
                0x080093d8                PROVIDE (__fini_array_start = .)
 *(SORT_BY_NAME(.fini_array.*))
 *(.fini_array*)
 .fini_array    0x080093d8        0x4 d:/clion_project/gcc-arm-none-eabi-10.3-2021.10/bin/../lib/gcc/arm-none-eabi/10.3.1/thumb/v7-m/nofp/crtbegin.o
                0x080093dc                PROVIDE (__fini_array_end = .)
                0x080093dc                _sidata = LOADADDR (.data)

.data           0x20000000      0x9b8 load address 0x080093dc
                0x20000000                . = ALIGN (0x4)
                0x20000000                _sdata = .
 *(.data)
 *(.data*)
 .data.SystemCoreClock
                0x20000000        0x4 CMakeFiles/PWM_InputTest.elf.dir/Core/Src/system_stm32f1xx.c.obj
                0x20000000                SystemCoreClock
 .data.uwTickFreq
                0x20000004        0x1 CMakeFiles/PWM_InputTest.elf.dir/Drivers/STM32F1xx_HAL_Driver/Src/stm32f1xx_hal.c.obj
                0x20000004                uwTickFreq
 *fill*         0x20000005        0x3 
 .data.uwTickPrio
                0x20000008        0x4 CMakeFiles/PWM_InputTest.elf.dir/Drivers/STM32F1xx_HAL_Driver/Src/stm32f1xx_hal.c.obj
                0x20000008                uwTickPrio
 .data._impure_ptr
                0x2000000c        0x4 d:/clion_project/gcc-arm-none-eabi-10.3-2021.10/bin/../lib/gcc/arm-none-eabi/10.3.1/../../../../arm-none-eabi/lib/thumb/v7-m/nofp\libg.a(lib_a-impure.o)
                0x2000000c                _impure_ptr
 .data.impure_data
                0x20000010      0x428 d:/clion_project/gcc-arm-none-eabi-10.3-2021.10/bin/../lib/gcc/arm-none-eabi/10.3.1/../../../../arm-none-eabi/lib/thumb/v7-m/nofp\libg.a(lib_a-impure.o)
 .data.__atexit_recursive_mutex
                0x20000438        0x4 d:/clion_project/gcc-arm-none-eabi-10.3-2021.10/bin/../lib/gcc/arm-none-eabi/10.3.1/../../../../arm-none-eabi/lib/thumb/v7-m/nofp\libg.a(lib_a-__call_atexit.o)
                0x20000438                __atexit_recursive_mutex
 .data.__malloc_av_
                0x2000043c      0x408 d:/clion_project/gcc-arm-none-eabi-10.3-2021.10/bin/../lib/gcc/arm-none-eabi/10.3.1/../../../../arm-none-eabi/lib/thumb/v7-m/nofp\libg.a(lib_a-mallocr.o)
                0x2000043c                __malloc_av_
 .data.__malloc_sbrk_base
                0x20000844        0x4 d:/clion_project/gcc-arm-none-eabi-10.3-2021.10/bin/../lib/gcc/arm-none-eabi/10.3.1/../../../../arm-none-eabi/lib/thumb/v7-m/nofp\libg.a(lib_a-mallocr.o)
                0x20000844                __malloc_sbrk_base
 .data.__malloc_trim_threshold
                0x20000848        0x4 d:/clion_project/gcc-arm-none-eabi-10.3-2021.10/bin/../lib/gcc/arm-none-eabi/10.3.1/../../../../arm-none-eabi/lib/thumb/v7-m/nofp\libg.a(lib_a-mallocr.o)
                0x20000848                __malloc_trim_threshold
 .data.__global_locale
                0x2000084c      0x16c d:/clion_project/gcc-arm-none-eabi-10.3-2021.10/bin/../lib/gcc/arm-none-eabi/10.3.1/../../../../arm-none-eabi/lib/thumb/v7-m/nofp\libg.a(lib_a-locale.o)
                0x2000084c                __global_locale
                0x200009b8                . = ALIGN (0x4)
                0x200009b8                _edata = .

.igot.plt       0x200009b8        0x0 load address 0x08009d94
 .igot.plt      0x200009b8        0x0 d:/clion_project/gcc-arm-none-eabi-10.3-2021.10/bin/../lib/gcc/arm-none-eabi/10.3.1/thumb/v7-m/nofp/crtbegin.o
                0x200009b8                . = ALIGN (0x4)

.bss            0x200009b8      0x108 load address 0x08009d94
                0x200009b8                _sbss = .
                0x200009b8                __bss_start__ = _sbss
 *(.bss)
 .bss           0x200009b8       0x1c d:/clion_project/gcc-arm-none-eabi-10.3-2021.10/bin/../lib/gcc/arm-none-eabi/10.3.1/thumb/v7-m/nofp/crtbegin.o
 *(.bss*)
 .bss.gHuart    0x200009d4        0x4 CMakeFiles/PWM_InputTest.elf.dir/Core/Src/retarget.c.obj
                0x200009d4                gHuart
 .bss.heap_end.0
                0x200009d8        0x4 CMakeFiles/PWM_InputTest.elf.dir/Core/Src/syscalls.c.obj
 .bss.g_timxchy_pwmin_cval
                0x200009dc        0x4 CMakeFiles/PWM_InputTest.elf.dir/Core/Src/tim.c.obj
                0x200009dc                g_timxchy_pwmin_cval
 .bss.g_timxchy_pwmin_hval
                0x200009e0        0x4 CMakeFiles/PWM_InputTest.elf.dir/Core/Src/tim.c.obj
                0x200009e0                g_timxchy_pwmin_hval
 .bss.g_timxchy_pwmin_psc
                0x200009e4        0x2 CMakeFiles/PWM_InputTest.elf.dir/Core/Src/tim.c.obj
                0x200009e4                g_timxchy_pwmin_psc
 .bss.g_timxchy_pwmin_sta
                0x200009e6        0x1 CMakeFiles/PWM_InputTest.elf.dir/Core/Src/tim.c.obj
                0x200009e6                g_timxchy_pwmin_sta
 *fill*         0x200009e7        0x1 
 .bss.htim8     0x200009e8       0x48 CMakeFiles/PWM_InputTest.elf.dir/Core/Src/tim.c.obj
                0x200009e8                htim8
 .bss.huart1    0x20000a30       0x44 CMakeFiles/PWM_InputTest.elf.dir/Core/Src/usart.c.obj
                0x20000a30                huart1
 .bss.uwTick    0x20000a74        0x4 CMakeFiles/PWM_InputTest.elf.dir/Drivers/STM32F1xx_HAL_Driver/Src/stm32f1xx_hal.c.obj
                0x20000a74                uwTick
 .bss.__lock___atexit_recursive_mutex
                0x20000a78        0x1 d:/clion_project/gcc-arm-none-eabi-10.3-2021.10/bin/../lib/gcc/arm-none-eabi/10.3.1/../../../../arm-none-eabi/lib/thumb/v7-m/nofp\libg.a(lib_a-lock.o)
                0x20000a78                __lock___atexit_recursive_mutex
 *fill*         0x20000a79        0x3 
 .bss.__lock___malloc_recursive_mutex
                0x20000a7c        0x1 d:/clion_project/gcc-arm-none-eabi-10.3-2021.10/bin/../lib/gcc/arm-none-eabi/10.3.1/../../../../arm-none-eabi/lib/thumb/v7-m/nofp\libg.a(lib_a-lock.o)
                0x20000a7c                __lock___malloc_recursive_mutex
 *fill*         0x20000a7d        0x3 
 .bss.__lock___sfp_recursive_mutex
                0x20000a80        0x1 d:/clion_project/gcc-arm-none-eabi-10.3-2021.10/bin/../lib/gcc/arm-none-eabi/10.3.1/../../../../arm-none-eabi/lib/thumb/v7-m/nofp\libg.a(lib_a-lock.o)
                0x20000a80                __lock___sfp_recursive_mutex
 *fill*         0x20000a81        0x3 
 .bss.__lock___sinit_recursive_mutex
                0x20000a84        0x1 d:/clion_project/gcc-arm-none-eabi-10.3-2021.10/bin/../lib/gcc/arm-none-eabi/10.3.1/../../../../arm-none-eabi/lib/thumb/v7-m/nofp\libg.a(lib_a-lock.o)
                0x20000a84                __lock___sinit_recursive_mutex
 *fill*         0x20000a85        0x3 
 .bss.__malloc_current_mallinfo
                0x20000a88       0x28 d:/clion_project/gcc-arm-none-eabi-10.3-2021.10/bin/../lib/gcc/arm-none-eabi/10.3.1/../../../../arm-none-eabi/lib/thumb/v7-m/nofp\libg.a(lib_a-mallocr.o)
                0x20000a88                __malloc_current_mallinfo
 .bss.__malloc_max_sbrked_mem
                0x20000ab0        0x4 d:/clion_project/gcc-arm-none-eabi-10.3-2021.10/bin/../lib/gcc/arm-none-eabi/10.3.1/../../../../arm-none-eabi/lib/thumb/v7-m/nofp\libg.a(lib_a-mallocr.o)
                0x20000ab0                __malloc_max_sbrked_mem
 .bss.__malloc_max_total_mem
                0x20000ab4        0x4 d:/clion_project/gcc-arm-none-eabi-10.3-2021.10/bin/../lib/gcc/arm-none-eabi/10.3.1/../../../../arm-none-eabi/lib/thumb/v7-m/nofp\libg.a(lib_a-mallocr.o)
                0x20000ab4                __malloc_max_total_mem
 .bss.__malloc_top_pad
                0x20000ab8        0x4 d:/clion_project/gcc-arm-none-eabi-10.3-2021.10/bin/../lib/gcc/arm-none-eabi/10.3.1/../../../../arm-none-eabi/lib/thumb/v7-m/nofp\libg.a(lib_a-mallocr.o)
                0x20000ab8                __malloc_top_pad
 .bss.errno     0x20000abc        0x4 d:/clion_project/gcc-arm-none-eabi-10.3-2021.10/bin/../lib/gcc/arm-none-eabi/10.3.1/../../../../arm-none-eabi/lib/thumb/v7-m/nofp\libg.a(lib_a-reent.o)
                0x20000abc                errno
 *(COMMON)
                0x20000ac0                . = ALIGN (0x4)
                0x20000ac0                _ebss = .
                0x20000ac0                __bss_end__ = _ebss

._user_heap_stack
                0x20000ac0      0x600 load address 0x08009d94
                0x20000ac0                . = ALIGN (0x8)
                0x20000ac0                PROVIDE (end = .)
                [!provide]                PROVIDE (_end = .)
                0x20000cc0                . = (. + _Min_Heap_Size)
 *fill*         0x20000ac0      0x200 
                0x200010c0                . = (. + _Min_Stack_Size)
 *fill*         0x20000cc0      0x400 
                0x200010c0                . = ALIGN (0x8)

/DISCARD/
 libc.a(*)
 libm.a(*)
 libgcc.a(*)

.ARM.attributes
                0x00000000       0x29
 *(.ARM.attributes)
 .ARM.attributes
                0x00000000       0x1d d:/clion_project/gcc-arm-none-eabi-10.3-2021.10/bin/../lib/gcc/arm-none-eabi/10.3.1/thumb/v7-m/nofp/crti.o
 .ARM.attributes
                0x0000001d       0x2d d:/clion_project/gcc-arm-none-eabi-10.3-2021.10/bin/../lib/gcc/arm-none-eabi/10.3.1/thumb/v7-m/nofp/crtbegin.o
 .ARM.attributes
                0x0000004a       0x2d CMakeFiles/PWM_InputTest.elf.dir/Core/Src/gpio.c.obj
 .ARM.attributes
                0x00000077       0x2d CMakeFiles/PWM_InputTest.elf.dir/Core/Src/main.c.obj
 .ARM.attributes
                0x000000a4       0x2d CMakeFiles/PWM_InputTest.elf.dir/Core/Src/retarget.c.obj
 .ARM.attributes
                0x000000d1       0x2d CMakeFiles/PWM_InputTest.elf.dir/Core/Src/stm32f1xx_hal_msp.c.obj
 .ARM.attributes
                0x000000fe       0x2d CMakeFiles/PWM_InputTest.elf.dir/Core/Src/stm32f1xx_it.c.obj
 .ARM.attributes
                0x0000012b       0x2d CMakeFiles/PWM_InputTest.elf.dir/Core/Src/syscalls.c.obj
 .ARM.attributes
                0x00000158       0x2d CMakeFiles/PWM_InputTest.elf.dir/Core/Src/system_stm32f1xx.c.obj
 .ARM.attributes
                0x00000185       0x2d CMakeFiles/PWM_InputTest.elf.dir/Core/Src/tim.c.obj
 .ARM.attributes
                0x000001b2       0x2d CMakeFiles/PWM_InputTest.elf.dir/Core/Src/usart.c.obj
 .ARM.attributes
                0x000001df       0x2d CMakeFiles/PWM_InputTest.elf.dir/Drivers/STM32F1xx_HAL_Driver/Src/stm32f1xx_hal.c.obj
 .ARM.attributes
                0x0000020c       0x2d CMakeFiles/PWM_InputTest.elf.dir/Drivers/STM32F1xx_HAL_Driver/Src/stm32f1xx_hal_cortex.c.obj
 .ARM.attributes
                0x00000239       0x2d CMakeFiles/PWM_InputTest.elf.dir/Drivers/STM32F1xx_HAL_Driver/Src/stm32f1xx_hal_gpio.c.obj
 .ARM.attributes
                0x00000266       0x2d CMakeFiles/PWM_InputTest.elf.dir/Drivers/STM32F1xx_HAL_Driver/Src/stm32f1xx_hal_rcc.c.obj
 .ARM.attributes
                0x00000293       0x2d CMakeFiles/PWM_InputTest.elf.dir/Drivers/STM32F1xx_HAL_Driver/Src/stm32f1xx_hal_tim.c.obj
 .ARM.attributes
                0x000002c0       0x2d CMakeFiles/PWM_InputTest.elf.dir/Drivers/STM32F1xx_HAL_Driver/Src/stm32f1xx_hal_tim_ex.c.obj
 .ARM.attributes
                0x000002ed       0x2d CMakeFiles/PWM_InputTest.elf.dir/Drivers/STM32F1xx_HAL_Driver/Src/stm32f1xx_hal_uart.c.obj
 .ARM.attributes
                0x0000031a       0x21 CMakeFiles/PWM_InputTest.elf.dir/startup/startup_stm32f103xe.s.obj
 .ARM.attributes
                0x0000033b       0x1d d:/clion_project/gcc-arm-none-eabi-10.3-2021.10/bin/../lib/gcc/arm-none-eabi/10.3.1/thumb/v7-m/nofp\libgcc.a(_arm_addsubdf3.o)
 .ARM.attributes
                0x00000358       0x1d d:/clion_project/gcc-arm-none-eabi-10.3-2021.10/bin/../lib/gcc/arm-none-eabi/10.3.1/thumb/v7-m/nofp\libgcc.a(_arm_muldivdf3.o)
 .ARM.attributes
                0x00000375       0x2d d:/clion_project/gcc-arm-none-eabi-10.3-2021.10/bin/../lib/gcc/arm-none-eabi/10.3.1/../../../../arm-none-eabi/lib/thumb/v7-m/nofp\libg.a(lib_a-errno.o)
 .ARM.attributes
                0x000003a2       0x2d d:/clion_project/gcc-arm-none-eabi-10.3-2021.10/bin/../lib/gcc/arm-none-eabi/10.3.1/../../../../arm-none-eabi/lib/thumb/v7-m/nofp\libg.a(lib_a-impure.o)
 .ARM.attributes
                0x000003cf       0x2d d:/clion_project/gcc-arm-none-eabi-10.3-2021.10/bin/../lib/gcc/arm-none-eabi/10.3.1/../../../../arm-none-eabi/lib/thumb/v7-m/nofp\libg.a(lib_a-init.o)
 .ARM.attributes
                0x000003fc       0x2d d:/clion_project/gcc-arm-none-eabi-10.3-2021.10/bin/../lib/gcc/arm-none-eabi/10.3.1/../../../../arm-none-eabi/lib/thumb/v7-m/nofp\libg.a(lib_a-memset.o)
 .ARM.attributes
                0x00000429       0x2d d:/clion_project/gcc-arm-none-eabi-10.3-2021.10/bin/../lib/gcc/arm-none-eabi/10.3.1/../../../../arm-none-eabi/lib/thumb/v7-m/nofp\libg.a(lib_a-printf.o)
 .ARM.attributes
                0x00000456       0x2d d:/clion_project/gcc-arm-none-eabi-10.3-2021.10/bin/../lib/gcc/arm-none-eabi/10.3.1/../../../../arm-none-eabi/lib/thumb/v7-m/nofp\libg.a(lib_a-puts.o)
 .ARM.attributes
                0x00000483       0x2d d:/clion_project/gcc-arm-none-eabi-10.3-2021.10/bin/../lib/gcc/arm-none-eabi/10.3.1/../../../../arm-none-eabi/lib/thumb/v7-m/nofp\libg.a(lib_a-setvbuf.o)
 .ARM.attributes
                0x000004b0       0x2d d:/clion_project/gcc-arm-none-eabi-10.3-2021.10/bin/../lib/gcc/arm-none-eabi/10.3.1/../../../../arm-none-eabi/lib/thumb/v7-m/nofp\libg.a(lib_a-strlen-stub.o)
 .ARM.attributes
                0x000004dd       0x2d d:/clion_project/gcc-arm-none-eabi-10.3-2021.10/bin/../lib/gcc/arm-none-eabi/10.3.1/../../../../arm-none-eabi/lib/thumb/v7-m/nofp\libg.a(lib_a-vfprintf.o)
 .ARM.attributes
                0x0000050a       0x2d d:/clion_project/gcc-arm-none-eabi-10.3-2021.10/bin/../lib/gcc/arm-none-eabi/10.3.1/../../../../arm-none-eabi/lib/thumb/v7-m/nofp\libg.a(lib_a-wsetup.o)
 .ARM.attributes
                0x00000537       0x2d d:/clion_project/gcc-arm-none-eabi-10.3-2021.10/bin/../lib/gcc/arm-none-eabi/10.3.1/../../../../arm-none-eabi/lib/thumb/v7-m/nofp\libg.a(lib_a-__call_atexit.o)
 .ARM.attributes
                0x00000564       0x2d d:/clion_project/gcc-arm-none-eabi-10.3-2021.10/bin/../lib/gcc/arm-none-eabi/10.3.1/../../../../arm-none-eabi/lib/thumb/v7-m/nofp\libg.a(lib_a-atexit.o)
 .ARM.attributes
                0x00000591       0x2d d:/clion_project/gcc-arm-none-eabi-10.3-2021.10/bin/../lib/gcc/arm-none-eabi/10.3.1/../../../../arm-none-eabi/lib/thumb/v7-m/nofp\libg.a(lib_a-dtoa.o)
 .ARM.attributes
                0x000005be       0x2d d:/clion_project/gcc-arm-none-eabi-10.3-2021.10/bin/../lib/gcc/arm-none-eabi/10.3.1/../../../../arm-none-eabi/lib/thumb/v7-m/nofp\libg.a(lib_a-fflush.o)
 .ARM.attributes
                0x000005eb       0x2d d:/clion_project/gcc-arm-none-eabi-10.3-2021.10/bin/../lib/gcc/arm-none-eabi/10.3.1/../../../../arm-none-eabi/lib/thumb/v7-m/nofp\libg.a(lib_a-findfp.o)
 .ARM.attributes
                0x00000618       0x2d d:/clion_project/gcc-arm-none-eabi-10.3-2021.10/bin/../lib/gcc/arm-none-eabi/10.3.1/../../../../arm-none-eabi/lib/thumb/v7-m/nofp\libg.a(lib_a-fini.o)
 .ARM.attributes
                0x00000645       0x2d d:/clion_project/gcc-arm-none-eabi-10.3-2021.10/bin/../lib/gcc/arm-none-eabi/10.3.1/../../../../arm-none-eabi/lib/thumb/v7-m/nofp\libg.a(lib_a-freer.o)
 .ARM.attributes
                0x00000672       0x2d d:/clion_project/gcc-arm-none-eabi-10.3-2021.10/bin/../lib/gcc/arm-none-eabi/10.3.1/../../../../arm-none-eabi/lib/thumb/v7-m/nofp\libg.a(lib_a-fvwrite.o)
 .ARM.attributes
                0x0000069f       0x2d d:/clion_project/gcc-arm-none-eabi-10.3-2021.10/bin/../lib/gcc/arm-none-eabi/10.3.1/../../../../arm-none-eabi/lib/thumb/v7-m/nofp\libg.a(lib_a-fwalk.o)
 .ARM.attributes
                0x000006cc       0x2d d:/clion_project/gcc-arm-none-eabi-10.3-2021.10/bin/../lib/gcc/arm-none-eabi/10.3.1/../../../../arm-none-eabi/lib/thumb/v7-m/nofp\libg.a(lib_a-localeconv.o)
 .ARM.attributes
                0x000006f9       0x2d d:/clion_project/gcc-arm-none-eabi-10.3-2021.10/bin/../lib/gcc/arm-none-eabi/10.3.1/../../../../arm-none-eabi/lib/thumb/v7-m/nofp\libg.a(lib_a-lock.o)
 .ARM.attributes
                0x00000726       0x2d d:/clion_project/gcc-arm-none-eabi-10.3-2021.10/bin/../lib/gcc/arm-none-eabi/10.3.1/../../../../arm-none-eabi/lib/thumb/v7-m/nofp\libg.a(lib_a-makebuf.o)
 .ARM.attributes
                0x00000753       0x2d d:/clion_project/gcc-arm-none-eabi-10.3-2021.10/bin/../lib/gcc/arm-none-eabi/10.3.1/../../../../arm-none-eabi/lib/thumb/v7-m/nofp\libg.a(lib_a-malloc.o)
 .ARM.attributes
                0x00000780       0x2d d:/clion_project/gcc-arm-none-eabi-10.3-2021.10/bin/../lib/gcc/arm-none-eabi/10.3.1/../../../../arm-none-eabi/lib/thumb/v7-m/nofp\libg.a(lib_a-mallocr.o)
 .ARM.attributes
                0x000007ad       0x2d d:/clion_project/gcc-arm-none-eabi-10.3-2021.10/bin/../lib/gcc/arm-none-eabi/10.3.1/../../../../arm-none-eabi/lib/thumb/v7-m/nofp\libg.a(lib_a-memchr-stub.o)
 .ARM.attributes
                0x000007da       0x1b d:/clion_project/gcc-arm-none-eabi-10.3-2021.10/bin/../lib/gcc/arm-none-eabi/10.3.1/../../../../arm-none-eabi/lib/thumb/v7-m/nofp\libg.a(lib_a-memcpy.o)
 .ARM.attributes
                0x000007f5       0x2d d:/clion_project/gcc-arm-none-eabi-10.3-2021.10/bin/../lib/gcc/arm-none-eabi/10.3.1/../../../../arm-none-eabi/lib/thumb/v7-m/nofp\libg.a(lib_a-memmove.o)
 .ARM.attributes
                0x00000822       0x2d d:/clion_project/gcc-arm-none-eabi-10.3-2021.10/bin/../lib/gcc/arm-none-eabi/10.3.1/../../../../arm-none-eabi/lib/thumb/v7-m/nofp\libg.a(lib_a-mlock.o)
 .ARM.attributes
                0x0000084f       0x2d d:/clion_project/gcc-arm-none-eabi-10.3-2021.10/bin/../lib/gcc/arm-none-eabi/10.3.1/../../../../arm-none-eabi/lib/thumb/v7-m/nofp\libg.a(lib_a-mprec.o)
 .ARM.attributes
                0x0000087c       0x2d d:/clion_project/gcc-arm-none-eabi-10.3-2021.10/bin/../lib/gcc/arm-none-eabi/10.3.1/../../../../arm-none-eabi/lib/thumb/v7-m/nofp\libg.a(lib_a-reallocr.o)
 .ARM.attributes
                0x000008a9       0x2d d:/clion_project/gcc-arm-none-eabi-10.3-2021.10/bin/../lib/gcc/arm-none-eabi/10.3.1/../../../../arm-none-eabi/lib/thumb/v7-m/nofp\libg.a(lib_a-s_frexp.o)
 .ARM.attributes
                0x000008d6       0x2d d:/clion_project/gcc-arm-none-eabi-10.3-2021.10/bin/../lib/gcc/arm-none-eabi/10.3.1/../../../../arm-none-eabi/lib/thumb/v7-m/nofp\libg.a(lib_a-sbrkr.o)
 .ARM.attributes
                0x00000903       0x2d d:/clion_project/gcc-arm-none-eabi-10.3-2021.10/bin/../lib/gcc/arm-none-eabi/10.3.1/../../../../arm-none-eabi/lib/thumb/v7-m/nofp\libg.a(lib_a-stdio.o)
 .ARM.attributes
                0x00000930       0x2d d:/clion_project/gcc-arm-none-eabi-10.3-2021.10/bin/../lib/gcc/arm-none-eabi/10.3.1/../../../../arm-none-eabi/lib/thumb/v7-m/nofp\libg.a(lib_a-strncpy.o)
 .ARM.attributes
                0x0000095d       0x2d d:/clion_project/gcc-arm-none-eabi-10.3-2021.10/bin/../lib/gcc/arm-none-eabi/10.3.1/../../../../arm-none-eabi/lib/thumb/v7-m/nofp\libg.a(lib_a-vfiprintf.o)
 .ARM.attributes
                0x0000098a       0x2d d:/clion_project/gcc-arm-none-eabi-10.3-2021.10/bin/../lib/gcc/arm-none-eabi/10.3.1/../../../../arm-none-eabi/lib/thumb/v7-m/nofp\libg.a(lib_a-writer.o)
 .ARM.attributes
                0x000009b7       0x2d d:/clion_project/gcc-arm-none-eabi-10.3-2021.10/bin/../lib/gcc/arm-none-eabi/10.3.1/../../../../arm-none-eabi/lib/thumb/v7-m/nofp\libg.a(lib_a-__atexit.o)
 .ARM.attributes
                0x000009e4       0x2d d:/clion_project/gcc-arm-none-eabi-10.3-2021.10/bin/../lib/gcc/arm-none-eabi/10.3.1/../../../../arm-none-eabi/lib/thumb/v7-m/nofp\libg.a(lib_a-assert.o)
 .ARM.attributes
                0x00000a11       0x2d d:/clion_project/gcc-arm-none-eabi-10.3-2021.10/bin/../lib/gcc/arm-none-eabi/10.3.1/../../../../arm-none-eabi/lib/thumb/v7-m/nofp\libg.a(lib_a-callocr.o)
 .ARM.attributes
                0x00000a3e       0x2d d:/clion_project/gcc-arm-none-eabi-10.3-2021.10/bin/../lib/gcc/arm-none-eabi/10.3.1/../../../../arm-none-eabi/lib/thumb/v7-m/nofp\libg.a(lib_a-closer.o)
 .ARM.attributes
                0x00000a6b       0x2d d:/clion_project/gcc-arm-none-eabi-10.3-2021.10/bin/../lib/gcc/arm-none-eabi/10.3.1/../../../../arm-none-eabi/lib/thumb/v7-m/nofp\libg.a(lib_a-fclose.o)
 .ARM.attributes
                0x00000a98       0x2d d:/clion_project/gcc-arm-none-eabi-10.3-2021.10/bin/../lib/gcc/arm-none-eabi/10.3.1/../../../../arm-none-eabi/lib/thumb/v7-m/nofp\libg.a(lib_a-fiprintf.o)
 .ARM.attributes
                0x00000ac5       0x2d d:/clion_project/gcc-arm-none-eabi-10.3-2021.10/bin/../lib/gcc/arm-none-eabi/10.3.1/../../../../arm-none-eabi/lib/thumb/v7-m/nofp\libg.a(lib_a-fputwc.o)
 .ARM.attributes
                0x00000af2       0x2d d:/clion_project/gcc-arm-none-eabi-10.3-2021.10/bin/../lib/gcc/arm-none-eabi/10.3.1/../../../../arm-none-eabi/lib/thumb/v7-m/nofp\libg.a(lib_a-fstatr.o)
 .ARM.attributes
                0x00000b1f       0x2d d:/clion_project/gcc-arm-none-eabi-10.3-2021.10/bin/../lib/gcc/arm-none-eabi/10.3.1/../../../../arm-none-eabi/lib/thumb/v7-m/nofp\libg.a(lib_a-isattyr.o)
 .ARM.attributes
                0x00000b4c       0x2d d:/clion_project/gcc-arm-none-eabi-10.3-2021.10/bin/../lib/gcc/arm-none-eabi/10.3.1/../../../../arm-none-eabi/lib/thumb/v7-m/nofp\libg.a(lib_a-locale.o)
 .ARM.attributes
                0x00000b79       0x2d d:/clion_project/gcc-arm-none-eabi-10.3-2021.10/bin/../lib/gcc/arm-none-eabi/10.3.1/../../../../arm-none-eabi/lib/thumb/v7-m/nofp\libg.a(lib_a-lseekr.o)
 .ARM.attributes
                0x00000ba6       0x2d d:/clion_project/gcc-arm-none-eabi-10.3-2021.10/bin/../lib/gcc/arm-none-eabi/10.3.1/../../../../arm-none-eabi/lib/thumb/v7-m/nofp\libg.a(lib_a-mbtowc_r.o)
 .ARM.attributes
                0x00000bd3       0x2d d:/clion_project/gcc-arm-none-eabi-10.3-2021.10/bin/../lib/gcc/arm-none-eabi/10.3.1/../../../../arm-none-eabi/lib/thumb/v7-m/nofp\libg.a(lib_a-readr.o)
 .ARM.attributes
                0x00000c00       0x2d d:/clion_project/gcc-arm-none-eabi-10.3-2021.10/bin/../lib/gcc/arm-none-eabi/10.3.1/../../../../arm-none-eabi/lib/thumb/v7-m/nofp\libg.a(lib_a-reent.o)
 .ARM.attributes
                0x00000c2d       0x2d d:/clion_project/gcc-arm-none-eabi-10.3-2021.10/bin/../lib/gcc/arm-none-eabi/10.3.1/../../../../arm-none-eabi/lib/thumb/v7-m/nofp\libg.a(lib_a-wbuf.o)
 .ARM.attributes
                0x00000c5a       0x2d d:/clion_project/gcc-arm-none-eabi-10.3-2021.10/bin/../lib/gcc/arm-none-eabi/10.3.1/../../../../arm-none-eabi/lib/thumb/v7-m/nofp\libg.a(lib_a-wcrtomb.o)
 .ARM.attributes
                0x00000c87       0x2d d:/clion_project/gcc-arm-none-eabi-10.3-2021.10/bin/../lib/gcc/arm-none-eabi/10.3.1/../../../../arm-none-eabi/lib/thumb/v7-m/nofp\libg.a(lib_a-wctomb_r.o)
 .ARM.attributes
                0x00000cb4       0x2d d:/clion_project/gcc-arm-none-eabi-10.3-2021.10/bin/../lib/gcc/arm-none-eabi/10.3.1/../../../../arm-none-eabi/lib/thumb/v7-m/nofp\libg.a(lib_a-abort.o)
 .ARM.attributes
                0x00000ce1       0x2d d:/clion_project/gcc-arm-none-eabi-10.3-2021.10/bin/../lib/gcc/arm-none-eabi/10.3.1/../../../../arm-none-eabi/lib/thumb/v7-m/nofp\libg.a(lib_a-ctype_.o)
 .ARM.attributes
                0x00000d0e       0x2d d:/clion_project/gcc-arm-none-eabi-10.3-2021.10/bin/../lib/gcc/arm-none-eabi/10.3.1/../../../../arm-none-eabi/lib/thumb/v7-m/nofp\libg.a(lib_a-signal.o)
 .ARM.attributes
                0x00000d3b       0x2d d:/clion_project/gcc-arm-none-eabi-10.3-2021.10/bin/../lib/gcc/arm-none-eabi/10.3.1/../../../../arm-none-eabi/lib/thumb/v7-m/nofp\libg.a(lib_a-signalr.o)
 .ARM.attributes
                0x00000d68       0x1d d:/clion_project/gcc-arm-none-eabi-10.3-2021.10/bin/../lib/gcc/arm-none-eabi/10.3.1/thumb/v7-m/nofp\libgcc.a(_arm_cmpdf2.o)
 .ARM.attributes
                0x00000d85       0x1d d:/clion_project/gcc-arm-none-eabi-10.3-2021.10/bin/../lib/gcc/arm-none-eabi/10.3.1/thumb/v7-m/nofp\libgcc.a(_arm_unorddf2.o)
 .ARM.attributes
                0x00000da2       0x1d d:/clion_project/gcc-arm-none-eabi-10.3-2021.10/bin/../lib/gcc/arm-none-eabi/10.3.1/thumb/v7-m/nofp\libgcc.a(_arm_fixdfsi.o)
 .ARM.attributes
                0x00000dbf       0x1d d:/clion_project/gcc-arm-none-eabi-10.3-2021.10/bin/../lib/gcc/arm-none-eabi/10.3.1/thumb/v7-m/nofp\libgcc.a(_aeabi_uldivmod.o)
 .ARM.attributes
                0x00000ddc       0x2d d:/clion_project/gcc-arm-none-eabi-10.3-2021.10/bin/../lib/gcc/arm-none-eabi/10.3.1/thumb/v7-m/nofp\libgcc.a(_udivmoddi4.o)
 .ARM.attributes
                0x00000e09       0x1d d:/clion_project/gcc-arm-none-eabi-10.3-2021.10/bin/../lib/gcc/arm-none-eabi/10.3.1/thumb/v7-m/nofp\libgcc.a(_dvmd_tls.o)
 .ARM.attributes
                0x00000e26       0x1d d:/clion_project/gcc-arm-none-eabi-10.3-2021.10/bin/../lib/gcc/arm-none-eabi/10.3.1/thumb/v7-m/nofp/crtn.o
OUTPUT(PWM_InputTest.elf elf32-littlearm)
LOAD linker stubs
LOAD d:/clion_project/gcc-arm-none-eabi-10.3-2021.10/bin/../lib/gcc/arm-none-eabi/10.3.1/../../../../arm-none-eabi/lib/thumb/v7-m/nofp\libc.a
LOAD d:/clion_project/gcc-arm-none-eabi-10.3-2021.10/bin/../lib/gcc/arm-none-eabi/10.3.1/../../../../arm-none-eabi/lib/thumb/v7-m/nofp\libm.a
LOAD d:/clion_project/gcc-arm-none-eabi-10.3-2021.10/bin/../lib/gcc/arm-none-eabi/10.3.1/thumb/v7-m/nofp\libgcc.a

.debug_info     0x00000000     0xe471
 .debug_info    0x00000000      0x2f4 CMakeFiles/PWM_InputTest.elf.dir/Core/Src/gpio.c.obj
 .debug_info    0x000002f4      0xdd8 CMakeFiles/PWM_InputTest.elf.dir/Core/Src/main.c.obj
 .debug_info    0x000010cc     0x12a7 CMakeFiles/PWM_InputTest.elf.dir/Core/Src/retarget.c.obj
 .debug_info    0x00002373      0x211 CMakeFiles/PWM_InputTest.elf.dir/Core/Src/stm32f1xx_hal_msp.c.obj
 .debug_info    0x00002584      0x6fa CMakeFiles/PWM_InputTest.elf.dir/Core/Src/stm32f1xx_it.c.obj
 .debug_info    0x00002c7e      0x750 CMakeFiles/PWM_InputTest.elf.dir/Core/Src/syscalls.c.obj
 .debug_info    0x000033ce      0x248 CMakeFiles/PWM_InputTest.elf.dir/Core/Src/system_stm32f1xx.c.obj
 .debug_info    0x00003616      0xdfb CMakeFiles/PWM_InputTest.elf.dir/Core/Src/tim.c.obj
 .debug_info    0x00004411      0x827 CMakeFiles/PWM_InputTest.elf.dir/Core/Src/usart.c.obj
 .debug_info    0x00004c38      0x80e CMakeFiles/PWM_InputTest.elf.dir/Drivers/STM32F1xx_HAL_Driver/Src/stm32f1xx_hal.c.obj
 .debug_info    0x00005446      0xdf0 CMakeFiles/PWM_InputTest.elf.dir/Drivers/STM32F1xx_HAL_Driver/Src/stm32f1xx_hal_cortex.c.obj
 .debug_info    0x00006236      0x66f CMakeFiles/PWM_InputTest.elf.dir/Drivers/STM32F1xx_HAL_Driver/Src/stm32f1xx_hal_gpio.c.obj
 .debug_info    0x000068a5      0xa36 CMakeFiles/PWM_InputTest.elf.dir/Drivers/STM32F1xx_HAL_Driver/Src/stm32f1xx_hal_rcc.c.obj
 .debug_info    0x000072db     0x3b00 CMakeFiles/PWM_InputTest.elf.dir/Drivers/STM32F1xx_HAL_Driver/Src/stm32f1xx_hal_tim.c.obj
 .debug_info    0x0000addb     0x19e9 CMakeFiles/PWM_InputTest.elf.dir/Drivers/STM32F1xx_HAL_Driver/Src/stm32f1xx_hal_tim_ex.c.obj
 .debug_info    0x0000c7c4     0x1c8b CMakeFiles/PWM_InputTest.elf.dir/Drivers/STM32F1xx_HAL_Driver/Src/stm32f1xx_hal_uart.c.obj
 .debug_info    0x0000e44f       0x22 CMakeFiles/PWM_InputTest.elf.dir/startup/startup_stm32f103xe.s.obj

.debug_abbrev   0x00000000     0x1fef
 .debug_abbrev  0x00000000      0x13c CMakeFiles/PWM_InputTest.elf.dir/Core/Src/gpio.c.obj
 .debug_abbrev  0x0000013c      0x227 CMakeFiles/PWM_InputTest.elf.dir/Core/Src/main.c.obj
 .debug_abbrev  0x00000363      0x2b4 CMakeFiles/PWM_InputTest.elf.dir/Core/Src/retarget.c.obj
 .debug_abbrev  0x00000617       0xe5 CMakeFiles/PWM_InputTest.elf.dir/Core/Src/stm32f1xx_hal_msp.c.obj
 .debug_abbrev  0x000006fc      0x179 CMakeFiles/PWM_InputTest.elf.dir/Core/Src/stm32f1xx_it.c.obj
 .debug_abbrev  0x00000875      0x1da CMakeFiles/PWM_InputTest.elf.dir/Core/Src/syscalls.c.obj
 .debug_abbrev  0x00000a4f      0x13e CMakeFiles/PWM_InputTest.elf.dir/Core/Src/system_stm32f1xx.c.obj
 .debug_abbrev  0x00000b8d      0x227 CMakeFiles/PWM_InputTest.elf.dir/Core/Src/tim.c.obj
 .debug_abbrev  0x00000db4      0x1c1 CMakeFiles/PWM_InputTest.elf.dir/Core/Src/usart.c.obj
 .debug_abbrev  0x00000f75      0x1f4 CMakeFiles/PWM_InputTest.elf.dir/Drivers/STM32F1xx_HAL_Driver/Src/stm32f1xx_hal.c.obj
 .debug_abbrev  0x00001169      0x341 CMakeFiles/PWM_InputTest.elf.dir/Drivers/STM32F1xx_HAL_Driver/Src/stm32f1xx_hal_cortex.c.obj
 .debug_abbrev  0x000014aa      0x1e6 CMakeFiles/PWM_InputTest.elf.dir/Drivers/STM32F1xx_HAL_Driver/Src/stm32f1xx_hal_gpio.c.obj
 .debug_abbrev  0x00001690      0x27a CMakeFiles/PWM_InputTest.elf.dir/Drivers/STM32F1xx_HAL_Driver/Src/stm32f1xx_hal_rcc.c.obj
 .debug_abbrev  0x0000190a      0x23e CMakeFiles/PWM_InputTest.elf.dir/Drivers/STM32F1xx_HAL_Driver/Src/stm32f1xx_hal_tim.c.obj
 .debug_abbrev  0x00001b48      0x241 CMakeFiles/PWM_InputTest.elf.dir/Drivers/STM32F1xx_HAL_Driver/Src/stm32f1xx_hal_tim_ex.c.obj
 .debug_abbrev  0x00001d89      0x254 CMakeFiles/PWM_InputTest.elf.dir/Drivers/STM32F1xx_HAL_Driver/Src/stm32f1xx_hal_uart.c.obj
 .debug_abbrev  0x00001fdd       0x12 CMakeFiles/PWM_InputTest.elf.dir/startup/startup_stm32f103xe.s.obj

.debug_aranges  0x00000000      0xc08
 .debug_aranges
                0x00000000       0x20 CMakeFiles/PWM_InputTest.elf.dir/Core/Src/gpio.c.obj
 .debug_aranges
                0x00000020       0x30 CMakeFiles/PWM_InputTest.elf.dir/Core/Src/main.c.obj
 .debug_aranges
                0x00000050       0x50 CMakeFiles/PWM_InputTest.elf.dir/Core/Src/retarget.c.obj
 .debug_aranges
                0x000000a0       0x20 CMakeFiles/PWM_InputTest.elf.dir/Core/Src/stm32f1xx_hal_msp.c.obj
 .debug_aranges
                0x000000c0       0x68 CMakeFiles/PWM_InputTest.elf.dir/Core/Src/stm32f1xx_it.c.obj
 .debug_aranges
                0x00000128       0x90 CMakeFiles/PWM_InputTest.elf.dir/Core/Src/syscalls.c.obj
 .debug_aranges
                0x000001b8       0x28 CMakeFiles/PWM_InputTest.elf.dir/Core/Src/system_stm32f1xx.c.obj
 .debug_aranges
                0x000001e0       0x40 CMakeFiles/PWM_InputTest.elf.dir/Core/Src/tim.c.obj
 .debug_aranges
                0x00000220       0x30 CMakeFiles/PWM_InputTest.elf.dir/Core/Src/usart.c.obj
 .debug_aranges
                0x00000250       0xe0 CMakeFiles/PWM_InputTest.elf.dir/Drivers/STM32F1xx_HAL_Driver/Src/stm32f1xx_hal.c.obj
 .debug_aranges
                0x00000330       0x90 CMakeFiles/PWM_InputTest.elf.dir/Drivers/STM32F1xx_HAL_Driver/Src/stm32f1xx_hal_cortex.c.obj
 .debug_aranges
                0x000003c0       0x58 CMakeFiles/PWM_InputTest.elf.dir/Drivers/STM32F1xx_HAL_Driver/Src/stm32f1xx_hal_gpio.c.obj
 .debug_aranges
                0x00000418       0x90 CMakeFiles/PWM_InputTest.elf.dir/Drivers/STM32F1xx_HAL_Driver/Src/stm32f1xx_hal_rcc.c.obj
 .debug_aranges
                0x000004a8      0x3d0 CMakeFiles/PWM_InputTest.elf.dir/Drivers/STM32F1xx_HAL_Driver/Src/stm32f1xx_hal_tim.c.obj
 .debug_aranges
                0x00000878      0x168 CMakeFiles/PWM_InputTest.elf.dir/Drivers/STM32F1xx_HAL_Driver/Src/stm32f1xx_hal_tim_ex.c.obj
 .debug_aranges
                0x000009e0      0x200 CMakeFiles/PWM_InputTest.elf.dir/Drivers/STM32F1xx_HAL_Driver/Src/stm32f1xx_hal_uart.c.obj
 .debug_aranges
                0x00000be0       0x28 CMakeFiles/PWM_InputTest.elf.dir/startup/startup_stm32f103xe.s.obj

.debug_ranges   0x00000000      0xb80
 .debug_ranges  0x00000000       0x10 CMakeFiles/PWM_InputTest.elf.dir/Core/Src/gpio.c.obj
 .debug_ranges  0x00000010       0x20 CMakeFiles/PWM_InputTest.elf.dir/Core/Src/main.c.obj
 .debug_ranges  0x00000030       0x40 CMakeFiles/PWM_InputTest.elf.dir/Core/Src/retarget.c.obj
 .debug_ranges  0x00000070       0x10 CMakeFiles/PWM_InputTest.elf.dir/Core/Src/stm32f1xx_hal_msp.c.obj
 .debug_ranges  0x00000080       0x58 CMakeFiles/PWM_InputTest.elf.dir/Core/Src/stm32f1xx_it.c.obj
 .debug_ranges  0x000000d8       0x80 CMakeFiles/PWM_InputTest.elf.dir/Core/Src/syscalls.c.obj
 .debug_ranges  0x00000158       0x18 CMakeFiles/PWM_InputTest.elf.dir/Core/Src/system_stm32f1xx.c.obj
 .debug_ranges  0x00000170       0x30 CMakeFiles/PWM_InputTest.elf.dir/Core/Src/tim.c.obj
 .debug_ranges  0x000001a0       0x20 CMakeFiles/PWM_InputTest.elf.dir/Core/Src/usart.c.obj
 .debug_ranges  0x000001c0       0xd0 CMakeFiles/PWM_InputTest.elf.dir/Drivers/STM32F1xx_HAL_Driver/Src/stm32f1xx_hal.c.obj
 .debug_ranges  0x00000290       0xe0 CMakeFiles/PWM_InputTest.elf.dir/Drivers/STM32F1xx_HAL_Driver/Src/stm32f1xx_hal_cortex.c.obj
 .debug_ranges  0x00000370       0x48 CMakeFiles/PWM_InputTest.elf.dir/Drivers/STM32F1xx_HAL_Driver/Src/stm32f1xx_hal_gpio.c.obj
 .debug_ranges  0x000003b8       0xa0 CMakeFiles/PWM_InputTest.elf.dir/Drivers/STM32F1xx_HAL_Driver/Src/stm32f1xx_hal_rcc.c.obj
 .debug_ranges  0x00000458      0x3c0 CMakeFiles/PWM_InputTest.elf.dir/Drivers/STM32F1xx_HAL_Driver/Src/stm32f1xx_hal_tim.c.obj
 .debug_ranges  0x00000818      0x158 CMakeFiles/PWM_InputTest.elf.dir/Drivers/STM32F1xx_HAL_Driver/Src/stm32f1xx_hal_tim_ex.c.obj
 .debug_ranges  0x00000970      0x1f0 CMakeFiles/PWM_InputTest.elf.dir/Drivers/STM32F1xx_HAL_Driver/Src/stm32f1xx_hal_uart.c.obj
 .debug_ranges  0x00000b60       0x20 CMakeFiles/PWM_InputTest.elf.dir/startup/startup_stm32f103xe.s.obj

.debug_line     0x00000000     0xc66f
 .debug_line    0x00000000      0x24f CMakeFiles/PWM_InputTest.elf.dir/Core/Src/gpio.c.obj
 .debug_line    0x0000024f      0x51a CMakeFiles/PWM_InputTest.elf.dir/Core/Src/main.c.obj
 .debug_line    0x00000769      0x4c5 CMakeFiles/PWM_InputTest.elf.dir/Core/Src/retarget.c.obj
 .debug_line    0x00000c2e      0x1c5 CMakeFiles/PWM_InputTest.elf.dir/Core/Src/stm32f1xx_hal_msp.c.obj
 .debug_line    0x00000df3      0x368 CMakeFiles/PWM_InputTest.elf.dir/Core/Src/stm32f1xx_it.c.obj
 .debug_line    0x0000115b      0x40f CMakeFiles/PWM_InputTest.elf.dir/Core/Src/syscalls.c.obj
 .debug_line    0x0000156a      0x28e CMakeFiles/PWM_InputTest.elf.dir/Core/Src/system_stm32f1xx.c.obj
 .debug_line    0x000017f8      0x538 CMakeFiles/PWM_InputTest.elf.dir/Core/Src/tim.c.obj
 .debug_line    0x00001d30      0x3a5 CMakeFiles/PWM_InputTest.elf.dir/Core/Src/usart.c.obj
 .debug_line    0x000020d5      0x5e0 CMakeFiles/PWM_InputTest.elf.dir/Drivers/STM32F1xx_HAL_Driver/Src/stm32f1xx_hal.c.obj
 .debug_line    0x000026b5      0x6b6 CMakeFiles/PWM_InputTest.elf.dir/Drivers/STM32F1xx_HAL_Driver/Src/stm32f1xx_hal_cortex.c.obj
 .debug_line    0x00002d6b      0x674 CMakeFiles/PWM_InputTest.elf.dir/Drivers/STM32F1xx_HAL_Driver/Src/stm32f1xx_hal_gpio.c.obj
 .debug_line    0x000033df      0xca9 CMakeFiles/PWM_InputTest.elf.dir/Drivers/STM32F1xx_HAL_Driver/Src/stm32f1xx_hal_rcc.c.obj
 .debug_line    0x00004088     0x47ba CMakeFiles/PWM_InputTest.elf.dir/Drivers/STM32F1xx_HAL_Driver/Src/stm32f1xx_hal_tim.c.obj
 .debug_line    0x00008842     0x1c43 CMakeFiles/PWM_InputTest.elf.dir/Drivers/STM32F1xx_HAL_Driver/Src/stm32f1xx_hal_tim_ex.c.obj
 .debug_line    0x0000a485     0x2138 CMakeFiles/PWM_InputTest.elf.dir/Drivers/STM32F1xx_HAL_Driver/Src/stm32f1xx_hal_uart.c.obj
 .debug_line    0x0000c5bd       0xb2 CMakeFiles/PWM_InputTest.elf.dir/startup/startup_stm32f103xe.s.obj

.debug_str      0x00000000     0x3f53
 .debug_str     0x00000000      0x294 CMakeFiles/PWM_InputTest.elf.dir/Core/Src/gpio.c.obj
                                0x2df (size before relaxing)
 .debug_str     0x00000294      0x930 CMakeFiles/PWM_InputTest.elf.dir/Core/Src/main.c.obj
                                0xb99 (size before relaxing)
 .debug_str     0x00000bc4      0x548 CMakeFiles/PWM_InputTest.elf.dir/Core/Src/retarget.c.obj
                                0xb75 (size before relaxing)
 .debug_str     0x0000110c       0x8c CMakeFiles/PWM_InputTest.elf.dir/Core/Src/stm32f1xx_hal_msp.c.obj
                                0x281 (size before relaxing)
 .debug_str     0x00001198      0x10f CMakeFiles/PWM_InputTest.elf.dir/Core/Src/stm32f1xx_it.c.obj
                                0x778 (size before relaxing)
 .debug_str     0x000012a7      0x149 CMakeFiles/PWM_InputTest.elf.dir/Core/Src/syscalls.c.obj
                                0x465 (size before relaxing)
 .debug_str     0x000013f0       0xb0 CMakeFiles/PWM_InputTest.elf.dir/Core/Src/system_stm32f1xx.c.obj
                                0x2b6 (size before relaxing)
 .debug_str     0x000014a0      0x5f4 CMakeFiles/PWM_InputTest.elf.dir/Core/Src/tim.c.obj
                                0xe01 (size before relaxing)
 .debug_str     0x00001a94       0x83 CMakeFiles/PWM_InputTest.elf.dir/Core/Src/usart.c.obj
                                0x6fa (size before relaxing)
 .debug_str     0x00001b17      0x31f CMakeFiles/PWM_InputTest.elf.dir/Drivers/STM32F1xx_HAL_Driver/Src/stm32f1xx_hal.c.obj
                                0x96a (size before relaxing)
 .debug_str     0x00001e36      0x3d0 CMakeFiles/PWM_InputTest.elf.dir/Drivers/STM32F1xx_HAL_Driver/Src/stm32f1xx_hal_cortex.c.obj
                                0xa19 (size before relaxing)
 .debug_str     0x00002206      0x14c CMakeFiles/PWM_InputTest.elf.dir/Drivers/STM32F1xx_HAL_Driver/Src/stm32f1xx_hal_gpio.c.obj
                                0x462 (size before relaxing)
 .debug_str     0x00002352      0x226 CMakeFiles/PWM_InputTest.elf.dir/Drivers/STM32F1xx_HAL_Driver/Src/stm32f1xx_hal_rcc.c.obj
                                0x68d (size before relaxing)
 .debug_str     0x00002578      0xdf1 CMakeFiles/PWM_InputTest.elf.dir/Drivers/STM32F1xx_HAL_Driver/Src/stm32f1xx_hal_tim.c.obj
                               0x169a (size before relaxing)
 .debug_str     0x00003369      0x57c CMakeFiles/PWM_InputTest.elf.dir/Drivers/STM32F1xx_HAL_Driver/Src/stm32f1xx_hal_tim_ex.c.obj