Archive member included to satisfy reference by file (symbol)

d:/clion_project/gcc-arm-none-eabi-10.3-2021.10/bin/../lib/gcc/arm-none-eabi/10.3.1/../../../../arm-none-eabi/lib/thumb/v7-m/nofp\libg.a(lib_a-errno.o)
                              CMakeFiles/new_template.elf.dir/Core/Src/retarget.c.obj (__errno)
d:/clion_project/gcc-arm-none-eabi-10.3-2021.10/bin/../lib/gcc/arm-none-eabi/10.3.1/../../../../arm-none-eabi/lib/thumb/v7-m/nofp\libg.a(lib_a-exit.o)
                              d:/clion_project/gcc-arm-none-eabi-10.3-2021.10/bin/../lib/gcc/arm-none-eabi/10.3.1/../../../../arm-none-eabi/lib/thumb/v7-m/nofp/crt0.o (exit)
d:/clion_project/gcc-arm-none-eabi-10.3-2021.10/bin/../lib/gcc/arm-none-eabi/10.3.1/../../../../arm-none-eabi/lib/thumb/v7-m/nofp\libg.a(lib_a-impure.o)
                              d:/clion_project/gcc-arm-none-eabi-10.3-2021.10/bin/../lib/gcc/arm-none-eabi/10.3.1/../../../../arm-none-eabi/lib/thumb/v7-m/nofp\libg.a(lib_a-exit.o) (_global_impure_ptr)
d:/clion_project/gcc-arm-none-eabi-10.3-2021.10/bin/../lib/gcc/arm-none-eabi/10.3.1/../../../../arm-none-eabi/lib/thumb/v7-m/nofp\libg.a(lib_a-init.o)
                              d:/clion_project/gcc-arm-none-eabi-10.3-2021.10/bin/../lib/gcc/arm-none-eabi/10.3.1/../../../../arm-none-eabi/lib/thumb/v7-m/nofp/crt0.o (__libc_init_array)
d:/clion_project/gcc-arm-none-eabi-10.3-2021.10/bin/../lib/gcc/arm-none-eabi/10.3.1/../../../../arm-none-eabi/lib/thumb/v7-m/nofp\libg.a(lib_a-memset.o)
                              d:/clion_project/gcc-arm-none-eabi-10.3-2021.10/bin/../lib/gcc/arm-none-eabi/10.3.1/../../../../arm-none-eabi/lib/thumb/v7-m/nofp/crt0.o (memset)
d:/clion_project/gcc-arm-none-eabi-10.3-2021.10/bin/../lib/gcc/arm-none-eabi/10.3.1/../../../../arm-none-eabi/lib/thumb/v7-m/nofp\libg.a(lib_a-printf.o)
                              CMakeFiles/new_template.elf.dir/Core/Src/main.c.obj (printf)
d:/clion_project/gcc-arm-none-eabi-10.3-2021.10/bin/../lib/gcc/arm-none-eabi/10.3.1/../../../../arm-none-eabi/lib/thumb/v7-m/nofp\libg.a(lib_a-puts.o)
                              CMakeFiles/new_template.elf.dir/Core/Src/main.c.obj (puts)
d:/clion_project/gcc-arm-none-eabi-10.3-2021.10/bin/../lib/gcc/arm-none-eabi/10.3.1/../../../../arm-none-eabi/lib/thumb/v7-m/nofp\libg.a(lib_a-setvbuf.o)
                              CMakeFiles/new_template.elf.dir/Core/Src/retarget.c.obj (setvbuf)
d:/clion_project/gcc-arm-none-eabi-10.3-2021.10/bin/../lib/gcc/arm-none-eabi/10.3.1/../../../../arm-none-eabi/lib/thumb/v7-m/nofp\libg.a(lib_a-strlen-stub.o)
                              d:/clion_project/gcc-arm-none-eabi-10.3-2021.10/bin/../lib/gcc/arm-none-eabi/10.3.1/../../../../arm-none-eabi/lib/thumb/v7-m/nofp\libg.a(lib_a-puts.o) (strlen)
d:/clion_project/gcc-arm-none-eabi-10.3-2021.10/bin/../lib/gcc/arm-none-eabi/10.3.1/../../../../arm-none-eabi/lib/thumb/v7-m/nofp\libg.a(lib_a-vfprintf.o)
                              d:/clion_project/gcc-arm-none-eabi-10.3-2021.10/bin/../lib/gcc/arm-none-eabi/10.3.1/../../../../arm-none-eabi/lib/thumb/v7-m/nofp\libg.a(lib_a-printf.o) (_vfprintf_r)
d:/clion_project/gcc-arm-none-eabi-10.3-2021.10/bin/../lib/gcc/arm-none-eabi/10.3.1/../../../../arm-none-eabi/lib/thumb/v7-m/nofp\libg.a(lib_a-wsetup.o)
                              d:/clion_project/gcc-arm-none-eabi-10.3-2021.10/bin/../lib/gcc/arm-none-eabi/10.3.1/../../../../arm-none-eabi/lib/thumb/v7-m/nofp\libg.a(lib_a-vfprintf.o) (__swsetup_r)
d:/clion_project/gcc-arm-none-eabi-10.3-2021.10/bin/../lib/gcc/arm-none-eabi/10.3.1/../../../../arm-none-eabi/lib/thumb/v7-m/nofp\libg.a(lib_a-__call_atexit.o)
                              d:/clion_project/gcc-arm-none-eabi-10.3-2021.10/bin/../lib/gcc/arm-none-eabi/10.3.1/../../../../arm-none-eabi/lib/thumb/v7-m/nofp\libg.a(lib_a-exit.o) (__call_exitprocs)
d:/clion_project/gcc-arm-none-eabi-10.3-2021.10/bin/../lib/gcc/arm-none-eabi/10.3.1/../../../../arm-none-eabi/lib/thumb/v7-m/nofp\libg.a(lib_a-atexit.o)
                              d:/clion_project/gcc-arm-none-eabi-10.3-2021.10/bin/../lib/gcc/arm-none-eabi/10.3.1/../../../../arm-none-eabi/lib/thumb/v7-m/nofp\libg.a(lib_a-__call_atexit.o) (atexit)
d:/clion_project/gcc-arm-none-eabi-10.3-2021.10/bin/../lib/gcc/arm-none-eabi/10.3.1/../../../../arm-none-eabi/lib/thumb/v7-m/nofp\libg.a(lib_a-dtoa.o)
                              d:/clion_project/gcc-arm-none-eabi-10.3-2021.10/bin/../lib/gcc/arm-none-eabi/10.3.1/../../../../arm-none-eabi/lib/thumb/v7-m/nofp\libg.a(lib_a-vfprintf.o) (_dtoa_r)
d:/clion_project/gcc-arm-none-eabi-10.3-2021.10/bin/../lib/gcc/arm-none-eabi/10.3.1/../../../../arm-none-eabi/lib/thumb/v7-m/nofp\libg.a(lib_a-fflush.o)
                              d:/clion_project/gcc-arm-none-eabi-10.3-2021.10/bin/../lib/gcc/arm-none-eabi/10.3.1/../../../../arm-none-eabi/lib/thumb/v7-m/nofp\libg.a(lib_a-setvbuf.o) (_fflush_r)
[...]
Memory Configuration

Name             Origin             Length             Attributes
RAM              0x20000000         0x0000c000         xrw
FLASH            0x08000000         0x00040000         xr
*default*        0x00000000         0xffffffff

Linker script and memory map

LOAD d:/clion_project/gcc-arm-none-eabi-10.3-2021.10/bin/../lib/gcc/arm-none-eabi/10.3.1/thumb/v7-m/nofp/crti.o
LOAD d:/clion_project/gcc-arm-none-eabi-10.3-2021.10/bin/../lib/gcc/arm-none-eabi/10.3.1/thumb/v7-m/nofp/crtbegin.o
LOAD d:/clion_project/gcc-arm-none-eabi-10.3-2021.10/bin/../lib/gcc/arm-none-eabi/10.3.1/../../../../arm-none-eabi/lib/thumb/v7-m/nofp/crt0.o
LOAD CMakeFiles/new_template.elf.dir/Core/Src/dma.c.obj
LOAD CMakeFiles/new_template.elf.dir/Core/Src/gpio.c.obj
LOAD CMakeFiles/new_template.elf.dir/Core/Src/main.c.obj
LOAD CMakeFiles/new_template.elf.dir/Core/Src/retarget.c.obj
LOAD CMakeFiles/new_template.elf.dir/Core/Src/stm32f1xx_hal_msp.c.obj
LOAD CMakeFiles/new_template.elf.dir/Core/Src/stm32f1xx_it.c.obj
LOAD CMakeFiles/new_template.elf.dir/Core/Src/syscalls.c.obj
LOAD CMakeFiles/new_template.elf.dir/Core/Src/system_stm32f1xx.c.obj
LOAD CMakeFiles/new_template.elf.dir/Core/Src/tim.c.obj
LOAD CMakeFiles/new_template.elf.dir/Core/Src/usart.c.obj
LOAD CMakeFiles/new_template.elf.dir/Drivers/STM32F1xx_HAL_Driver/Src/stm32f1xx_hal.c.obj
LOAD CMakeFiles/new_template.elf.dir/Drivers/STM32F1xx_HAL_Driver/Src/stm32f1xx_hal_cortex.c.obj
LOAD CMakeFiles/new_template.elf.dir/Drivers/STM32F1xx_HAL_Driver/Src/stm32f1xx_hal_dma.c.obj
LOAD CMakeFiles/new_template.elf.dir/Drivers/STM32F1xx_HAL_Driver/Src/stm32f1xx_hal_exti.c.obj
LOAD CMakeFiles/new_template.elf.dir/Drivers/STM32F1xx_HAL_Driver/Src/stm32f1xx_hal_flash.c.obj
LOAD CMakeFiles/new_template.elf.dir/Drivers/STM32F1xx_HAL_Driver/Src/stm32f1xx_hal_flash_ex.c.obj
LOAD CMakeFiles/new_template.elf.dir/Drivers/STM32F1xx_HAL_Driver/Src/stm32f1xx_hal_gpio.c.obj
LOAD CMakeFiles/new_template.elf.dir/Drivers/STM32F1xx_HAL_Driver/Src/stm32f1xx_hal_gpio_ex.c.obj
LOAD CMakeFiles/new_template.elf.dir/Drivers/STM32F1xx_HAL_Driver/Src/stm32f1xx_hal_pwr.c.obj
LOAD CMakeFiles/new_template.elf.dir/Drivers/STM32F1xx_HAL_Driver/Src/stm32f1xx_hal_rcc.c.obj
LOAD CMakeFiles/new_template.elf.dir/Drivers/STM32F1xx_HAL_Driver/Src/stm32f1xx_hal_rcc_ex.c.obj
LOAD CMakeFiles/new_template.elf.dir/Drivers/STM32F1xx_HAL_Driver/Src/stm32f1xx_hal_tim.c.obj
LOAD CMakeFiles/new_template.elf.dir/Drivers/STM32F1xx_HAL_Driver/Src/stm32f1xx_hal_tim_ex.c.obj
LOAD CMakeFiles/new_template.elf.dir/Drivers/STM32F1xx_HAL_Driver/Src/stm32f1xx_hal_uart.c.obj
LOAD CMakeFiles/new_template.elf.dir/startup/startup_stm32f103xe.s.obj
START GROUP
LOAD d:/clion_project/gcc-arm-none-eabi-10.3-2021.10/bin/../lib/gcc/arm-none-eabi/10.3.1/thumb/v7-m/nofp\libgcc.a
LOAD d:/clion_project/gcc-arm-none-eabi-10.3-2021.10/bin/../lib/gcc/arm-none-eabi/10.3.1/../../../../arm-none-eabi/lib/thumb/v7-m/nofp\libg.a
LOAD d:/clion_project/gcc-arm-none-eabi-10.3-2021.10/bin/../lib/gcc/arm-none-eabi/10.3.1/../../../../arm-none-eabi/lib/thumb/v7-m/nofp\libc.a
END GROUP
LOAD d:/clion_project/gcc-arm-none-eabi-10.3-2021.10/bin/../lib/gcc/arm-none-eabi/10.3.1/thumb/v7-m/nofp/crtend.o
LOAD d:/clion_project/gcc-arm-none-eabi-10.3-2021.10/bin/../lib/gcc/arm-none-eabi/10.3.1/thumb/v7-m/nofp/crtn.o
                0x2000c000                _estack = 0x2000c000
                0x00000200                _Min_Heap_Size = 0x200
                0x00000400                _Min_Stack_Size = 0x400

.isr_vector     0x08000000      0x1e4
                0x08000000                . = ALIGN (0x4)
 *(.isr_vector)
 .isr_vector    0x08000000      0x1e4 CMakeFiles/new_template.elf.dir/startup/startup_stm32f103xe.s.obj
                0x08000000                g_pfnVectors
                0x080001e4                . = ALIGN (0x4)

.text           0x080001e8     0x8d58
                0x080001e8                . = ALIGN (0x4)
 *(.text)
 .text          0x080001e8       0x40 d:/clion_project/gcc-arm-none-eabi-10.3-2021.10/bin/../lib/gcc/arm-none-eabi/10.3.1/thumb/v7-m/nofp/crtbegin.o
 .text          0x08000228       0xec d:/clion_project/gcc-arm-none-eabi-10.3-2021.10/bin/../lib/gcc/arm-none-eabi/10.3.1/../../../../arm-none-eabi/lib/thumb/v7-m/nofp\libg.a(lib_a-memcpy.o)
                0x08000228                memcpy
 .text          0x08000314      0x378 d:/clion_project/gcc-arm-none-eabi-10.3-2021.10/bin/../lib/gcc/arm-none-eabi/10.3.1/thumb/v7-m/nofp\libgcc.a(_arm_addsubdf3.o)
                0x08000314                __aeabi_drsub
                0x0800031c                __aeabi_dsub
                0x0800031c                __subdf3
                0x08000320                __aeabi_dadd
                0x08000320                __adddf3
                0x08000598                __floatunsidf
                0x08000598                __aeabi_ui2d
                0x080005b8                __floatsidf
                0x080005b8                __aeabi_i2d
                0x080005dc                __aeabi_f2d
                0x080005dc                __extendsfdf2
                0x08000620                __floatundidf
                0x08000620                __aeabi_ul2d
                0x08000630                __floatdidf
                0x08000630                __aeabi_l2d
 .text          0x0800068c      0x424 d:/clion_project/gcc-arm-none-eabi-10.3-2021.10/bin/../lib/gcc/arm-none-eabi/10.3.1/thumb/v7-m/nofp\libgcc.a(_arm_muldivdf3.o)
                0x0800068c                __aeabi_dmul
                0x0800068c                __muldf3
                0x080008e0                __divdf3
                0x080008e0                __aeabi_ddiv
 .text          0x08000ab0      0x110 d:/clion_project/gcc-arm-none-eabi-10.3-2021.10/bin/../lib/gcc/arm-none-eabi/10.3.1/thumb/v7-m/nofp\libgcc.a(_arm_cmpdf2.o)
                0x08000ab0                __gtdf2
                0x08000ab0                __gedf2
                0x08000ab8                __ltdf2
                0x08000ab8                __ledf2
                0x08000ac0                __nedf2
                0x08000ac0                __eqdf2
                0x08000ac0                __cmpdf2
                0x08000b3c                __aeabi_cdrcmple
                0x08000b4c                __aeabi_cdcmpeq
                0x08000b4c                __aeabi_cdcmple
                0x08000b5c                __aeabi_dcmpeq
                0x08000b70                __aeabi_dcmplt
                0x08000b84                __aeabi_dcmple
                0x08000b98                __aeabi_dcmpge
                0x08000bac                __aeabi_dcmpgt
 .text          0x08000bc0       0x2c d:/clion_project/gcc-arm-none-eabi-10.3-2021.10/bin/../lib/gcc/arm-none-eabi/10.3.1/thumb/v7-m/nofp\libgcc.a(_arm_unorddf2.o)
                0x08000bc0                __unorddf2
                0x08000bc0                __aeabi_dcmpun
 .text          0x08000bec       0x50 d:/clion_project/gcc-arm-none-eabi-10.3-2021.10/bin/../lib/gcc/arm-none-eabi/10.3.1/thumb/v7-m/nofp\libgcc.a(_arm_fixdfsi.o)
                0x08000bec                __aeabi_d2iz
                0x08000bec                __fixdfsi
 .text          0x08000c3c       0x30 d:/clion_project/gcc-arm-none-eabi-10.3-2021.10/bin/../lib/gcc/arm-none-eabi/10.3.1/thumb/v7-m/nofp\libgcc.a(_aeabi_uldivmod.o)
                0x08000c3c                __aeabi_uldivmod
 .text          0x08000c6c      0x2d4 d:/clion_project/gcc-arm-none-eabi-10.3-2021.10/bin/../lib/gcc/arm-none-eabi/10.3.1/thumb/v7-m/nofp\libgcc.a(_udivmoddi4.o)
                0x08000c6c                __udivmoddi4
 .text          0x08000f40        0x4 d:/clion_project/gcc-arm-none-eabi-10.3-2021.10/bin/../lib/gcc/arm-none-eabi/10.3.1/thumb/v7-m/nofp\libgcc.a(_dvmd_tls.o)
                0x08000f40                __aeabi_idiv0
                0x08000f40                __aeabi_ldiv0
 *(.text*)
 .text.MX_DMA_Init
                0x08000f44       0x34 CMakeFiles/new_template.elf.dir/Core/Src/dma.c.obj
                0x08000f44                MX_DMA_Init
 .text.MX_GPIO_Init
                0x08000f78       0x88 CMakeFiles/new_template.elf.dir/Core/Src/gpio.c.obj
                0x08000f78                MX_GPIO_Init
 .text.Error_Handler
                0x08001000        0x4 CMakeFiles/new_template.elf.dir/Core/Src/main.c.obj
                0x08001000                Error_Handler
 .text.SystemClock_Config
                0x08001004       0x64 CMakeFiles/new_template.elf.dir/Core/Src/main.c.obj
                0x08001004                SystemClock_Config
 .text.main     0x08001068       0x40 CMakeFiles/new_template.elf.dir/Core/Src/main.c.obj
                0x08001068                main
 .text.RetargetInit
                0x080010a8       0x20 CMakeFiles/new_template.elf.dir/Core/Src/retarget.c.obj
                0x080010a8                RetargetInit
 .text._isatty  0x080010c8       0x16 CMakeFiles/new_template.elf.dir/Core/Src/retarget.c.obj
                0x080010c8                _isatty
 *fill*         0x080010de        0x2 
 .text._write   0x080010e0       0x34 CMakeFiles/new_template.elf.dir/Core/Src/retarget.c.obj
                0x080010e0                _write
 .text._close   0x08001114       0x18 CMakeFiles/new_template.elf.dir/Core/Src/retarget.c.obj
                0x08001114                _close
 .text._lseek   0x0800112c       0x10 CMakeFiles/new_template.elf.dir/Core/Src/retarget.c.obj
                0x0800112c                _lseek
 .text._read    0x0800113c       0x30 CMakeFiles/new_template.elf.dir/Core/Src/retarget.c.obj
                0x0800113c                _read
 .text._fstat   0x0800116c       0x1a CMakeFiles/new_template.elf.dir/Core/Src/retarget.c.obj
                0x0800116c                _fstat
 *fill*         0x08001186        0x2 
 .text.HAL_MspInit
                0x08001188       0x44 CMakeFiles/new_template.elf.dir/Core/Src/stm32f1xx_hal_msp.c.obj
                0x08001188                HAL_MspInit
 .text.NMI_Handler
                0x080011cc        0x2 CMakeFiles/new_template.elf.dir/Core/Src/stm32f1xx_it.c.obj
                0x080011cc                NMI_Handler
 .text.HardFault_Handler
                0x080011ce        0x2 CMakeFiles/new_template.elf.dir/Core/Src/stm32f1xx_it.c.obj
                0x080011ce                HardFault_Handler
 .text.MemManage_Handler
                0x080011d0        0x2 CMakeFiles/new_template.elf.dir/Core/Src/stm32f1xx_it.c.obj
                0x080011d0                MemManage_Handler
 .text.BusFault_Handler
                0x080011d2        0x2 CMakeFiles/new_template.elf.dir/Core/Src/stm32f1xx_it.c.obj
                0x080011d2                BusFault_Handler
 .text.UsageFault_Handler
                0x080011d4        0x2 CMakeFiles/new_template.elf.dir/Core/Src/stm32f1xx_it.c.obj
                0x080011d4                UsageFault_Handler
 .text.SVC_Handler
                0x080011d6        0x2 CMakeFiles/new_template.elf.dir/Core/Src/stm32f1xx_it.c.obj
                0x080011d6                SVC_Handler
 .text.DebugMon_Handler
                0x080011d8        0x2 CMakeFiles/new_template.elf.dir/Core/Src/stm32f1xx_it.c.obj
                0x080011d8                DebugMon_Handler
 .text.PendSV_Handler
                0x080011da        0x2 CMakeFiles/new_template.elf.dir/Core/Src/stm32f1xx_it.c.obj
                0x080011da                PendSV_Handler
 .text.SysTick_Handler
                0x080011dc        0x8 CMakeFiles/new_template.elf.dir/Core/Src/stm32f1xx_it.c.obj
                0x080011dc                SysTick_Handler
 .text.DMA1_Channel5_IRQHandler
                0x080011e4       0x10 CMakeFiles/new_template.elf.dir/Core/Src/stm32f1xx_it.c.obj
                0x080011e4                DMA1_Channel5_IRQHandler
 .text.USART1_IRQHandler
                0x080011f4       0x10 CMakeFiles/new_template.elf.dir/Core/Src/stm32f1xx_it.c.obj
                0x080011f4                USART1_IRQHandler
 .text.TIM8_UP_IRQHandler
                0x08001204       0x10 CMakeFiles/new_template.elf.dir/Core/Src/stm32f1xx_it.c.obj
                0x08001204                TIM8_UP_IRQHandler
 .text.TIM8_CC_IRQHandler
                0x08001214       0x10 CMakeFiles/new_template.elf.dir/Core/Src/stm32f1xx_it.c.obj
                0x08001214                TIM8_CC_IRQHandler
 .text.TIM6_IRQHandler
                0x08001224       0x10 CMakeFiles/new_template.elf.dir/Core/Src/stm32f1xx_it.c.obj
                0x08001224                TIM6_IRQHandler
 .text._getpid  0x08001234        0x4 CMakeFiles/new_template.elf.dir/Core/Src/syscalls.c.obj
                0x08001234                _getpid
 .text._kill    0x08001238       0x10 CMakeFiles/new_template.elf.dir/Core/Src/syscalls.c.obj
                0x08001238                _kill
 .text._exit    0x08001248        0xc CMakeFiles/new_template.elf.dir/Core/Src/syscalls.c.obj
                0x08001248                _exit
 .text._sbrk    0x08001254       0x3c CMakeFiles/new_template.elf.dir/Core/Src/syscalls.c.obj
                0x08001254                _sbrk
 .text.SystemInit
                0x08001290        0x2 CMakeFiles/new_template.elf.dir/Core/Src/system_stm32f1xx.c.obj
                0x08001290                SystemInit
 *fill*         0x08001292        0x2 
 .text.HAL_TIM_PeriodElapsedCallback
                0x08001294       0x54 CMakeFiles/new_template.elf.dir/Core/Src/tim.c.obj
                0x08001294                HAL_TIM_PeriodElapsedCallback
 .text.MX_USART1_UART_Init
                0x080012e8       0x34 CMakeFiles/new_template.elf.dir/Core/Src/usart.c.obj
                0x080012e8                MX_USART1_UART_Init
 .text.HAL_UART_MspInit
                0x0800131c       0xc8 CMakeFiles/new_template.elf.dir/Core/Src/usart.c.obj
                0x0800131c                HAL_UART_MspInit
 .text.HAL_InitTick
                0x080013e4       0x4c CMakeFiles/new_template.elf.dir/Drivers/STM32F1xx_HAL_Driver/Src/stm32f1xx_hal.c.obj
                0x080013e4                HAL_InitTick
 .text.HAL_Init
                0x08001430       0x24 CMakeFiles/new_template.elf.dir/Drivers/STM32F1xx_HAL_Driver/Src/stm32f1xx_hal.c.obj
                0x08001430                HAL_Init
 .text.HAL_IncTick
                0x08001454       0x18 CMakeFiles/new_template.elf.dir/Drivers/STM32F1xx_HAL_Driver/Src/stm32f1xx_hal.c.obj
                0x08001454                HAL_IncTick
 .text.HAL_GetTick
                0x0800146c        0xc CMakeFiles/new_template.elf.dir/Drivers/STM32F1xx_HAL_Driver/Src/stm32f1xx_hal.c.obj
                0x0800146c                HAL_GetTick
 .text.HAL_Delay
                0x08001478       0x28 CMakeFiles/new_template.elf.dir/Drivers/STM32F1xx_HAL_Driver/Src/stm32f1xx_hal.c.obj
                0x08001478                HAL_Delay
 .text.HAL_NVIC_SetPriorityGrouping
                0x080014a0       0x24 CMakeFiles/new_template.elf.dir/Drivers/STM32F1xx_HAL_Driver/Src/stm32f1xx_hal_cortex.c.obj
                0x080014a0                HAL_NVIC_SetPriorityGrouping
 .text.HAL_NVIC_SetPriority
                0x080014c4       0x70 CMakeFiles/new_template.elf.dir/Drivers/STM32F1xx_HAL_Driver/Src/stm32f1xx_hal_cortex.c.obj
                0x080014c4                HAL_NVIC_SetPriority
 .text.HAL_NVIC_EnableIRQ
                0x08001534       0x1c CMakeFiles/new_template.elf.dir/Drivers/STM32F1xx_HAL_Driver/Src/stm32f1xx_hal_cortex.c.obj
                0x08001534                HAL_NVIC_EnableIRQ
 .text.HAL_SYSTICK_Config
                0x08001550       0x28 CMakeFiles/new_template.elf.dir/Drivers/STM32F1xx_HAL_Driver/Src/stm32f1xx_hal_cortex.c.obj
                0x08001550                HAL_SYSTICK_Config
 .text.HAL_DMA_Init
                0x08001578       0x98 CMakeFiles/new_template.elf.dir/Drivers/STM32F1xx_HAL_Driver/Src/stm32f1xx_hal_dma.c.obj
                0x08001578                HAL_DMA_Init
 .text.HAL_DMA_Abort
                0x08001610       0x44 CMakeFiles/new_template.elf.dir/Drivers/STM32F1xx_HAL_Driver/Src/stm32f1xx_hal_dma.c.obj
                0x08001610                HAL_DMA_Abort
 .text.HAL_DMA_Abort_IT
                0x08001654      0x168 CMakeFiles/new_template.elf.dir/Drivers/STM32F1xx_HAL_Driver/Src/stm32f1xx_hal_dma.c.obj
                0x08001654                HAL_DMA_Abort_IT
 .text.HAL_DMA_IRQHandler
                0x080017bc      0x2ec CMakeFiles/new_template.elf.dir/Drivers/STM32F1xx_HAL_Driver/Src/stm32f1xx_hal_dma.c.obj
                0x080017bc                HAL_DMA_IRQHandler
 .text.HAL_GPIO_Init
                0x08001aa8      0x240 CMakeFiles/new_template.elf.dir/Drivers/STM32F1xx_HAL_Driver/Src/stm32f1xx_hal_gpio.c.obj
                0x08001aa8                HAL_GPIO_Init
 .text.HAL_GPIO_WritePin
                0x08001ce8        0xc CMakeFiles/new_template.elf.dir/Drivers/STM32F1xx_HAL_Driver/Src/stm32f1xx_hal_gpio.c.obj
                0x08001ce8                HAL_GPIO_WritePin
 .text.RCC_Delay
                0x08001cf4       0x2c CMakeFiles/new_template.elf.dir/Drivers/STM32F1xx_HAL_Driver/Src/stm32f1xx_hal_rcc.c.obj
 .text.HAL_RCC_OscConfig
                0x08001d20      0x410 CMakeFiles/new_template.elf.dir/Drivers/STM32F1xx_HAL_Driver/Src/stm32f1xx_hal_rcc.c.obj
                0x08001d20                HAL_RCC_OscConfig
 .text.HAL_RCC_GetSysClockFreq
                0x08002130       0x70 CMakeFiles/new_template.elf.dir/Drivers/STM32F1xx_HAL_Driver/Src/stm32f1xx_hal_rcc.c.obj
                0x08002130                HAL_RCC_GetSysClockFreq
 .text.HAL_RCC_ClockConfig
                0x080021a0      0x16c CMakeFiles/new_template.elf.dir/Drivers/STM32F1xx_HAL_Driver/Src/stm32f1xx_hal_rcc.c.obj
                0x080021a0                HAL_RCC_ClockConfig
 .text.HAL_RCC_GetHCLKFreq
                0x0800230c        0xc CMakeFiles/new_template.elf.dir/Drivers/STM32F1xx_HAL_Driver/Src/stm32f1xx_hal_rcc.c.obj
                0x0800230c                HAL_RCC_GetHCLKFreq
 .text.HAL_RCC_GetPCLK1Freq
                0x08002318       0x20 CMakeFiles/new_template.elf.dir/Drivers/STM32F1xx_HAL_Driver/Src/stm32f1xx_hal_rcc.c.obj
                0x08002318                HAL_RCC_GetPCLK1Freq
 .text.HAL_RCC_GetPCLK2Freq
                0x08002338       0x20 CMakeFiles/new_template.elf.dir/Drivers/STM32F1xx_HAL_Driver/Src/stm32f1xx_hal_rcc.c.obj
                0x08002338                HAL_RCC_GetPCLK2Freq
 .text.HAL_TIM_ReadCapturedValue
                0x08002358       0x32 CMakeFiles/new_template.elf.dir/Drivers/STM32F1xx_HAL_Driver/Src/stm32f1xx_hal_tim.c.obj
                0x08002358                HAL_TIM_ReadCapturedValue
 .text.HAL_TIM_OC_DelayElapsedCallback
                0x0800238a        0x2 CMakeFiles/new_template.elf.dir/Drivers/STM32F1xx_HAL_Driver/Src/stm32f1xx_hal_tim.c.obj
                0x0800238a                HAL_TIM_OC_DelayElapsedCallback
 .text.HAL_TIM_IC_CaptureCallback
                0x0800238c        0x2 CMakeFiles/new_template.elf.dir/Drivers/STM32F1xx_HAL_Driver/Src/stm32f1xx_hal_tim.c.obj
                0x0800238c                HAL_TIM_IC_CaptureCallback
 .text.HAL_TIM_PWM_PulseFinishedCallback
                0x0800238e        0x2 CMakeFiles/new_template.elf.dir/Drivers/STM32F1xx_HAL_Driver/Src/stm32f1xx_hal_tim.c.obj
                0x0800238e                HAL_TIM_PWM_PulseFinishedCallback
 .text.HAL_TIM_TriggerCallback
                0x08002390        0x2 CMakeFiles/new_template.elf.dir/Drivers/STM32F1xx_HAL_Driver/Src/stm32f1xx_hal_tim.c.obj
                0x08002390                HAL_TIM_TriggerCallback
 .text.HAL_TIM_IRQHandler
                0x08002392      0x17a CMakeFiles/new_template.elf.dir/Drivers/STM32F1xx_HAL_Driver/Src/stm32f1xx_hal_tim.c.obj
                0x08002392                HAL_TIM_IRQHandler
 .text.HAL_TIMEx_CommutCallback
                0x0800250c        0x2 CMakeFiles/new_template.elf.dir/Drivers/STM32F1xx_HAL_Driver/Src/stm32f1xx_hal_tim_ex.c.obj
                0x0800250c                HAL_TIMEx_CommutCallback
 .text.HAL_TIMEx_BreakCallback
                0x0800250e        0x2 CMakeFiles/new_template.elf.dir/Drivers/STM32F1xx_HAL_Driver/Src/stm32f1xx_hal_tim_ex.c.obj
                0x0800250e                HAL_TIMEx_BreakCallback
 .text.UART_EndRxTransfer
                0x08002510       0x32 CMakeFiles/new_template.elf.dir/Drivers/STM32F1xx_HAL_Driver/Src/stm32f1xx_hal_uart.c.obj
 .text.UART_Transmit_IT
                0x08002542       0x60 CMakeFiles/new_template.elf.dir/Drivers/STM32F1xx_HAL_Driver/Src/stm32f1xx_hal_uart.c.obj
 *fill*         0x080025a2        0x2 
 .text.UART_SetConfig
                0x080025a4       0x94 CMakeFiles/new_template.elf.dir/Drivers/STM32F1xx_HAL_Driver/Src/stm32f1xx_hal_uart.c.obj
 .text.UART_WaitOnFlagUntilTimeout
                0x08002638       0x6c CMakeFiles/new_template.elf.dir/Drivers/STM32F1xx_HAL_Driver/Src/stm32f1xx_hal_uart.c.obj
 .text.HAL_UART_Init
                0x080026a4       0x5e CMakeFiles/new_template.elf.dir/Drivers/STM32F1xx_HAL_Driver/Src/stm32f1xx_hal_uart.c.obj
                0x080026a4                HAL_UART_Init
 .text.HAL_UART_Transmit
                0x08002702       0xd8 CMakeFiles/new_template.elf.dir/Drivers/STM32F1xx_HAL_Driver/Src/stm32f1xx_hal_uart.c.obj
                0x08002702                HAL_UART_Transmit
 .text.HAL_UART_Receive
                0x080027da       0xe4 CMakeFiles/new_template.elf.dir/Drivers/STM32F1xx_HAL_Driver/Src/stm32f1xx_hal_uart.c.obj
                0x080027da                HAL_UART_Receive
 .text.HAL_UART_TxCpltCallback
                0x080028be        0x2 CMakeFiles/new_template.elf.dir/Drivers/STM32F1xx_HAL_Driver/Src/stm32f1xx_hal_uart.c.obj
                0x080028be                HAL_UART_TxCpltCallback
 .text.UART_EndTransmit_IT
                0x080028c0       0x1a CMakeFiles/new_template.elf.dir/Drivers/STM32F1xx_HAL_Driver/Src/stm32f1xx_hal_uart.c.obj
 .text.HAL_UART_RxCpltCallback
                0x080028da        0x2 CMakeFiles/new_template.elf.dir/Drivers/STM32F1xx_HAL_Driver/Src/stm32f1xx_hal_uart.c.obj
                0x080028da                HAL_UART_RxCpltCallback
 .text.HAL_UART_ErrorCallback
                0x080028dc        0x2 CMakeFiles/new_template.elf.dir/Drivers/STM32F1xx_HAL_Driver/Src/stm32f1xx_hal_uart.c.obj
                0x080028dc                HAL_UART_ErrorCallback
 .text.UART_DMAAbortOnError
                0x080028de       0x10 CMakeFiles/new_template.elf.dir/Drivers/STM32F1xx_HAL_Driver/Src/stm32f1xx_hal_uart.c.obj
 .text.HAL_UARTEx_RxEventCallback
                0x080028ee        0x2 CMakeFiles/new_template.elf.dir/Drivers/STM32F1xx_HAL_Driver/Src/stm32f1xx_hal_uart.c.obj
                0x080028ee                HAL_UARTEx_RxEventCallback
 .text.UART_Receive_IT
                0x080028f0       0xd4 CMakeFiles/new_template.elf.dir/Drivers/STM32F1xx_HAL_Driver/Src/stm32f1xx_hal_uart.c.obj
 .text.HAL_UART_IRQHandler
                0x080029c4      0x204 CMakeFiles/new_template.elf.dir/Drivers/STM32F1xx_HAL_Driver/Src/stm32f1xx_hal_uart.c.obj
                0x080029c4                HAL_UART_IRQHandler
 .text.Reset_Handler
                0x08002bc8       0x48 CMakeFiles/new_template.elf.dir/startup/startup_stm32f103xe.s.obj
                0x08002bc8                Reset_Handler
 .text.Default_Handler
                0x08002c10        0x2 CMakeFiles/new_template.elf.dir/startup/startup_stm32f103xe.s.obj
                0x08002c10                RTC_Alarm_IRQHandler
                0x08002c10                EXTI2_IRQHandler
                0x08002c10                TIM8_TRG_COM_IRQHandler
                0x08002c10                TIM1_CC_IRQHandler
                0x08002c10                PVD_IRQHandler
                0x08002c10                SDIO_IRQHandler
                0x08002c10                EXTI3_IRQHandler
                0x08002c10                EXTI0_IRQHandler
                0x08002c10                I2C2_EV_IRQHandler
                0x08002c10                ADC1_2_IRQHandler
                0x08002c10                SPI1_IRQHandler
                0x08002c10                TAMPER_IRQHandler
                0x08002c10                DMA2_Channel2_IRQHandler
                0x08002c10                DMA1_Channel4_IRQHandler
                0x08002c10                USART3_IRQHandler
                0x08002c10                RTC_IRQHandler
                0x08002c10                DMA1_Channel7_IRQHandler
                0x08002c10                CAN1_RX1_IRQHandler
                0x08002c10                UART5_IRQHandler
                0x08002c10                ADC3_IRQHandler
                0x08002c10                TIM4_IRQHandler
                0x08002c10                DMA2_Channel1_IRQHandler
                0x08002c10                I2C1_EV_IRQHandler
                0x08002c10                DMA1_Channel6_IRQHandler
                0x08002c10                UART4_IRQHandler
                0x08002c10                TIM3_IRQHandler
                0x08002c10                RCC_IRQHandler
                0x08002c10                TIM1_TRG_COM_IRQHandler
                0x08002c10                DMA1_Channel1_IRQHandler
                0x08002c10                Default_Handler
                0x08002c10                EXTI15_10_IRQHandler
                0x08002c10                TIM7_IRQHandler
                0x08002c10                TIM5_IRQHandler
                0x08002c10                EXTI9_5_IRQHandler
                0x08002c10                SPI2_IRQHandler
                0x08002c10                EXTI4_IRQHandler
                0x08002c10                USB_LP_CAN1_RX0_IRQHandler
                0x08002c10                USB_HP_CAN1_TX_IRQHandler
                0x08002c10                DMA1_Channel3_IRQHandler
                0x08002c10                FSMC_IRQHandler
                0x08002c10                TIM1_UP_IRQHandler
                0x08002c10                WWDG_IRQHandler
                0x08002c10                TIM2_IRQHandler
                0x08002c10                TIM1_BRK_IRQHandler
                0x08002c10                EXTI1_IRQHandler
                0x08002c10                DMA2_Channel4_5_IRQHandler
                0x08002c10                USART2_IRQHandler
                0x08002c10                I2C2_ER_IRQHandler
                0x08002c10                DMA1_Channel2_IRQHandler
                0x08002c10                TIM8_BRK_IRQHandler
                0x08002c10                CAN1_SCE_IRQHandler
                0x08002c10                FLASH_IRQHandler
                0x08002c10                SPI3_IRQHandler
                0x08002c10                I2C1_ER_IRQHandler
                0x08002c10                USBWakeUp_IRQHandler
                0x08002c10                DMA2_Channel3_IRQHandler
 *fill*         0x08002c12        0x2 
 .text.__errno  0x08002c14        0xc d:/clion_project/gcc-arm-none-eabi-10.3-2021.10/bin/../lib/gcc/arm-none-eabi/10.3.1/../../../../arm-none-eabi/lib/thumb/v7-m/nofp\libg.a(lib_a-errno.o)
                0x08002c14                __errno
 .text.__libc_init_array
                0x08002c20       0x48 d:/clion_project/gcc-arm-none-eabi-10.3-2021.10/bin/../lib/gcc/arm-none-eabi/10.3.1/../../../../arm-none-eabi/lib/thumb/v7-m/nofp\libg.a(lib_a-init.o)
                0x08002c20                __libc_init_array
 .text.memset   0x08002c68       0xa4 d:/clion_project/gcc-arm-none-eabi-10.3-2021.10/bin/../lib/gcc/arm-none-eabi/10.3.1/../../../../arm-none-eabi/lib/thumb/v7-m/nofp\libg.a(lib_a-memset.o)
                0x08002c68                memset
 .text.printf   0x08002d0c       0x28 d:/clion_project/gcc-arm-none-eabi-10.3-2021.10/bin/../lib/gcc/arm-none-eabi/10.3.1/../../../../arm-none-eabi/lib/thumb/v7-m/nofp\libg.a(lib_a-printf.o)
                0x08002d0c                printf
 .text._puts_r  0x08002d34       0x9c d:/clion_project/gcc-arm-none-eabi-10.3-2021.10/bin/../lib/gcc/arm-none-eabi/10.3.1/../../../../arm-none-eabi/lib/thumb/v7-m/nofp\libg.a(lib_a-puts.o)
                0x08002d34                _puts_r
 .text.puts     0x08002dd0       0x10 d:/clion_project/gcc-arm-none-eabi-10.3-2021.10/bin/../lib/gcc/arm-none-eabi/10.3.1/../../../../arm-none-eabi/lib/thumb/v7-m/nofp\libg.a(lib_a-puts.o)
                0x08002dd0                puts
 .text.setvbuf  0x08002de0      0x1b0 d:/clion_project/gcc-arm-none-eabi-10.3-2021.10/bin/../lib/gcc/arm-none-eabi/10.3.1/../../../../arm-none-eabi/lib/thumb/v7-m/nofp\libg.a(lib_a-setvbuf.o)
                0x08002de0                setvbuf
 .text.strlen   0x08002f90       0x5c d:/clion_project/gcc-arm-none-eabi-10.3-2021.10/bin/../lib/gcc/arm-none-eabi/10.3.1/../../../../arm-none-eabi/lib/thumb/v7-m/nofp\libg.a(lib_a-strlen-stub.o)
                0x08002f90                strlen
 .text._vfprintf_r
                0x08002fec     0x1b58 d:/clion_project/gcc-arm-none-eabi-10.3-2021.10/bin/../lib/gcc/arm-none-eabi/10.3.1/../../../../arm-none-eabi/lib/thumb/v7-m/nofp\libg.a(lib_a-vfprintf.o)
                0x08002fec                _vfprintf_r
 .text.__sbprintf
                0x08004b44       0x84 d:/clion_project/gcc-arm-none-eabi-10.3-2021.10/bin/../lib/gcc/arm-none-eabi/10.3.1/../../../../arm-none-eabi/lib/thumb/v7-m/nofp\libg.a(lib_a-vfprintf.o)
 .text.__swsetup_r
                0x08004bc8       0xd4 d:/clion_project/gcc-arm-none-eabi-10.3-2021.10/bin/../lib/gcc/arm-none-eabi/10.3.1/../../../../arm-none-eabi/lib/thumb/v7-m/nofp\libg.a(lib_a-wsetup.o)
                0x08004bc8                __swsetup_r
 .text.startup.register_fini
                0x08004c9c       0x14 d:/clion_project/gcc-arm-none-eabi-10.3-2021.10/bin/../lib/gcc/arm-none-eabi/10.3.1/../../../../arm-none-eabi/lib/thumb/v7-m/nofp\libg.a(lib_a-__call_atexit.o)
 .text.atexit   0x08004cb0        0xc d:/clion_project/gcc-arm-none-eabi-10.3-2021.10/bin/../lib/gcc/arm-none-eabi/10.3.1/../../../../arm-none-eabi/lib/thumb/v7-m/nofp\libg.a(lib_a-atexit.o)
                0x08004cb0                atexit
 .text.quorem   0x08004cbc      0x12c d:/clion_project/gcc-arm-none-eabi-10.3-2021.10/bin/../lib/gcc/arm-none-eabi/10.3.1/../../../../arm-none-eabi/lib/thumb/v7-m/nofp\libg.a(lib_a-dtoa.o)
 .text._dtoa_r  0x08004de8      0xecc d:/clion_project/gcc-arm-none-eabi-10.3-2021.10/bin/../lib/gcc/arm-none-eabi/10.3.1/../../../../arm-none-eabi/lib/thumb/v7-m/nofp\libg.a(lib_a-dtoa.o)
                0x08004de8                _dtoa_r
 .text.__sflush_r
                0x08005cb4      0x124 d:/clion_project/gcc-arm-none-eabi-10.3-2021.10/bin/../lib/gcc/arm-none-eabi/10.3.1/../../../../arm-none-eabi/lib/thumb/v7-m/nofp\libg.a(lib_a-fflush.o)
                0x08005cb4                __sflush_r
 .text._fflush_r
                0x08005dd8       0x5c d:/clion_project/gcc-arm-none-eabi-10.3-2021.10/bin/../lib/gcc/arm-none-eabi/10.3.1/../../../../arm-none-eabi/lib/thumb/v7-m/nofp\libg.a(lib_a-fflush.o)
                0x08005dd8                _fflush_r
 .text._cleanup_r
                0x08005e34        0xc d:/clion_project/gcc-arm-none-eabi-10.3-2021.10/bin/../lib/gcc/arm-none-eabi/10.3.1/../../../../arm-none-eabi/lib/thumb/v7-m/nofp\libg.a(lib_a-findfp.o)
                0x08005e34                _cleanup_r
 .text.__sinit  0x08005e40      0x10c d:/clion_project/gcc-arm-none-eabi-10.3-2021.10/bin/../lib/gcc/arm-none-eabi/10.3.1/../../../../arm-none-eabi/lib/thumb/v7-m/nofp\libg.a(lib_a-findfp.o)
                0x08005e40                __sinit
 .text.__sfp_lock_acquire
                0x08005f4c        0xc d:/clion_project/gcc-arm-none-eabi-10.3-2021.10/bin/../lib/gcc/arm-none-eabi/10.3.1/../../../../arm-none-eabi/lib/thumb/v7-m/nofp\libg.a(lib_a-findfp.o)
                0x08005f4c                __sfp_lock_acquire
 .text.__sfp_lock_release
                0x08005f58        0xc d:/clion_project/gcc-arm-none-eabi-10.3-2021.10/bin/../lib/gcc/arm-none-eabi/10.3.1/../../../../arm-none-eabi/lib/thumb/v7-m/nofp\libg.a(lib_a-findfp.o)
                0x08005f58                __sfp_lock_release
 .text.__libc_fini_array
                0x08005f64       0x2c d:/clion_project/gcc-arm-none-eabi-10.3-2021.10/bin/../lib/gcc/arm-none-eabi/10.3.1/../../../../arm-none-eabi/lib/thumb/v7-m/nofp\libg.a(lib_a-fini.o)
                0x08005f64                __libc_fini_array
 .text._malloc_trim_r
                0x08005f90       0xa0 d:/clion_project/gcc-arm-none-eabi-10.3-2021.10/bin/../lib/gcc/arm-none-eabi/10.3.1/../../../../arm-none-eabi/lib/thumb/v7-m/nofp\libg.a(lib_a-freer.o)
                0x08005f90                _malloc_trim_r
 .text._free_r  0x08006030      0x200 d:/clion_project/gcc-arm-none-eabi-10.3-2021.10/bin/../lib/gcc/arm-none-eabi/10.3.1/../../../../arm-none-eabi/lib/thumb/v7-m/nofp\libg.a(lib_a-freer.o)
                0x08006030                _free_r
 .text.__sfvwrite_r
                0x08006230      0x2f0 d:/clion_project/gcc-arm-none-eabi-10.3-2021.10/bin/../lib/gcc/arm-none-eabi/10.3.1/../../../../arm-none-eabi/lib/thumb/v7-m/nofp\libg.a(lib_a-fvwrite.o)
                0x08006230                __sfvwrite_r
 .text._fwalk_reent
                0x08006520       0x48 d:/clion_project/gcc-arm-none-eabi-10.3-2021.10/bin/../lib/gcc/arm-none-eabi/10.3.1/../../../../arm-none-eabi/lib/thumb/v7-m/nofp\libg.a(lib_a-fwalk.o)
                0x08006520                _fwalk_reent
 .text._localeconv_r
                0x08006568        0x8 d:/clion_project/gcc-arm-none-eabi-10.3-2021.10/bin/../lib/gcc/arm-none-eabi/10.3.1/../../../../arm-none-eabi/lib/thumb/v7-m/nofp\libg.a(lib_a-localeconv.o)
                0x08006568                _localeconv_r
 .text.__retarget_lock_init_recursive
                0x08006570        0x4 d:/clion_project/gcc-arm-none-eabi-10.3-2021.10/bin/../lib/gcc/arm-none-eabi/10.3.1/../../../../arm-none-eabi/lib/thumb/v7-m/nofp\libg.a(lib_a-lock.o)
                0x08006570                __retarget_lock_init_recursive
 .text.__retarget_lock_close_recursive
                0x08006574        0x4 d:/clion_project/gcc-arm-none-eabi-10.3-2021.10/bin/../lib/gcc/arm-none-eabi/10.3.1/../../../../arm-none-eabi/lib/thumb/v7-m/nofp\libg.a(lib_a-lock.o)
                0x08006574                __retarget_lock_close_recursive
 .text.__retarget_lock_acquire_recursive
                0x08006578        0x4 d:/clion_project/gcc-arm-none-eabi-10.3-2021.10/bin/../lib/gcc/arm-none-eabi/10.3.1/../../../../arm-none-eabi/lib/thumb/v7-m/nofp\libg.a(lib_a-lock.o)
                0x08006578                __retarget_lock_acquire_recursive
 .text.__retarget_lock_release_recursive
                0x0800657c        0x4 d:/clion_project/gcc-arm-none-eabi-10.3-2021.10/bin/../lib/gcc/arm-none-eabi/10.3.1/../../../../arm-none-eabi/lib/thumb/v7-m/nofp\libg.a(lib_a-lock.o)
                0x0800657c                __retarget_lock_release_recursive
 .text.__smakebuf_r
                0x08006580       0xe0 d:/clion_project/gcc-arm-none-eabi-10.3-2021.10/bin/../lib/gcc/arm-none-eabi/10.3.1/../../../../arm-none-eabi/lib/thumb/v7-m/nofp\libg.a(lib_a-makebuf.o)
                0x08006580                __smakebuf_r
 .text.__swhatbuf_r
                0x08006660       0x60 d:/clion_project/gcc-arm-none-eabi-10.3-2021.10/bin/../lib/gcc/arm-none-eabi/10.3.1/../../../../arm-none-eabi/lib/thumb/v7-m/nofp\libg.a(lib_a-makebuf.o)
                0x08006660                __swhatbuf_r
 .text.malloc   0x080066c0       0x10 d:/clion_project/gcc-arm-none-eabi-10.3-2021.10/bin/../lib/gcc/arm-none-eabi/10.3.1/../../../../arm-none-eabi/lib/thumb/v7-m/nofp\libg.a(lib_a-malloc.o)
                0x080066c0                malloc
 .text._malloc_r
                0x080066d0      0x558 d:/clion_project/gcc-arm-none-eabi-10.3-2021.10/bin/../lib/gcc/arm-none-eabi/10.3.1/../../../../arm-none-eabi/lib/thumb/v7-m/nofp\libg.a(lib_a-mallocr.o)
                0x080066d0                _malloc_r
 .text.memchr   0x08006c28       0x90 d:/clion_project/gcc-arm-none-eabi-10.3-2021.10/bin/../lib/gcc/arm-none-eabi/10.3.1/../../../../arm-none-eabi/lib/thumb/v7-m/nofp\libg.a(lib_a-memchr-stub.o)
                0x08006c28                memchr
 .text.memmove  0x08006cb8       0xf8 d:/clion_project/gcc-arm-none-eabi-10.3-2021.10/bin/../lib/gcc/arm-none-eabi/10.3.1/../../../../arm-none-eabi/lib/thumb/v7-m/nofp\libg.a(lib_a-memmove.o)
                0x08006cb8                memmove
 .text.__malloc_lock
                0x08006db0        0xc d:/clion_project/gcc-arm-none-eabi-10.3-2021.10/bin/../lib/gcc/arm-none-eabi/10.3.1/../../../../arm-none-eabi/lib/thumb/v7-m/nofp\libg.a(lib_a-mlock.o)
                0x08006db0                __malloc_lock
 .text.__malloc_unlock
                0x08006dbc        0xc d:/clion_project/gcc-arm-none-eabi-10.3-2021.10/bin/../lib/gcc/arm-none-eabi/10.3.1/../../../../arm-none-eabi/lib/thumb/v7-m/nofp\libg.a(lib_a-mlock.o)
                0x08006dbc                __malloc_unlock
 .text._Balloc  0x08006dc8       0x4c d:/clion_project/gcc-arm-none-eabi-10.3-2021.10/bin/../lib/gcc/arm-none-eabi/10.3.1/../../../../arm-none-eabi/lib/thumb/v7-m/nofp\libg.a(lib_a-mprec.o)
                0x08006dc8                _Balloc
 .text._Bfree   0x08006e14       0x14 d:/clion_project/gcc-arm-none-eabi-10.3-2021.10/bin/../lib/gcc/arm-none-eabi/10.3.1/../../../../arm-none-eabi/lib/thumb/v7-m/nofp\libg.a(lib_a-mprec.o)
                0x08006e14                _Bfree
 .text.__multadd
                0x08006e28       0xa4 d:/clion_project/gcc-arm-none-eabi-10.3-2021.10/bin/../lib/gcc/arm-none-eabi/10.3.1/../../../../arm-none-eabi/lib/thumb/v7-m/nofp\libg.a(lib_a-mprec.o)
                0x08006e28                __multadd
 .text.__hi0bits
                0x08006ecc       0x40 d:/clion_project/gcc-arm-none-eabi-10.3-2021.10/bin/../lib/gcc/arm-none-eabi/10.3.1/../../../../arm-none-eabi/lib/thumb/v7-m/nofp\libg.a(lib_a-mprec.o)
                0x08006ecc                __hi0bits
 .text.__lo0bits
                0x08006f0c       0x58 d:/clion_project/gcc-arm-none-eabi-10.3-2021.10/bin/../lib/gcc/arm-none-eabi/10.3.1/../../../../arm-none-eabi/lib/thumb/v7-m/nofp\libg.a(lib_a-mprec.o)
                0x08006f0c                __lo0bits
 .text.__i2b    0x08006f64       0x5c d:/clion_project/gcc-arm-none-eabi-10.3-2021.10/bin/../lib/gcc/arm-none-eabi/10.3.1/../../../../arm-none-eabi/lib/thumb/v7-m/nofp\libg.a(lib_a-mprec.o)
                0x08006f64                __i2b
 .text.__multiply
                0x08006fc0      0x15c d:/clion_project/gcc-arm-none-eabi-10.3-2021.10/bin/../lib/gcc/arm-none-eabi/10.3.1/../../../../arm-none-eabi/lib/thumb/v7-m/nofp\libg.a(lib_a-mprec.o)
                0x08006fc0                __multiply
 .text.__pow5mult
                0x0800711c       0xb8 d:/clion_project/gcc-arm-none-eabi-10.3-2021.10/bin/../lib/gcc/arm-none-eabi/10.3.1/../../../../arm-none-eabi/lib/thumb/v7-m/nofp\libg.a(lib_a-mprec.o)
                0x0800711c                __pow5mult
 .text.__lshift
                0x080071d4       0xec d:/clion_project/gcc-arm-none-eabi-10.3-2021.10/bin/../lib/gcc/arm-none-eabi/10.3.1/../../../../arm-none-eabi/lib/thumb/v7-m/nofp\libg.a(lib_a-mprec.o)
                0x080071d4                __lshift
 .text.__mcmp   0x080072c0       0x40 d:/clion_project/gcc-arm-none-eabi-10.3-2021.10/bin/../lib/gcc/arm-none-eabi/10.3.1/../../../../arm-none-eabi/lib/thumb/v7-m/nofp\libg.a(lib_a-mprec.o)
                0x080072c0                __mcmp
 .text.__mdiff  0x08007300      0x14c d:/clion_project/gcc-arm-none-eabi-10.3-2021.10/bin/../lib/gcc/arm-none-eabi/10.3.1/../../../../arm-none-eabi/lib/thumb/v7-m/nofp\libg.a(lib_a-mprec.o)
                0x08007300                __mdiff
 .text.__d2b    0x0800744c       0xc4 d:/clion_project/gcc-arm-none-eabi-10.3-2021.10/bin/../lib/gcc/arm-none-eabi/10.3.1/../../../../arm-none-eabi/lib/thumb/v7-m/nofp\libg.a(lib_a-mprec.o)
                0x0800744c                __d2b
 .text._realloc_r
                0x08007510      0x3dc d:/clion_project/gcc-arm-none-eabi-10.3-2021.10/bin/../lib/gcc/arm-none-eabi/10.3.1/../../../../arm-none-eabi/lib/thumb/v7-m/nofp\libg.a(lib_a-reallocr.o)
                0x08007510                _realloc_r
 .text.frexp    0x080078ec       0x70 d:/clion_project/gcc-arm-none-eabi-10.3-2021.10/bin/../lib/gcc/arm-none-eabi/10.3.1/../../../../arm-none-eabi/lib/thumb/v7-m/nofp\libg.a(lib_a-s_frexp.o)
                0x080078ec                frexp
 .text._sbrk_r  0x0800795c       0x24 d:/clion_project/gcc-arm-none-eabi-10.3-2021.10/bin/../lib/gcc/arm-none-eabi/10.3.1/../../../../arm-none-eabi/lib/thumb/v7-m/nofp\libg.a(lib_a-sbrkr.o)
                0x0800795c                _sbrk_r
 .text.__sread  0x08007980       0x24 d:/clion_project/gcc-arm-none-eabi-10.3-2021.10/bin/../lib/gcc/arm-none-eabi/10.3.1/../../../../arm-none-eabi/lib/thumb/v7-m/nofp\libg.a(lib_a-stdio.o)
                0x08007980                __sread
 .text.__swrite
                0x080079a4       0x40 d:/clion_project/gcc-arm-none-eabi-10.3-2021.10/bin/../lib/gcc/arm-none-eabi/10.3.1/../../../../arm-none-eabi/lib/thumb/v7-m/nofp\libg.a(lib_a-stdio.o)
                0x080079a4                __swrite
 .text.__sseek  0x080079e4       0x20 d:/clion_project/gcc-arm-none-eabi-10.3-2021.10/bin/../lib/gcc/arm-none-eabi/10.3.1/../../../../arm-none-eabi/lib/thumb/v7-m/nofp\libg.a(lib_a-stdio.o)
                0x080079e4                __sseek
 .text.__sclose
                0x08007a04        0x8 d:/clion_project/gcc-arm-none-eabi-10.3-2021.10/bin/../lib/gcc/arm-none-eabi/10.3.1/../../../../arm-none-eabi/lib/thumb/v7-m/nofp\libg.a(lib_a-stdio.o)
                0x08007a04                __sclose
 .text.strncpy  0x08007a0c       0x68 d:/clion_project/gcc-arm-none-eabi-10.3-2021.10/bin/../lib/gcc/arm-none-eabi/10.3.1/../../../../arm-none-eabi/lib/thumb/v7-m/nofp\libg.a(lib_a-strncpy.o)
                0x08007a0c                strncpy
 .text.__sprint_r.part.0
                0x08007a74       0x78 d:/clion_project/gcc-arm-none-eabi-10.3-2021.10/bin/../lib/gcc/arm-none-eabi/10.3.1/../../../../arm-none-eabi/lib/thumb/v7-m/nofp\libg.a(lib_a-vfiprintf.o)
 .text.__sprint_r
                0x08007aec       0x14 d:/clion_project/gcc-arm-none-eabi-10.3-2021.10/bin/../lib/gcc/arm-none-eabi/10.3.1/../../../../arm-none-eabi/lib/thumb/v7-m/nofp\libg.a(lib_a-vfiprintf.o)
                0x08007aec                __sprint_r
 .text._vfiprintf_r
                0x08007b00      0xd98 d:/clion_project/gcc-arm-none-eabi-10.3-2021.10/bin/../lib/gcc/arm-none-eabi/10.3.1/../../../../arm-none-eabi/lib/thumb/v7-m/nofp\libg.a(lib_a-vfiprintf.o)
                0x08007b00                _vfiprintf_r
 .text.__sbprintf
                0x08008898       0x84 d:/clion_project/gcc-arm-none-eabi-10.3-2021.10/bin/../lib/gcc/arm-none-eabi/10.3.1/../../../../arm-none-eabi/lib/thumb/v7-m/nofp\libg.a(lib_a-vfiprintf.o)
 .text._write_r
                0x0800891c       0x2c d:/clion_project/gcc-arm-none-eabi-10.3-2021.10/bin/../lib/gcc/arm-none-eabi/10.3.1/../../../../arm-none-eabi/lib/thumb/v7-m/nofp\libg.a(lib_a-writer.o)
                0x0800891c                _write_r
 .text.__register_exitproc
                0x08008948       0x8c d:/clion_project/gcc-arm-none-eabi-10.3-2021.10/bin/../lib/gcc/arm-none-eabi/10.3.1/../../../../arm-none-eabi/lib/thumb/v7-m/nofp\libg.a(lib_a-__atexit.o)
                0x08008948                __register_exitproc
 .text.__assert_func
                0x080089d4       0x40 d:/clion_project/gcc-arm-none-eabi-10.3-2021.10/bin/../lib/gcc/arm-none-eabi/10.3.1/../../../../arm-none-eabi/lib/thumb/v7-m/nofp\libg.a(lib_a-assert.o)
                0x080089d4                __assert_func
 .text._calloc_r
                0x08008a14       0x78 d:/clion_project/gcc-arm-none-eabi-10.3-2021.10/bin/../lib/gcc/arm-none-eabi/10.3.1/../../../../arm-none-eabi/lib/thumb/v7-m/nofp\libg.a(lib_a-callocr.o)
                0x08008a14                _calloc_r
 .text._close_r
                0x08008a8c       0x24 d:/clion_project/gcc-arm-none-eabi-10.3-2021.10/bin/../lib/gcc/arm-none-eabi/10.3.1/../../../../arm-none-eabi/lib/thumb/v7-m/nofp\libg.a(lib_a-closer.o)
                0x08008a8c                _close_r
 .text._fclose_r
                0x08008ab0       0xcc d:/clion_project/gcc-arm-none-eabi-10.3-2021.10/bin/../lib/gcc/arm-none-eabi/10.3.1/../../../../arm-none-eabi/lib/thumb/v7-m/nofp\libg.a(lib_a-fclose.o)
                0x08008ab0                _fclose_r
 .text.fiprintf
                0x08008b7c       0x28 d:/clion_project/gcc-arm-none-eabi-10.3-2021.10/bin/../lib/gcc/arm-none-eabi/10.3.1/../../../../arm-none-eabi/lib/thumb/v7-m/nofp\libg.a(lib_a-fiprintf.o)
                0x08008b7c                fiprintf
 .text.__fputwc
                0x08008ba4       0xa0 d:/clion_project/gcc-arm-none-eabi-10.3-2021.10/bin/../lib/gcc/arm-none-eabi/10.3.1/../../../../arm-none-eabi/lib/thumb/v7-m/nofp\libg.a(lib_a-fputwc.o)
                0x08008ba4                __fputwc
 .text._fputwc_r
                0x08008c44       0x68 d:/clion_project/gcc-arm-none-eabi-10.3-2021.10/bin/../lib/gcc/arm-none-eabi/10.3.1/../../../../arm-none-eabi/lib/thumb/v7-m/nofp\libg.a(lib_a-fputwc.o)
                0x08008c44                _fputwc_r
 .text._fstat_r
                0x08008cac       0x28 d:/clion_project/gcc-arm-none-eabi-10.3-2021.10/bin/../lib/gcc/arm-none-eabi/10.3.1/../../../../arm-none-eabi/lib/thumb/v7-m/nofp\libg.a(lib_a-fstatr.o)
                0x08008cac                _fstat_r
 .text._isatty_r
                0x08008cd4       0x24 d:/clion_project/gcc-arm-none-eabi-10.3-2021.10/bin/../lib/gcc/arm-none-eabi/10.3.1/../../../../arm-none-eabi/lib/thumb/v7-m/nofp\libg.a(lib_a-isattyr.o)
                0x08008cd4                _isatty_r
 .text.__locale_mb_cur_max
                0x08008cf8        0xc d:/clion_project/gcc-arm-none-eabi-10.3-2021.10/bin/../lib/gcc/arm-none-eabi/10.3.1/../../../../arm-none-eabi/lib/thumb/v7-m/nofp\libg.a(lib_a-locale.o)
                0x08008cf8                __locale_mb_cur_max
 .text._lseek_r
                0x08008d04       0x2c d:/clion_project/gcc-arm-none-eabi-10.3-2021.10/bin/../lib/gcc/arm-none-eabi/10.3.1/../../../../arm-none-eabi/lib/thumb/v7-m/nofp\libg.a(lib_a-lseekr.o)
                0x08008d04                _lseek_r
 .text.__ascii_mbtowc
                0x08008d30       0x2c d:/clion_project/gcc-arm-none-eabi-10.3-2021.10/bin/../lib/gcc/arm-none-eabi/10.3.1/../../../../arm-none-eabi/lib/thumb/v7-m/nofp\libg.a(lib_a-mbtowc_r.o)
                0x08008d30                __ascii_mbtowc
 .text._read_r  0x08008d5c       0x2c d:/clion_project/gcc-arm-none-eabi-10.3-2021.10/bin/../lib/gcc/arm-none-eabi/10.3.1/../../../../arm-none-eabi/lib/thumb/v7-m/nofp\libg.a(lib_a-readr.o)
                0x08008d5c                _read_r
 .text.__swbuf_r
                0x08008d88       0xb0 d:/clion_project/gcc-arm-none-eabi-10.3-2021.10/bin/../lib/gcc/arm-none-eabi/10.3.1/../../../../arm-none-eabi/lib/thumb/v7-m/nofp\libg.a(lib_a-wbuf.o)
                0x08008d88                __swbuf_r
 .text._wcrtomb_r
                0x08008e38       0x3c d:/clion_project/gcc-arm-none-eabi-10.3-2021.10/bin/../lib/gcc/arm-none-eabi/10.3.1/../../../../arm-none-eabi/lib/thumb/v7-m/nofp\libg.a(lib_a-wcrtomb.o)
                0x08008e38                _wcrtomb_r
 .text.__ascii_wctomb
                0x08008e74       0x1c d:/clion_project/gcc-arm-none-eabi-10.3-2021.10/bin/../lib/gcc/arm-none-eabi/10.3.1/../../../../arm-none-eabi/lib/thumb/v7-m/nofp\libg.a(lib_a-wctomb_r.o)
                0x08008e74                __ascii_wctomb
 .text.abort    0x08008e90       0x10 d:/clion_project/gcc-arm-none-eabi-10.3-2021.10/bin/../lib/gcc/arm-none-eabi/10.3.1/../../../../arm-none-eabi/lib/thumb/v7-m/nofp\libg.a(lib_a-abort.o)
                0x08008e90                abort
 .text.raise    0x08008ea0       0x5c d:/clion_project/gcc-arm-none-eabi-10.3-2021.10/bin/../lib/gcc/arm-none-eabi/10.3.1/../../../../arm-none-eabi/lib/thumb/v7-m/nofp\libg.a(lib_a-signal.o)
                0x08008ea0                raise
 .text._kill_r  0x08008efc       0x28 d:/clion_project/gcc-arm-none-eabi-10.3-2021.10/bin/../lib/gcc/arm-none-eabi/10.3.1/../../../../arm-none-eabi/lib/thumb/v7-m/nofp\libg.a(lib_a-signalr.o)
                0x08008efc                _kill_r
 .text._getpid_r
                0x08008f24        0x4 d:/clion_project/gcc-arm-none-eabi-10.3-2021.10/bin/../lib/gcc/arm-none-eabi/10.3.1/../../../../arm-none-eabi/lib/thumb/v7-m/nofp\libg.a(lib_a-signalr.o)
                0x08008f24                _getpid_r
 *(.glue_7)
 .glue_7        0x08008f28        0x0 linker stubs
 *(.glue_7t)
 .glue_7t       0x08008f28        0x0 linker stubs
 *(.eh_frame)
 .eh_frame      0x08008f28        0x0 d:/clion_project/gcc-arm-none-eabi-10.3-2021.10/bin/../lib/gcc/arm-none-eabi/10.3.1/thumb/v7-m/nofp/crtbegin.o
 *(.init)
 .init          0x08008f28        0x4 d:/clion_project/gcc-arm-none-eabi-10.3-2021.10/bin/../lib/gcc/arm-none-eabi/10.3.1/thumb/v7-m/nofp/crti.o
                0x08008f28                _init
 .init          0x08008f2c        0x8 d:/clion_project/gcc-arm-none-eabi-10.3-2021.10/bin/../lib/gcc/arm-none-eabi/10.3.1/thumb/v7-m/nofp/crtn.o
 *(.fini)
 .fini          0x08008f34        0x4 d:/clion_project/gcc-arm-none-eabi-10.3-2021.10/bin/../lib/gcc/arm-none-eabi/10.3.1/thumb/v7-m/nofp/crti.o
                0x08008f34                _fini
 .fini          0x08008f38        0x8 d:/clion_project/gcc-arm-none-eabi-10.3-2021.10/bin/../lib/gcc/arm-none-eabi/10.3.1/thumb/v7-m/nofp/crtn.o
                0x08008f40                . = ALIGN (0x4)
                0x08008f40                _etext = .

.vfp11_veneer   0x08008f40        0x0
 .vfp11_veneer  0x08008f40        0x0 linker stubs

.v4_bx          0x08008f40        0x0
 .v4_bx         0x08008f40        0x0 linker stubs

.iplt           0x08008f40        0x0
 .iplt          0x08008f40        0x0 d:/clion_project/gcc-arm-none-eabi-10.3-2021.10/bin/../lib/gcc/arm-none-eabi/10.3.1/thumb/v7-m/nofp/crtbegin.o

.rodata         0x08008f40      0x440
                0x08008f40                . = ALIGN (0x4)
 *(.rodata)
 *(.rodata*)
 .rodata.main.str1.4
                0x08008f40       0x13 CMakeFiles/new_template.elf.dir/Core/Src/main.c.obj
 *fill*         0x08008f53        0x1 
 .rodata.AHBPrescTable
                0x08008f54       0x10 CMakeFiles/new_template.elf.dir/Core/Src/system_stm32f1xx.c.obj
                0x08008f54                AHBPrescTable
 .rodata.APBPrescTable
                0x08008f64        0x8 CMakeFiles/new_template.elf.dir/Core/Src/system_stm32f1xx.c.obj
                0x08008f64                APBPrescTable
 .rodata.HAL_RCC_GetSysClockFreq.str1.4
                0x08008f6c       0x11 CMakeFiles/new_template.elf.dir/Drivers/STM32F1xx_HAL_Driver/Src/stm32f1xx_hal_rcc.c.obj
 *fill*         0x08008f7d        0x3 
 .rodata._global_impure_ptr
                0x08008f80        0x4 d:/clion_project/gcc-arm-none-eabi-10.3-2021.10/bin/../lib/gcc/arm-none-eabi/10.3.1/../../../../arm-none-eabi/lib/thumb/v7-m/nofp\libg.a(lib_a-impure.o)
                0x08008f80                _global_impure_ptr
 .rodata._puts_r.str1.4
                0x08008f84        0x2 d:/clion_project/gcc-arm-none-eabi-10.3-2021.10/bin/../lib/gcc/arm-none-eabi/10.3.1/../../../../arm-none-eabi/lib/thumb/v7-m/nofp\libg.a(lib_a-puts.o)
 *fill*         0x08008f86        0x2 
 .rodata._vfprintf_r.str1.4
                0x08008f88       0x42 d:/clion_project/gcc-arm-none-eabi-10.3-2021.10/bin/../lib/gcc/arm-none-eabi/10.3.1/../../../../arm-none-eabi/lib/thumb/v7-m/nofp\libg.a(lib_a-vfprintf.o)
 *fill*         0x08008fca        0x2 
 .rodata.blanks.1
                0x08008fcc       0x10 d:/clion_project/gcc-arm-none-eabi-10.3-2021.10/bin/../lib/gcc/arm-none-eabi/10.3.1/../../../../arm-none-eabi/lib/thumb/v7-m/nofp\libg.a(lib_a-vfprintf.o)
 .rodata.zeroes.0
                0x08008fdc       0x10 d:/clion_project/gcc-arm-none-eabi-10.3-2021.10/bin/../lib/gcc/arm-none-eabi/10.3.1/../../../../arm-none-eabi/lib/thumb/v7-m/nofp\libg.a(lib_a-vfprintf.o)
 .rodata._dtoa_r.str1.4
                0x08008fec       0xa2 d:/clion_project/gcc-arm-none-eabi-10.3-2021.10/bin/../lib/gcc/arm-none-eabi/10.3.1/../../../../arm-none-eabi/lib/thumb/v7-m/nofp\libg.a(lib_a-dtoa.o)
                                 0xa6 (size before relaxing)
 *fill*         0x0800908e        0x2 
 .rodata.__multadd.str1.4
                0x08009090       0x7f d:/clion_project/gcc-arm-none-eabi-10.3-2021.10/bin/../lib/gcc/arm-none-eabi/10.3.1/../../../../arm-none-eabi/lib/thumb/v7-m/nofp\libg.a(lib_a-mprec.o)
                                 0x93 (size before relaxing)
 *fill*         0x0800910f        0x1 
 .rodata.__mprec_bigtens
                0x08009110       0x28 d:/clion_project/gcc-arm-none-eabi-10.3-2021.10/bin/../lib/gcc/arm-none-eabi/10.3.1/../../../../arm-none-eabi/lib/thumb/v7-m/nofp\libg.a(lib_a-mprec.o)
                0x08009110                __mprec_bigtens
 .rodata.__mprec_tens
                0x08009138       0xc8 d:/clion_project/gcc-arm-none-eabi-10.3-2021.10/bin/../lib/gcc/arm-none-eabi/10.3.1/../../../../arm-none-eabi/lib/thumb/v7-m/nofp\libg.a(lib_a-mprec.o)
                0x08009138                __mprec_tens
 .rodata.p05.0  0x08009200        0xc d:/clion_project/gcc-arm-none-eabi-10.3-2021.10/bin/../lib/gcc/arm-none-eabi/10.3.1/../../../../arm-none-eabi/lib/thumb/v7-m/nofp\libg.a(lib_a-mprec.o)
 .rodata._vfiprintf_r.str1.4
                0x0800920c       0x2f d:/clion_project/gcc-arm-none-eabi-10.3-2021.10/bin/../lib/gcc/arm-none-eabi/10.3.1/../../../../arm-none-eabi/lib/thumb/v7-m/nofp\libg.a(lib_a-vfiprintf.o)
 .rodata.blanks.1
                0x0800920c       0x10 d:/clion_project/gcc-arm-none-eabi-10.3-2021.10/bin/../lib/gcc/arm-none-eabi/10.3.1/../../../../arm-none-eabi/lib/thumb/v7-m/nofp\libg.a(lib_a-vfiprintf.o)
 .rodata.zeroes.0
                0x0800921c       0x10 d:/clion_project/gcc-arm-none-eabi-10.3-2021.10/bin/../lib/gcc/arm-none-eabi/10.3.1/../../../../arm-none-eabi/lib/thumb/v7-m/nofp\libg.a(lib_a-vfiprintf.o)
 .rodata.__assert_func.str1.4
                0x0800922c       0x3f d:/clion_project/gcc-arm-none-eabi-10.3-2021.10/bin/../lib/gcc/arm-none-eabi/10.3.1/../../../../arm-none-eabi/lib/thumb/v7-m/nofp\libg.a(lib_a-assert.o)
                                 0x43 (size before relaxing)
 *fill*         0x0800926b        0x1 
 .rodata._setlocale_r.str1.4
                0x0800926c        0xa d:/clion_project/gcc-arm-none-eabi-10.3-2021.10/bin/../lib/gcc/arm-none-eabi/10.3.1/../../../../arm-none-eabi/lib/thumb/v7-m/nofp\libg.a(lib_a-locale.o)
                                  0xd (size before relaxing)
 *fill*         0x08009276        0x2 
 .rodata.str1.4
                0x08009278        0x2 d:/clion_project/gcc-arm-none-eabi-10.3-2021.10/bin/../lib/gcc/arm-none-eabi/10.3.1/../../../../arm-none-eabi/lib/thumb/v7-m/nofp\libg.a(lib_a-locale.o)
 *fill*         0x0800927a        0x2 
 .rodata._ctype_
                0x0800927c      0x101 d:/clion_project/gcc-arm-none-eabi-10.3-2021.10/bin/../lib/gcc/arm-none-eabi/10.3.1/../../../../arm-none-eabi/lib/thumb/v7-m/nofp\libg.a(lib_a-ctype_.o)
                0x0800927c                _ctype_
                0x08009380                . = ALIGN (0x4)
 *fill*         0x0800937d        0x3 

.ARM.extab
 *(.ARM.extab* .gnu.linkonce.armextab.*)

.ARM            0x08009380        0x8
                0x08009380                __exidx_start = .
 *(.ARM.exidx*)
 .ARM.exidx     0x08009380        0x8 d:/clion_project/gcc-arm-none-eabi-10.3-2021.10/bin/../lib/gcc/arm-none-eabi/10.3.1/thumb/v7-m/nofp\libgcc.a(_udivmoddi4.o)
                0x08009388                __exidx_end = .

.rel.dyn        0x08009388        0x0
 .rel.iplt      0x08009388        0x0 d:/clion_project/gcc-arm-none-eabi-10.3-2021.10/bin/../lib/gcc/arm-none-eabi/10.3.1/thumb/v7-m/nofp/crtbegin.o

.preinit_array  0x08009388        0x0
                0x08009388                PROVIDE (__preinit_array_start = .)
 *(.preinit_array*)
                0x08009388                PROVIDE (__preinit_array_end = .)

.init_array     0x08009388        0x8
                0x08009388                PROVIDE (__init_array_start = .)
 *(SORT_BY_NAME(.init_array.*))
 .init_array.00000
                0x08009388        0x4 d:/clion_project/gcc-arm-none-eabi-10.3-2021.10/bin/../lib/gcc/arm-none-eabi/10.3.1/../../../../arm-none-eabi/lib/thumb/v7-m/nofp\libg.a(lib_a-__call_atexit.o)
 *(.init_array*)
 .init_array    0x0800938c        0x4 d:/clion_project/gcc-arm-none-eabi-10.3-2021.10/bin/../lib/gcc/arm-none-eabi/10.3.1/thumb/v7-m/nofp/crtbegin.o
                0x08009390                PROVIDE (__init_array_end = .)

.fini_array     0x08009390        0x4
                0x08009390                PROVIDE (__fini_array_start = .)
 *(SORT_BY_NAME(.fini_array.*))
 *(.fini_array*)
 .fini_array    0x08009390        0x4 d:/clion_project/gcc-arm-none-eabi-10.3-2021.10/bin/../lib/gcc/arm-none-eabi/10.3.1/thumb/v7-m/nofp/crtbegin.o
                0x08009394                PROVIDE (__fini_array_end = .)
                0x08009394                _sidata = LOADADDR (.data)

.data           0x20000000      0x9b8 load address 0x08009394
                0x20000000                . = ALIGN (0x4)
                0x20000000                _sdata = .
 *(.data)
 *(.data*)
 .data.SystemCoreClock
                0x20000000        0x4 CMakeFiles/new_template.elf.dir/Core/Src/system_stm32f1xx.c.obj
                0x20000000                SystemCoreClock
 .data.uwTickFreq
                0x20000004        0x1 CMakeFiles/new_template.elf.dir/Drivers/STM32F1xx_HAL_Driver/Src/stm32f1xx_hal.c.obj
                0x20000004                uwTickFreq
 *fill*         0x20000005        0x3 
 .data.uwTickPrio
                0x20000008        0x4 CMakeFiles/new_template.elf.dir/Drivers/STM32F1xx_HAL_Driver/Src/stm32f1xx_hal.c.obj
                0x20000008                uwTickPrio
 .data._impure_ptr
                0x2000000c        0x4 d:/clion_project/gcc-arm-none-eabi-10.3-2021.10/bin/../lib/gcc/arm-none-eabi/10.3.1/../../../../arm-none-eabi/lib/thumb/v7-m/nofp\libg.a(lib_a-impure.o)
                0x2000000c                _impure_ptr
 .data.impure_data
                0x20000010      0x428 d:/clion_project/gcc-arm-none-eabi-10.3-2021.10/bin/../lib/gcc/arm-none-eabi/10.3.1/../../../../arm-none-eabi/lib/thumb/v7-m/nofp\libg.a(lib_a-impure.o)
 .data.__atexit_recursive_mutex
                0x20000438        0x4 d:/clion_project/gcc-arm-none-eabi-10.3-2021.10/bin/../lib/gcc/arm-none-eabi/10.3.1/../../../../arm-none-eabi/lib/thumb/v7-m/nofp\libg.a(lib_a-__call_atexit.o)
                0x20000438                __atexit_recursive_mutex
 .data.__malloc_av_
                0x2000043c      0x408 d:/clion_project/gcc-arm-none-eabi-10.3-2021.10/bin/../lib/gcc/arm-none-eabi/10.3.1/../../../../arm-none-eabi/lib/thumb/v7-m/nofp\libg.a(lib_a-mallocr.o)
                0x2000043c                __malloc_av_
 .data.__malloc_sbrk_base
                0x20000844        0x4 d:/clion_project/gcc-arm-none-eabi-10.3-2021.10/bin/../lib/gcc/arm-none-eabi/10.3.1/../../../../arm-none-eabi/lib/thumb/v7-m/nofp\libg.a(lib_a-mallocr.o)
                0x20000844                __malloc_sbrk_base
 .data.__malloc_trim_threshold
                0x20000848        0x4 d:/clion_project/gcc-arm-none-eabi-10.3-2021.10/bin/../lib/gcc/arm-none-eabi/10.3.1/../../../../arm-none-eabi/lib/thumb/v7-m/nofp\libg.a(lib_a-mallocr.o)
                0x20000848                __malloc_trim_threshold
 .data.__global_locale
                0x2000084c      0x16c d:/clion_project/gcc-arm-none-eabi-10.3-2021.10/bin/../lib/gcc/arm-none-eabi/10.3.1/../../../../arm-none-eabi/lib/thumb/v7-m/nofp\libg.a(lib_a-locale.o)
                0x2000084c                __global_locale
                0x200009b8                . = ALIGN (0x4)
                0x200009b8                _edata = .

.igot.plt       0x200009b8        0x0 load address 0x08009d4c
 .igot.plt      0x200009b8        0x0 d:/clion_project/gcc-arm-none-eabi-10.3-2021.10/bin/../lib/gcc/arm-none-eabi/10.3.1/thumb/v7-m/nofp/crtbegin.o
                0x200009b8                . = ALIGN (0x4)

.bss            0x200009b8      0x194 load address 0x08009d4c
                0x200009b8                _sbss = .
                0x200009b8                __bss_start__ = _sbss
 *(.bss)
 .bss           0x200009b8       0x1c d:/clion_project/gcc-arm-none-eabi-10.3-2021.10/bin/../lib/gcc/arm-none-eabi/10.3.1/thumb/v7-m/nofp/crtbegin.o
 *(.bss*)
 .bss.gHuart    0x200009d4        0x4 CMakeFiles/new_template.elf.dir/Core/Src/retarget.c.obj
                0x200009d4                gHuart
 .bss.heap_end.0
                0x200009d8        0x4 CMakeFiles/new_template.elf.dir/Core/Src/syscalls.c.obj
 .bss.g_timxchy_pwmin_cval
                0x200009dc        0x4 CMakeFiles/new_template.elf.dir/Core/Src/tim.c.obj
                0x200009dc                g_timxchy_pwmin_cval
 .bss.g_timxchy_pwmin_hval
                0x200009e0        0x4 CMakeFiles/new_template.elf.dir/Core/Src/tim.c.obj
                0x200009e0                g_timxchy_pwmin_hval
 .bss.g_timxchy_pwmin_sta
                0x200009e4        0x1 CMakeFiles/new_template.elf.dir/Core/Src/tim.c.obj
                0x200009e4                g_timxchy_pwmin_sta
 *fill*         0x200009e5        0x3 
 .bss.htim6     0x200009e8       0x48 CMakeFiles/new_template.elf.dir/Core/Src/tim.c.obj
                0x200009e8                htim6
 .bss.htim8     0x20000a30       0x48 CMakeFiles/new_template.elf.dir/Core/Src/tim.c.obj
                0x20000a30                htim8
 .bss.hdma_usart1_rx
                0x20000a78       0x44 CMakeFiles/new_template.elf.dir/Core/Src/usart.c.obj
                0x20000a78                hdma_usart1_rx
 .bss.huart1    0x20000abc       0x44 CMakeFiles/new_template.elf.dir/Core/Src/usart.c.obj
                0x20000abc                huart1
 .bss.uwTick    0x20000b00        0x4 CMakeFiles/new_template.elf.dir/Drivers/STM32F1xx_HAL_Driver/Src/stm32f1xx_hal.c.obj
                0x20000b00                uwTick
 .bss.__lock___atexit_recursive_mutex
                0x20000b04        0x1 d:/clion_project/gcc-arm-none-eabi-10.3-2021.10/bin/../lib/gcc/arm-none-eabi/10.3.1/../../../../arm-none-eabi/lib/thumb/v7-m/nofp\libg.a(lib_a-lock.o)
                0x20000b04                __lock___atexit_recursive_mutex
 *fill*         0x20000b05        0x3 
 .bss.__lock___malloc_recursive_mutex
                0x20000b08        0x1 d:/clion_project/gcc-arm-none-eabi-10.3-2021.10/bin/../lib/gcc/arm-none-eabi/10.3.1/../../../../arm-none-eabi/lib/thumb/v7-m/nofp\libg.a(lib_a-lock.o)
                0x20000b08                __lock___malloc_recursive_mutex
 *fill*         0x20000b09        0x3 
 .bss.__lock___sfp_recursive_mutex
                0x20000b0c        0x1 d:/clion_project/gcc-arm-none-eabi-10.3-2021.10/bin/../lib/gcc/arm-none-eabi/10.3.1/../../../../arm-none-eabi/lib/thumb/v7-m/nofp\libg.a(lib_a-lock.o)
                0x20000b0c                __lock___sfp_recursive_mutex
 *fill*         0x20000b0d        0x3 
 .bss.__lock___sinit_recursive_mutex
                0x20000b10        0x1 d:/clion_project/gcc-arm-none-eabi-10.3-2021.10/bin/../lib/gcc/arm-none-eabi/10.3.1/../../../../arm-none-eabi/lib/thumb/v7-m/nofp\libg.a(lib_a-lock.o)
                0x20000b10                __lock___sinit_recursive_mutex
 *fill*         0x20000b11        0x3 
 .bss.__malloc_current_mallinfo
                0x20000b14       0x28 d:/clion_project/gcc-arm-none-eabi-10.3-2021.10/bin/../lib/gcc/arm-none-eabi/10.3.1/../../../../arm-none-eabi/lib/thumb/v7-m/nofp\libg.a(lib_a-mallocr.o)
                0x20000b14                __malloc_current_mallinfo
 .bss.__malloc_max_sbrked_mem
                0x20000b3c        0x4 d:/clion_project/gcc-arm-none-eabi-10.3-2021.10/bin/../lib/gcc/arm-none-eabi/10.3.1/../../../../arm-none-eabi/lib/thumb/v7-m/nofp\libg.a(lib_a-mallocr.o)
                0x20000b3c                __malloc_max_sbrked_mem
 .bss.__malloc_max_total_mem
                0x20000b40        0x4 d:/clion_project/gcc-arm-none-eabi-10.3-2021.10/bin/../lib/gcc/arm-none-eabi/10.3.1/../../../../arm-none-eabi/lib/thumb/v7-m/nofp\libg.a(lib_a-mallocr.o)
                0x20000b40                __malloc_max_total_mem
 .bss.__malloc_top_pad
                0x20000b44        0x4 d:/clion_project/gcc-arm-none-eabi-10.3-2021.10/bin/../lib/gcc/arm-none-eabi/10.3.1/../../../../arm-none-eabi/lib/thumb/v7-m/nofp\libg.a(lib_a-mallocr.o)
                0x20000b44                __malloc_top_pad
 .bss.errno     0x20000b48        0x4 d:/clion_project/gcc-arm-none-eabi-10.3-2021.10/bin/../lib/gcc/arm-none-eabi/10.3.1/../../../../arm-none-eabi/lib/thumb/v7-m/nofp\libg.a(lib_a-reent.o)
                0x20000b48                errno
 *(COMMON)
                0x20000b4c                . = ALIGN (0x4)
                0x20000b4c                _ebss = .
                0x20000b4c                __bss_end__ = _ebss

._user_heap_stack
                0x20000b4c      0x604 load address 0x08009d4c
                0x20000b50                . = ALIGN (0x8)
 *fill*         0x20000b4c        0x4 
                0x20000b50                PROVIDE (end = .)
                [!provide]                PROVIDE (_end = .)
                0x20000d50                . = (. + _Min_Heap_Size)
 *fill*         0x20000b50      0x200 
                0x20001150                . = (. + _Min_Stack_Size)
 *fill*         0x20000d50      0x400 
                0x20001150                . = ALIGN (0x8)

/DISCARD/
 libc.a(*)
 libm.a(*)
 libgcc.a(*)

.ARM.attributes
                0x00000000       0x29
 *(.ARM.attributes)
 .ARM.attributes
                0x00000000       0x1d d:/clion_project/gcc-arm-none-eabi-10.3-2021.10/bin/../lib/gcc/arm-none-eabi/10.3.1/thumb/v7-m/nofp/crti.o
 .ARM.attributes
                0x0000001d       0x2d d:/clion_project/gcc-arm-none-eabi-10.3-2021.10/bin/../lib/gcc/arm-none-eabi/10.3.1/thumb/v7-m/nofp/crtbegin.o
 .ARM.attributes
                0x0000004a       0x2d CMakeFiles/new_template.elf.dir/Core/Src/dma.c.obj
 .ARM.attributes
                0x00000077       0x2d CMakeFiles/new_template.elf.dir/Core/Src/gpio.c.obj
 .ARM.attributes
                0x000000a4       0x2d CMakeFiles/new_template.elf.dir/Core/Src/main.c.obj
 .ARM.attributes
                0x000000d1       0x2d CMakeFiles/new_template.elf.dir/Core/Src/retarget.c.obj
 .ARM.attributes
                0x000000fe       0x2d CMakeFiles/new_template.elf.dir/Core/Src/stm32f1xx_hal_msp.c.obj
 .ARM.attributes
                0x0000012b       0x2d CMakeFiles/new_template.elf.dir/Core/Src/stm32f1xx_it.c.obj
 .ARM.attributes
                0x00000158       0x2d CMakeFiles/new_template.elf.dir/Core/Src/syscalls.c.obj
 .ARM.attributes
                0x00000185       0x2d CMakeFiles/new_template.elf.dir/Core/Src/system_stm32f1xx.c.obj
 .ARM.attributes
                0x000001b2       0x2d CMakeFiles/new_template.elf.dir/Core/Src/tim.c.obj
 .ARM.attributes
                0x000001df       0x2d CMakeFiles/new_template.elf.dir/Core/Src/usart.c.obj
 .ARM.attributes
                0x0000020c       0x2d CMakeFiles/new_template.elf.dir/Drivers/STM32F1xx_HAL_Driver/Src/stm32f1xx_hal.c.obj
 .ARM.attributes
                0x00000239       0x2d CMakeFiles/new_template.elf.dir/Drivers/STM32F1xx_HAL_Driver/Src/stm32f1xx_hal_cortex.c.obj
 .ARM.attributes
                0x00000266       0x2d CMakeFiles/new_template.elf.dir/Drivers/STM32F1xx_HAL_Driver/Src/stm32f1xx_hal_dma.c.obj
 .ARM.attributes
                0x00000293       0x2d CMakeFiles/new_template.elf.dir/Drivers/STM32F1xx_HAL_Driver/Src/stm32f1xx_hal_gpio.c.obj
 .ARM.attributes
                0x000002c0       0x2d CMakeFiles/new_template.elf.dir/Drivers/STM32F1xx_HAL_Driver/Src/stm32f1xx_hal_rcc.c.obj
 .ARM.attributes
                0x000002ed       0x2d CMakeFiles/new_template.elf.dir/Drivers/STM32F1xx_HAL_Driver/Src/stm32f1xx_hal_tim.c.obj
 .ARM.attributes
                0x0000031a       0x2d CMakeFiles/new_template.elf.dir/Drivers/STM32F1xx_HAL_Driver/Src/stm32f1xx_hal_tim_ex.c.obj
 .ARM.attributes
                0x00000347       0x2d CMakeFiles/new_template.elf.dir/Drivers/STM32F1xx_HAL_Driver/Src/stm32f1xx_hal_uart.c.obj
 .ARM.attributes
                0x00000374       0x21 CMakeFiles/new_template.elf.dir/startup/startup_stm32f103xe.s.obj
 .ARM.attributes
                0x00000395       0x2d d:/clion_project/gcc-arm-none-eabi-10.3-2021.10/bin/../lib/gcc/arm-none-eabi/10.3.1/../../../../arm-none-eabi/lib/thumb/v7-m/nofp\libg.a(lib_a-errno.o)
 .ARM.attributes
                0x000003c2       0x2d d:/clion_project/gcc-arm-none-eabi-10.3-2021.10/bin/../lib/gcc/arm-none-eabi/10.3.1/../../../../arm-none-eabi/lib/thumb/v7-m/nofp\libg.a(lib_a-impure.o)
 .ARM.attributes
                0x000003ef       0x2d d:/clion_project/gcc-arm-none-eabi-10.3-2021.10/bin/../lib/gcc/arm-none-eabi/10.3.1/../../../../arm-none-eabi/lib/thumb/v7-m/nofp\libg.a(lib_a-init.o)
 .ARM.attributes
                0x0000041c       0x2d d:/clion_project/gcc-arm-none-eabi-10.3-2021.10/bin/../lib/gcc/arm-none-eabi/10.3.1/../../../../arm-none-eabi/lib/thumb/v7-m/nofp\libg.a(lib_a-memset.o)
 .ARM.attributes
                0x00000449       0x2d d:/clion_project/gcc-arm-none-eabi-10.3-2021.10/bin/../lib/gcc/arm-none-eabi/10.3.1/../../../../arm-none-eabi/lib/thumb/v7-m/nofp\libg.a(lib_a-printf.o)
 .ARM.attributes
                0x00000476       0x2d d:/clion_project/gcc-arm-none-eabi-10.3-2021.10/bin/../lib/gcc/arm-none-eabi/10.3.1/../../../../arm-none-eabi/lib/thumb/v7-m/nofp\libg.a(lib_a-puts.o)
 .ARM.attributes
                0x000004a3       0x2d d:/clion_project/gcc-arm-none-eabi-10.3-2021.10/bin/../lib/gcc/arm-none-eabi/10.3.1/../../../../arm-none-eabi/lib/thumb/v7-m/nofp\libg.a(lib_a-setvbuf.o)
 .ARM.attributes
                0x000004d0       0x2d d:/clion_project/gcc-arm-none-eabi-10.3-2021.10/bin/../lib/gcc/arm-none-eabi/10.3.1/../../../../arm-none-eabi/lib/thumb/v7-m/nofp\libg.a(lib_a-strlen-stub.o)
 .ARM.attributes
                0x000004fd       0x2d d:/clion_project/gcc-arm-none-eabi-10.3-2021.10/bin/../lib/gcc/arm-none-eabi/10.3.1/../../../../arm-none-eabi/lib/thumb/v7-m/nofp\libg.a(lib_a-vfprintf.o)
 .ARM.attributes
                0x0000052a       0x2d d:/clion_project/gcc-arm-none-eabi-10.3-2021.10/bin/../lib/gcc/arm-none-eabi/10.3.1/../../../../arm-none-eabi/lib/thumb/v7-m/nofp\libg.a(lib_a-wsetup.o)
 .ARM.attributes
                0x00000557       0x2d d:/clion_project/gcc-arm-none-eabi-10.3-2021.10/bin/../lib/gcc/arm-none-eabi/10.3.1/../../../../arm-none-eabi/lib/thumb/v7-m/nofp\libg.a(lib_a-__call_atexit.o)
 .ARM.attributes
                0x00000584       0x2d d:/clion_project/gcc-arm-none-eabi-10.3-2021.10/bin/../lib/gcc/arm-none-eabi/10.3.1/../../../../arm-none-eabi/lib/thumb/v7-m/nofp\libg.a(lib_a-atexit.o)
 .ARM.attributes
                0x000005b1       0x2d d:/clion_project/gcc-arm-none-eabi-10.3-2021.10/bin/../lib/gcc/arm-none-eabi/10.3.1/../../../../arm-none-eabi/lib/thumb/v7-m/nofp\libg.a(lib_a-dtoa.o)
 .ARM.attributes
                0x000005de       0x2d d:/clion_project/gcc-arm-none-eabi-10.3-2021.10/bin/../lib/gcc/arm-none-eabi/10.3.1/../../../../arm-none-eabi/lib/thumb/v7-m/nofp\libg.a(lib_a-fflush.o)
 .ARM.attributes
                0x0000060b       0x2d d:/clion_project/gcc-arm-none-eabi-10.3-2021.10/bin/../lib/gcc/arm-none-eabi/10.3.1/../../../../arm-none-eabi/lib/thumb/v7-m/nofp\libg.a(lib_a-findfp.o)
 .ARM.attributes
                0x00000638       0x2d d:/clion_project/gcc-arm-none-eabi-10.3-2021.10/bin/../lib/gcc/arm-none-eabi/10.3.1/../../../../arm-none-eabi/lib/thumb/v7-m/nofp\libg.a(lib_a-fini.o)
 .ARM.attributes
                0x00000665       0x2d d:/clion_project/gcc-arm-none-eabi-10.3-2021.10/bin/../lib/gcc/arm-none-eabi/10.3.1/../../../../arm-none-eabi/lib/thumb/v7-m/nofp\libg.a(lib_a-freer.o)
 .ARM.attributes
                0x00000692       0x2d d:/clion_project/gcc-arm-none-eabi-10.3-2021.10/bin/../lib/gcc/arm-none-eabi/10.3.1/../../../../arm-none-eabi/lib/thumb/v7-m/nofp\libg.a(lib_a-fvwrite.o)
 .ARM.attributes
                0x000006bf       0x2d d:/clion_project/gcc-arm-none-eabi-10.3-2021.10/bin/../lib/gcc/arm-none-eabi/10.3.1/../../../../arm-none-eabi/lib/thumb/v7-m/nofp\libg.a(lib_a-fwalk.o)
 .ARM.attributes
                0x000006ec       0x2d d:/clion_project/gcc-arm-none-eabi-10.3-2021.10/bin/../lib/gcc/arm-none-eabi/10.3.1/../../../../arm-none-eabi/lib/thumb/v7-m/nofp\libg.a(lib_a-localeconv.o)
 .ARM.attributes
                0x00000719       0x2d d:/clion_project/gcc-arm-none-eabi-10.3-2021.10/bin/../lib/gcc/arm-none-eabi/10.3.1/../../../../arm-none-eabi/lib/thumb/v7-m/nofp\libg.a(lib_a-lock.o)
 .ARM.attributes
                0x00000746       0x2d d:/clion_project/gcc-arm-none-eabi-10.3-2021.10/bin/../lib/gcc/arm-none-eabi/10.3.1/../../../../arm-none-eabi/lib/thumb/v7-m/nofp\libg.a(lib_a-makebuf.o)
 .ARM.attributes
                0x00000773       0x2d d:/clion_project/gcc-arm-none-eabi-10.3-2021.10/bin/../lib/gcc/arm-none-eabi/10.3.1/../../../../arm-none-eabi/lib/thumb/v7-m/nofp\libg.a(lib_a-malloc.o)
 .ARM.attributes
                0x000007a0       0x2d d:/clion_project/gcc-arm-none-eabi-10.3-2021.10/bin/../lib/gcc/arm-none-eabi/10.3.1/../../../../arm-none-eabi/lib/thumb/v7-m/nofp\libg.a(lib_a-mallocr.o)
 .ARM.attributes
                0x000007cd       0x2d d:/clion_project/gcc-arm-none-eabi-10.3-2021.10/bin/../lib/gcc/arm-none-eabi/10.3.1/../../../../arm-none-eabi/lib/thumb/v7-m/nofp\libg.a(lib_a-memchr-stub.o)
 .ARM.attributes
                0x000007fa       0x1b d:/clion_project/gcc-arm-none-eabi-10.3-2021.10/bin/../lib/gcc/arm-none-eabi/10.3.1/../../../../arm-none-eabi/lib/thumb/v7-m/nofp\libg.a(lib_a-memcpy.o)
 .ARM.attributes
                0x00000815       0x2d d:/clion_project/gcc-arm-none-eabi-10.3-2021.10/bin/../lib/gcc/arm-none-eabi/10.3.1/../../../../arm-none-eabi/lib/thumb/v7-m/nofp\libg.a(lib_a-memmove.o)
 .ARM.attributes
                0x00000842       0x2d d:/clion_project/gcc-arm-none-eabi-10.3-2021.10/bin/../lib/gcc/arm-none-eabi/10.3.1/../../../../arm-none-eabi/lib/thumb/v7-m/nofp\libg.a(lib_a-mlock.o)
 .ARM.attributes
                0x0000086f       0x2d d:/clion_project/gcc-arm-none-eabi-10.3-2021.10/bin/../lib/gcc/arm-none-eabi/10.3.1/../../../../arm-none-eabi/lib/thumb/v7-m/nofp\libg.a(lib_a-mprec.o)
 .ARM.attributes
                0x0000089c       0x2d d:/clion_project/gcc-arm-none-eabi-10.3-2021.10/bin/../lib/gcc/arm-none-eabi/10.3.1/../../../../arm-none-eabi/lib/thumb/v7-m/nofp\libg.a(lib_a-reallocr.o)
 .ARM.attributes
                0x000008c9       0x2d d:/clion_project/gcc-arm-none-eabi-10.3-2021.10/bin/../lib/gcc/arm-none-eabi/10.3.1/../../../../arm-none-eabi/lib/thumb/v7-m/nofp\libg.a(lib_a-s_frexp.o)
 .ARM.attributes
                0x000008f6       0x2d d:/clion_project/gcc-arm-none-eabi-10.3-2021.10/bin/../lib/gcc/arm-none-eabi/10.3.1/../../../../arm-none-eabi/lib/thumb/v7-m/nofp\libg.a(lib_a-sbrkr.o)
 .ARM.attributes
                0x00000923       0x2d d:/clion_project/gcc-arm-none-eabi-10.3-2021.10/bin/../lib/gcc/arm-none-eabi/10.3.1/../../../../arm-none-eabi/lib/thumb/v7-m/nofp\libg.a(lib_a-stdio.o)
 .ARM.attributes
                0x00000950       0x2d d:/clion_project/gcc-arm-none-eabi-10.3-2021.10/bin/../lib/gcc/arm-none-eabi/10.3.1/../../../../arm-none-eabi/lib/thumb/v7-m/nofp\libg.a(lib_a-strncpy.o)
 .ARM.attributes
                0x0000097d       0x2d d:/clion_project/gcc-arm-none-eabi-10.3-2021.10/bin/../lib/gcc/arm-none-eabi/10.3.1/../../../../arm-none-eabi/lib/thumb/v7-m/nofp\libg.a(lib_a-vfiprintf.o)
 .ARM.attributes
                0x000009aa       0x2d d:/clion_project/gcc-arm-none-eabi-10.3-2021.10/bin/../lib/gcc/arm-none-eabi/10.3.1/../../../../arm-none-eabi/lib/thumb/v7-m/nofp\libg.a(lib_a-writer.o)
 .ARM.attributes
                0x000009d7       0x2d d:/clion_project/gcc-arm-none-eabi-10.3-2021.10/bin/../lib/gcc/arm-none-eabi/10.3.1/../../../../arm-none-eabi/lib/thumb/v7-m/nofp\libg.a(lib_a-__atexit.o)
 .ARM.attributes
                0x00000a04       0x2d d:/clion_project/gcc-arm-none-eabi-10.3-2021.10/bin/../lib/gcc/arm-none-eabi/10.3.1/../../../../arm-none-eabi/lib/thumb/v7-m/nofp\libg.a(lib_a-assert.o)
 .ARM.attributes
                0x00000a31       0x2d d:/clion_project/gcc-arm-none-eabi-10.3-2021.10/bin/../lib/gcc/arm-none-eabi/10.3.1/../../../../arm-none-eabi/lib/thumb/v7-m/nofp\libg.a(lib_a-callocr.o)
 .ARM.attributes
                0x00000a5e       0x2d d:/clion_project/gcc-arm-none-eabi-10.3-2021.10/bin/../lib/gcc/arm-none-eabi/10.3.1/../../../../arm-none-eabi/lib/thumb/v7-m/nofp\libg.a(lib_a-closer.o)
 .ARM.attributes
                0x00000a8b       0x2d d:/clion_project/gcc-arm-none-eabi-10.3-2021.10/bin/../lib/gcc/arm-none-eabi/10.3.1/../../../../arm-none-eabi/lib/thumb/v7-m/nofp\libg.a(lib_a-fclose.o)
 .ARM.attributes
                0x00000ab8       0x2d d:/clion_project/gcc-arm-none-eabi-10.3-2021.10/bin/../lib/gcc/arm-none-eabi/10.3.1/../../../../arm-none-eabi/lib/thumb/v7-m/nofp\libg.a(lib_a-fiprintf.o)
 .ARM.attributes
                0x00000ae5       0x2d d:/clion_project/gcc-arm-none-eabi-10.3-2021.10/bin/../lib/gcc/arm-none-eabi/10.3.1/../../../../arm-none-eabi/lib/thumb/v7-m/nofp\libg.a(lib_a-fputwc.o)
 .ARM.attributes
                0x00000b12       0x2d d:/clion_project/gcc-arm-none-eabi-10.3-2021.10/bin/../lib/gcc/arm-none-eabi/10.3.1/../../../../arm-none-eabi/lib/thumb/v7-m/nofp\libg.a(lib_a-fstatr.o)
 .ARM.attributes
                0x00000b3f       0x2d d:/clion_project/gcc-arm-none-eabi-10.3-2021.10/bin/../lib/gcc/arm-none-eabi/10.3.1/../../../../arm-none-eabi/lib/thumb/v7-m/nofp\libg.a(lib_a-isattyr.o)
 .ARM.attributes
                0x00000b6c       0x2d d:/clion_project/gcc-arm-none-eabi-10.3-2021.10/bin/../lib/gcc/arm-none-eabi/10.3.1/../../../../arm-none-eabi/lib/thumb/v7-m/nofp\libg.a(lib_a-locale.o)
 .ARM.attributes
                0x00000b99       0x2d d:/clion_project/gcc-arm-none-eabi-10.3-2021.10/bin/../lib/gcc/arm-none-eabi/10.3.1/../../../../arm-none-eabi/lib/thumb/v7-m/nofp\libg.a(lib_a-lseekr.o)
 .ARM.attributes
                0x00000bc6       0x2d d:/clion_project/gcc-arm-none-eabi-10.3-2021.10/bin/../lib/gcc/arm-none-eabi/10.3.1/../../../../arm-none-eabi/lib/thumb/v7-m/nofp\libg.a(lib_a-mbtowc_r.o)
 .ARM.attributes
                0x00000bf3       0x2d d:/clion_project/gcc-arm-none-eabi-10.3-2021.10/bin/../lib/gcc/arm-none-eabi/10.3.1/../../../../arm-none-eabi/lib/thumb/v7-m/nofp\libg.a(lib_a-readr.o)
 .ARM.attributes
                0x00000c20       0x2d d:/clion_project/gcc-arm-none-eabi-10.3-2021.10/bin/../lib/gcc/arm-none-eabi/10.3.1/../../../../arm-none-eabi/lib/thumb/v7-m/nofp\libg.a(lib_a-reent.o)
 .ARM.attributes
                0x00000c4d       0x2d d:/clion_project/gcc-arm-none-eabi-10.3-2021.10/bin/../lib/gcc/arm-none-eabi/10.3.1/../../../../arm-none-eabi/lib/thumb/v7-m/nofp\libg.a(lib_a-wbuf.o)
 .ARM.attributes
                0x00000c7a       0x2d d:/clion_project/gcc-arm-none-eabi-10.3-2021.10/bin/../lib/gcc/arm-none-eabi/10.3.1/../../../../arm-none-eabi/lib/thumb/v7-m/nofp\libg.a(lib_a-wcrtomb.o)
 .ARM.attributes
                0x00000ca7       0x2d d:/clion_project/gcc-arm-none-eabi-10.3-2021.10/bin/../lib/gcc/arm-none-eabi/10.3.1/../../../../arm-none-eabi/lib/thumb/v7-m/nofp\libg.a(lib_a-wctomb_r.o)
 .ARM.attributes
                0x00000cd4       0x2d d:/clion_project/gcc-arm-none-eabi-10.3-2021.10/bin/../lib/gcc/arm-none-eabi/10.3.1/../../../../arm-none-eabi/lib/thumb/v7-m/nofp\libg.a(lib_a-abort.o)
 .ARM.attributes
                0x00000d01       0x2d d:/clion_project/gcc-arm-none-eabi-10.3-2021.10/bin/../lib/gcc/arm-none-eabi/10.3.1/../../../../arm-none-eabi/lib/thumb/v7-m/nofp\libg.a(lib_a-ctype_.o)
 .ARM.attributes
                0x00000d2e       0x2d d:/clion_project/gcc-arm-none-eabi-10.3-2021.10/bin/../lib/gcc/arm-none-eabi/10.3.1/../../../../arm-none-eabi/lib/thumb/v7-m/nofp\libg.a(lib_a-signal.o)
 .ARM.attributes
                0x00000d5b       0x2d d:/clion_project/gcc-arm-none-eabi-10.3-2021.10/bin/../lib/gcc/arm-none-eabi/10.3.1/../../../../arm-none-eabi/lib/thumb/v7-m/nofp\libg.a(lib_a-signalr.o)
 .ARM.attributes
                0x00000d88       0x1d d:/clion_project/gcc-arm-none-eabi-10.3-2021.10/bin/../lib/gcc/arm-none-eabi/10.3.1/thumb/v7-m/nofp\libgcc.a(_arm_addsubdf3.o)
 .ARM.attributes
                0x00000da5       0x1d d:/clion_project/gcc-arm-none-eabi-10.3-2021.10/bin/../lib/gcc/arm-none-eabi/10.3.1/thumb/v7-m/nofp\libgcc.a(_arm_muldivdf3.o)
 .ARM.attributes
                0x00000dc2       0x1d d:/clion_project/gcc-arm-none-eabi-10.3-2021.10/bin/../lib/gcc/arm-none-eabi/10.3.1/thumb/v7-m/nofp\libgcc.a(_arm_cmpdf2.o)
 .ARM.attributes
                0x00000ddf       0x1d d:/clion_project/gcc-arm-none-eabi-10.3-2021.10/bin/../lib/gcc/arm-none-eabi/10.3.1/thumb/v7-m/nofp\libgcc.a(_arm_unorddf2.o)
 .ARM.attributes
                0x00000dfc       0x1d d:/clion_project/gcc-arm-none-eabi-10.3-2021.10/bin/../lib/gcc/arm-none-eabi/10.3.1/thumb/v7-m/nofp\libgcc.a(_arm_fixdfsi.o)
 .ARM.attributes
                0x00000e19       0x1d d:/clion_project/gcc-arm-none-eabi-10.3-2021.10/bin/../lib/gcc/arm-none-eabi/10.3.1/thumb/v7-m/nofp\libgcc.a(_aeabi_uldivmod.o)
 .ARM.attributes
                0x00000e36       0x2d d:/clion_project/gcc-arm-none-eabi-10.3-2021.10/bin/../lib/gcc/arm-none-eabi/10.3.1/thumb/v7-m/nofp\libgcc.a(_udivmoddi4.o)
 .ARM.attributes
                0x00000e63       0x1d d:/clion_project/gcc-arm-none-eabi-10.3-2021.10/bin/../lib/gcc/arm-none-eabi/10.3.1/thumb/v7-m/nofp\libgcc.a(_dvmd_tls.o)
 .ARM.attributes
                0x00000e80       0x1d d:/clion_project/gcc-arm-none-eabi-10.3-2021.10/bin/../lib/gcc/arm-none-eabi/10.3.1/thumb/v7-m/nofp/crtn.o
OUTPUT(new_template.elf elf32-littlearm)
LOAD linker stubs
LOAD d:/clion_project/gcc-arm-none-eabi-10.3-2021.10/bin/../lib/gcc/arm-none-eabi/10.3.1/../../../../arm-none-eabi/lib/thumb/v7-m/nofp\libc.a
LOAD d:/clion_project/gcc-arm-none-eabi-10.3-2021.10/bin/../lib/gcc/arm-none-eabi/10.3.1/../../../../arm-none-eabi/lib/thumb/v7-m/nofp\libm.a
LOAD d:/clion_project/gcc-arm-none-eabi-10.3-2021.10/bin/../lib/gcc/arm-none-eabi/10.3.1/thumb/v7-m/nofp\libgcc.a

.debug_info     0x00000000     0xf9d4
 .debug_info    0x00000000      0x35a CMakeFiles/new_template.elf.dir/Core/Src/dma.c.obj
 .debug_info    0x0000035a      0x311 CMakeFiles/new_template.elf.dir/Core/Src/gpio.c.obj
 .debug_info    0x0000066b      0x8ad CMakeFiles/new_template.elf.dir/Core/Src/main.c.obj
 .debug_info    0x00000f18     0x12a7 CMakeFiles/new_template.elf.dir/Core/Src/retarget.c.obj
 .debug_info    0x000021bf      0x211 CMakeFiles/new_template.elf.dir/Core/Src/stm32f1xx_hal_msp.c.obj
 .debug_info    0x000023d0      0xa21 CMakeFiles/new_template.elf.dir/Core/Src/stm32f1xx_it.c.obj
 .debug_info    0x00002df1      0x750 CMakeFiles/new_template.elf.dir/Core/Src/syscalls.c.obj
 .debug_info    0x00003541      0x248 CMakeFiles/new_template.elf.dir/Core/Src/system_stm32f1xx.c.obj
 .debug_info    0x00003789     0x169c CMakeFiles/new_template.elf.dir/Core/Src/tim.c.obj
 .debug_info    0x00004e25      0xb30 CMakeFiles/new_template.elf.dir/Core/Src/usart.c.obj
 .debug_info    0x00005955      0x80e CMakeFiles/new_template.elf.dir/Drivers/STM32F1xx_HAL_Driver/Src/stm32f1xx_hal.c.obj
 .debug_info    0x00006163      0xdf0 CMakeFiles/new_template.elf.dir/Drivers/STM32F1xx_HAL_Driver/Src/stm32f1xx_hal_cortex.c.obj
 .debug_info    0x00006f53      0x846 CMakeFiles/new_template.elf.dir/Drivers/STM32F1xx_HAL_Driver/Src/stm32f1xx_hal_dma.c.obj
 .debug_info    0x00007799      0x66f CMakeFiles/new_template.elf.dir/Drivers/STM32F1xx_HAL_Driver/Src/stm32f1xx_hal_gpio.c.obj
 .debug_info    0x00007e08      0xa36 CMakeFiles/new_template.elf.dir/Drivers/STM32F1xx_HAL_Driver/Src/stm32f1xx_hal_rcc.c.obj
 .debug_info    0x0000883e     0x3b00 CMakeFiles/new_template.elf.dir/Drivers/STM32F1xx_HAL_Driver/Src/stm32f1xx_hal_tim.c.obj
 .debug_info    0x0000c33e     0x19e9 CMakeFiles/new_template.elf.dir/Drivers/STM32F1xx_HAL_Driver/Src/stm32f1xx_hal_tim_ex.c.obj
 .debug_info    0x0000dd27     0x1c8b CMakeFiles/new_template.elf.dir/Drivers/STM32F1xx_HAL_Driver/Src/stm32f1xx_hal_uart.c.obj
 .debug_info    0x0000f9b2       0x22 CMakeFiles/new_template.elf.dir/startup/startup_stm32f103xe.s.obj

.debug_abbrev   0x00000000     0x23c1
 .debug_abbrev  0x00000000      0x114 CMakeFiles/new_template.elf.dir/Core/Src/dma.c.obj
 .debug_abbrev  0x00000114      0x13c CMakeFiles/new_template.elf.dir/Core/Src/gpio.c.obj
 .debug_abbrev  0x00000250      0x209 CMakeFiles/new_template.elf.dir/Core/Src/main.c.obj
 .debug_abbrev  0x00000459      0x2b4 CMakeFiles/new_template.elf.dir/Core/Src/retarget.c.obj
 .debug_abbrev  0x0000070d       0xe5 CMakeFiles/new_template.elf.dir/Core/Src/stm32f1xx_hal_msp.c.obj
 .debug_abbrev  0x000007f2      0x195 CMakeFiles/new_template.elf.dir/Core/Src/stm32f1xx_it.c.obj
 .debug_abbrev  0x00000987      0x1da CMakeFiles/new_template.elf.dir/Core/Src/syscalls.c.obj
 .debug_abbrev  0x00000b61      0x13e CMakeFiles/new_template.elf.dir/Core/Src/system_stm32f1xx.c.obj
 .debug_abbrev  0x00000c9f      0x282 CMakeFiles/new_template.elf.dir/Core/Src/tim.c.obj
 .debug_abbrev  0x00000f21      0x203 CMakeFiles/new_template.elf.dir/Core/Src/usart.c.obj
 .debug_abbrev  0x00001124      0x1f4 CMakeFiles/new_template.elf.dir/Drivers/STM32F1xx_HAL_Driver/Src/stm32f1xx_hal.c.obj
 .debug_abbrev  0x00001318      0x341 CMakeFiles/new_template.elf.dir/Drivers/STM32F1xx_HAL_Driver/Src/stm32f1xx_hal_cortex.c.obj
 .debug_abbrev  0x00001659      0x223 CMakeFiles/new_template.elf.dir/Drivers/STM32F1xx_HAL_Driver/Src/stm32f1xx_hal_dma.c.obj
 .debug_abbrev  0x0000187c      0x1e6 CMakeFiles/new_template.elf.dir/Drivers/STM32F1xx_HAL_Driver/Src/stm32f1xx_hal_gpio.c.obj
 .debug_abbrev  0x00001a62      0x27a CMakeFiles/new_template.elf.dir/Drivers/STM32F1xx_HAL_Driver/Src/stm32f1xx_hal_rcc.c.obj
 .debug_abbrev  0x00001cdc      0x23e CMakeFiles/new_template.elf.dir/Drivers/STM32F1xx_HAL_Driver/Src/stm32f1xx_hal_tim.c.obj
 .debug_abbrev  0x00001f1a      0x241 CMakeFiles/new_template.elf.dir/Drivers/STM32F1xx_HAL_Driver/Src/stm32f1xx_hal_tim_ex.c.obj
 .debug_abbrev  0x0000215b      0x254 CMakeFiles/new_template.elf.dir/Drivers/STM32F1xx_HAL_Driver/Src/stm32f1xx_hal_uart.c.obj
 .debug_abbrev  0x000023af       0x12 CMakeFiles/new_template.elf.dir/startup/startup_stm32f103xe.s.obj

.debug_aranges  0x00000000      0xd10
 .debug_aranges
                0x00000000       0x20 CMakeFiles/new_template.elf.dir/Core/Src/dma.c.obj
 .debug_aranges
                0x00000020       0x20 CMakeFiles/new_template.elf.dir/Core/Src/gpio.c.obj
 .debug_aranges
                0x00000040       0x30 CMakeFiles/new_template.elf.dir/Core/Src/main.c.obj
 .debug_aranges
                0x00000070       0x50 CMakeFiles/new_template.elf.dir/Core/Src/retarget.c.obj
 .debug_aranges
                0x000000c0       0x20 CMakeFiles/new_template.elf.dir/Core/Src/stm32f1xx_hal_msp.c.obj
 .debug_aranges
                0x000000e0       0x88 CMakeFiles/new_template.elf.dir/Core/Src/stm32f1xx_it.c.obj
 .debug_aranges
                0x00000168       0x90 CMakeFiles/new_template.elf.dir/Core/Src/syscalls.c.obj
 .debug_aranges
                0x000001f8       0x28 CMakeFiles/new_template.elf.dir/Core/Src/system_stm32f1xx.c.obj
 .debug_aranges
                0x00000220       0x88 CMakeFiles/new_template.elf.dir/Core/Src/tim.c.obj
 .debug_aranges
                0x000002a8       0x30 CMakeFiles/new_template.elf.dir/Core/Src/usart.c.obj
 .debug_aranges
                0x000002d8       0xe0 CMakeFiles/new_template.elf.dir/Drivers/STM32F1xx_HAL_Driver/Src/stm32f1xx_hal.c.obj
 .debug_aranges
                0x000003b8       0x90 CMakeFiles/new_template.elf.dir/Drivers/STM32F1xx_HAL_Driver/Src/stm32f1xx_hal_cortex.c.obj
 .debug_aranges
                0x00000448       0x80 CMakeFiles/new_template.elf.dir/Drivers/STM32F1xx_HAL_Driver/Src/stm32f1xx_hal_dma.c.obj
 .debug_aranges
                0x000004c8       0x58 CMakeFiles/new_template.elf.dir/Drivers/STM32F1xx_HAL_Driver/Src/stm32f1xx_hal_gpio.c.obj
 .debug_aranges
                0x00000520       0x90 CMakeFiles/new_template.elf.dir/Drivers/STM32F1xx_HAL_Driver/Src/stm32f1xx_hal_rcc.c.obj
 .debug_aranges
                0x000005b0      0x3d0 CMakeFiles/new_template.elf.dir/Drivers/STM32F1xx_HAL_Driver/Src/stm32f1xx_hal_tim.c.obj
 .debug_aranges
                0x00000980      0x168 CMakeFiles/new_template.elf.dir/Drivers/STM32F1xx_HAL_Driver/Src/stm32f1xx_hal_tim_ex.c.obj
 .debug_aranges
                0x00000ae8      0x200 CMakeFiles/new_template.elf.dir/Drivers/STM32F1xx_HAL_Driver/Src/stm32f1xx_hal_uart.c.obj
 .debug_aranges
                0x00000ce8       0x28 CMakeFiles/new_template.elf.dir/startup/startup_stm32f103xe.s.obj

.debug_ranges   0x00000000      0xc68
 .debug_ranges  0x00000000       0x10 CMakeFiles/new_template.elf.dir/Core/Src/dma.c.obj
 .debug_ranges  0x00000010       0x10 CMakeFiles/new_template.elf.dir/Core/Src/gpio.c.obj
 .debug_ranges  0x00000020       0x20 CMakeFiles/new_template.elf.dir/Core/Src/main.c.obj
 .debug_ranges  0x00000040       0x40 CMakeFiles/new_template.elf.dir/Core/Src/retarget.c.obj
 .debug_ranges  0x00000080       0x10 CMakeFiles/new_template.elf.dir/Core/Src/stm32f1xx_hal_msp.c.obj
 .debug_ranges  0x00000090       0x78 CMakeFiles/new_template.elf.dir/Core/Src/stm32f1xx_it.c.obj
 .debug_ranges  0x00000108       0x80 CMakeFiles/new_template.elf.dir/Core/Src/syscalls.c.obj
 .debug_ranges  0x00000188       0x18 CMakeFiles/new_template.elf.dir/Core/Src/system_stm32f1xx.c.obj
 .debug_ranges  0x000001a0       0x78 CMakeFiles/new_template.elf.dir/Core/Src/tim.c.obj
 .debug_ranges  0x00000218       0x20 CMakeFiles/new_template.elf.dir/Core/Src/usart.c.obj
 .debug_ranges  0x00000238       0xd0 CMakeFiles/new_template.elf.dir/Drivers/STM32F1xx_HAL_Driver/Src/stm32f1xx_hal.c.obj
 .debug_ranges  0x00000308       0xe0 CMakeFiles/new_template.elf.dir/Drivers/STM32F1xx_HAL_Driver/Src/stm32f1xx_hal_cortex.c.obj
 .debug_ranges  0x000003e8       0x70 CMakeFiles/new_template.elf.dir/Drivers/STM32F1xx_HAL_Driver/Src/stm32f1xx_hal_dma.c.obj
 .debug_ranges  0x00000458       0x48 CMakeFiles/new_template.elf.dir/Drivers/STM32F1xx_HAL_Driver/Src/stm32f1xx_hal_gpio.c.obj
 .debug_ranges  0x000004a0       0xa0 CMakeFiles/new_template.elf.dir/Drivers/STM32F1xx_HAL_Driver/Src/stm32f1xx_hal_rcc.c.obj
 .debug_ranges  0x00000540      0x3c0 CMakeFiles/new_template.elf.dir/Drivers/STM32F1xx_HAL_Driver/Src/stm32f1xx_hal_tim.c.obj
 .debug_ranges  0x00000900      0x158 CMakeFiles/new_template.elf.dir/Drivers/STM32F1xx_HAL_Driver/Src/stm32f1xx_hal_tim_ex.c.obj
 .debug_ranges  0x00000a58      0x1f0 CMakeFiles/new_template.elf.dir/Drivers/STM32F1xx_HAL_Driver/Src/stm32f1xx_hal_uart.c.obj
 .debug_ranges  0x00000c48       0x20 CMakeFiles/new_template.elf.dir/startup/startup_stm32f103xe.s.obj

.debug_line     0x00000000     0xdaca
 .debug_line    0x00000000      0x219 CMakeFiles/new_template.elf.dir/Core/Src/dma.c.obj
 .debug_line    0x00000219      0x252 CMakeFiles/new_template.elf.dir/Core/Src/gpio.c.obj
 .debug_line    0x0000046b      0x4a0 CMakeFiles/new_template.elf.dir/Core/Src/main.c.obj
 .debug_line    0x0000090b      0x4c2 CMakeFiles/new_template.elf.dir/Core/Src/retarget.c.obj
 .debug_line    0x00000dcd      0x1c3 CMakeFiles/new_template.elf.dir/Core/Src/stm32f1xx_hal_msp.c.obj
 .debug_line    0x00000f90      0x3e1 CMakeFiles/new_template.elf.dir/Core/Src/stm32f1xx_it.c.obj
 .debug_line    0x00001371      0x40e CMakeFiles/new_template.elf.dir/Core/Src/syscalls.c.obj
 .debug_line    0x0000177f      0x28c CMakeFiles/new_template.elf.dir/Core/Src/system_stm32f1xx.c.obj
 .debug_line    0x00001a0b      0x9bc CMakeFiles/new_template.elf.dir/Core/Src/tim.c.obj
 .debug_line    0x000023c7      0x41b CMakeFiles/new_template.elf.dir/Core/Src/usart.c.obj
 .debug_line    0x000027e2      0x5dc CMakeFiles/new_template.elf.dir/Drivers/STM32F1xx_HAL_Driver/Src/stm32f1xx_hal.c.obj
 .debug_line    0x00002dbe      0x6b3 CMakeFiles/new_template.elf.dir/Drivers/STM32F1xx_HAL_Driver/Src/stm32f1xx_hal_cortex.c.obj
 .debug_line    0x00003471      0xd65 CMakeFiles/new_template.elf.dir/Drivers/STM32F1xx_HAL_Driver/Src/stm32f1xx_hal_dma.c.obj
 .debug_line    0x000041d6      0x671 CMakeFiles/new_template.elf.dir/Drivers/STM32F1xx_HAL_Driver/Src/stm32f1xx_hal_gpio.c.obj
 .debug_line    0x00004847      0xca6 CMakeFiles/new_template.elf.dir/Drivers/STM32F1xx_HAL_Driver/Src/stm32f1xx_hal_rcc.c.obj
 .debug_line    0x000054ed     0x47b7 CMakeFiles/new_template.elf.dir/Drivers/STM32F1xx_HAL_Driver/Src/stm32f1xx_hal_tim.c.obj
 .debug_line    0x00009ca4     0x1c40 CMakeFiles/new_template.elf.dir/Drivers/STM32F1xx_HAL_Driver/Src/stm32f1xx_hal_tim_ex.c.obj
 .debug_line    0x0000b8e4     0x2135 CMakeFiles/new_template.elf.dir/Drivers/STM32F1xx_HAL_Driver/Src/stm32f1xx_hal_uart.c.obj
 .debug_line    0x0000da19       0xb1 CMakeFiles/new_template.elf.dir/startup/startup_stm32f103xe.s.obj

.debug_str      0x00000000     0x42b1
 .debug_str     0x00000000      0x5e7 CMakeFiles/new_template.elf.dir/Core/Src/dma.c.obj
                                0x624 (size before relaxing)
 .debug_str     0x000005e7       0xdb CMakeFiles/new_template.elf.dir/Core/Src/gpio.c.obj
                                0x2dd (size before relaxing)
 .debug_str     0x000006c2      0x5bc CMakeFiles/new_template.elf.dir/Core/Src/main.c.obj
                                0x7fa (size before relaxing)
 .debug_str     0x00000c7e      0x547 CMakeFiles/new_template.elf.dir/Core/Src/retarget.c.obj
                                0xb73 (size before relaxing)
 .debug_str     0x000011c5       0x8b CMakeFiles/new_template.elf.dir/Core/Src/stm32f1xx_hal_msp.c.obj
                                0x27f (size before relaxing)
 .debug_str     0x00001250      0x440 CMakeFiles/new_template.elf.dir/Core/Src/stm32f1xx_it.c.obj
                                0xa02 (size before relaxing)
 .debug_str     0x00001690      0x148 CMakeFiles/new_template.elf.dir/Core/Src/syscalls.c.obj
                                0x463 (size before relaxing)
 .debug_str     0x000017d8       0xaf CMakeFiles/new_template.elf.dir/Core/Src/system_stm32f1xx.c.obj
                                0x2b4 (size before relaxing)
 .debug_str     0x00001887      0x530 CMakeFiles/new_template.elf.dir/Core/Src/tim.c.obj
                               0x10e9 (size before relaxing)
 .debug_str     0x00001db7       0x9e CMakeFiles/new_template.elf.dir/Core/Src/usart.c.obj
                                0xb46 (size before relaxing)